Component: ARM Compiler 5.06 update 1 (build 61) Tool: armlink [4d35a8]

==============================================================================

Section Cross References

    main.o(i.advertising_init) refers to memseta.o(.text) for __aeabi_memclr4
    main.o(i.advertising_init) refers to ble_advertising.o(i.ble_advertising_init) for ble_advertising_init
    main.o(i.advertising_init) refers to app_error.o(i.app_error_handler) for app_error_handler
    main.o(i.advertising_init) refers to main.o(.data) for .data
    main.o(i.advertising_init) refers to main.o(i.on_adv_evt) for on_adv_evt
    main.o(i.assert_nrf_callback) refers to app_error.o(i.app_error_handler) for app_error_handler
    main.o(i.ble_evt_dispatch) refers to ble_conn_params.o(i.ble_conn_params_on_ble_evt) for ble_conn_params_on_ble_evt
    main.o(i.ble_evt_dispatch) refers to ble_nus.o(i.ble_nus_on_ble_evt) for ble_nus_on_ble_evt
    main.o(i.ble_evt_dispatch) refers to main.o(i.on_ble_evt) for on_ble_evt
    main.o(i.ble_evt_dispatch) refers to ble_advertising.o(i.ble_advertising_on_ble_evt) for ble_advertising_on_ble_evt
    main.o(i.ble_evt_dispatch) refers to bsp_btn_ble.o(i.bsp_btn_ble_on_ble_evt) for bsp_btn_ble_on_ble_evt
    main.o(i.ble_evt_dispatch) refers to main.o(.bss) for .bss
    main.o(i.bsp_event_handler) refers to main.o(i.sleep_mode_enter) for sleep_mode_enter
    main.o(i.bsp_event_handler) refers to app_error.o(i.app_error_handler) for app_error_handler
    main.o(i.bsp_event_handler) refers to ble_advertising.o(i.ble_advertising_restart_without_whitelist) for ble_advertising_restart_without_whitelist
    main.o(i.bsp_event_handler) refers to main.o(.data) for .data
    main.o(i.conn_params_error_handler) refers to app_error.o(i.app_error_handler) for app_error_handler
    main.o(i.main) refers to app_timer.o(i.app_timer_init) for app_timer_init
    main.o(i.main) refers to app_error.o(i.app_error_handler) for app_error_handler
    main.o(i.main) refers to app_uart_fifo.o(i.app_uart_init) for app_uart_init
    main.o(i.main) refers to bsp.o(i.bsp_init) for bsp_init
    main.o(i.main) refers to bsp_btn_ble.o(i.bsp_btn_ble_init) for bsp_btn_ble_init
    main.o(i.main) refers to softdevice_handler.o(i.softdevice_handler_init) for softdevice_handler_init
    main.o(i.main) refers to softdevice_handler.o(i.softdevice_ble_evt_handler_set) for softdevice_ble_evt_handler_set
    main.o(i.main) refers to ble_nus.o(i.ble_nus_init) for ble_nus_init
    main.o(i.main) refers to main.o(i.advertising_init) for advertising_init
    main.o(i.main) refers to memseta.o(.text) for __aeabi_memclr4
    main.o(i.main) refers to ble_conn_params.o(i.ble_conn_params_init) for ble_conn_params_init
    main.o(i.main) refers to segger_rtt_printf.o(i.SEGGER_RTT_printf) for SEGGER_RTT_printf
    main.o(i.main) refers to ble_advertising.o(i.ble_advertising_start) for ble_advertising_start
    main.o(i.main) refers to main.o(.bss) for .bss
    main.o(i.main) refers to main.o(.constdata) for .constdata
    main.o(i.main) refers to main.o(i.uart_event_handle) for uart_event_handle
    main.o(i.main) refers to main.o(i.bsp_event_handler) for bsp_event_handler
    main.o(i.main) refers to main.o(i.ble_evt_dispatch) for ble_evt_dispatch
    main.o(i.main) refers to main.o(i.nus_data_handler) for nus_data_handler
    main.o(i.main) refers to main.o(i.on_conn_params_evt) for on_conn_params_evt
    main.o(i.main) refers to main.o(i.conn_params_error_handler) for conn_params_error_handler
    main.o(i.nus_data_handler) refers to app_uart_fifo.o(i.app_uart_put) for app_uart_put
    main.o(i.on_adv_evt) refers to bsp.o(i.bsp_indication_set) for bsp_indication_set
    main.o(i.on_adv_evt) refers to app_error.o(i.app_error_handler) for app_error_handler
    main.o(i.on_adv_evt) refers to main.o(i.sleep_mode_enter) for sleep_mode_enter
    main.o(i.on_ble_evt) refers to app_error.o(i.app_error_handler) for app_error_handler
    main.o(i.on_ble_evt) refers to bsp.o(i.bsp_indication_set) for bsp_indication_set
    main.o(i.on_ble_evt) refers to main.o(.data) for .data
    main.o(i.on_conn_params_evt) refers to app_error.o(i.app_error_handler) for app_error_handler
    main.o(i.on_conn_params_evt) refers to main.o(.data) for .data
    main.o(i.sleep_mode_enter) refers to bsp.o(i.bsp_indication_set) for bsp_indication_set
    main.o(i.sleep_mode_enter) refers to app_error.o(i.app_error_handler) for app_error_handler
    main.o(i.sleep_mode_enter) refers to bsp_btn_ble.o(i.bsp_btn_ble_sleep_mode_prepare) for bsp_btn_ble_sleep_mode_prepare
    main.o(i.uart_event_handle) refers to app_error.o(i.app_error_handler) for app_error_handler
    main.o(i.uart_event_handle) refers to app_uart_fifo.o(i.app_uart_get) for app_uart_get
    main.o(i.uart_event_handle) refers to ble_nus.o(i.ble_nus_string_send) for ble_nus_string_send
    main.o(i.uart_event_handle) refers to main.o(.bss) for .bss
    main.o(i.uart_event_handle) refers to main.o(.data) for .data
[...]
    Removing bsp.o(i.bsp_buttons_disable), (8 bytes).
    Removing bsp.o(i.bsp_buttons_enable), (8 bytes).
    Removing bsp.o(i.bsp_buttons_state_get), (60 bytes).
    Removing bsp.o(i.bsp_indication_text_set), (8 bytes).
    Removing bsp_btn_ble.o(.rev16_text), (4 bytes).
    Removing bsp_btn_ble.o(.revsh_text), (4 bytes).
    Removing arm_startup_nrf51.o(HEAP), (2048 bytes).
    Removing system_nrf51.o(.rev16_text), (4 bytes).
    Removing system_nrf51.o(.revsh_text), (4 bytes).
    Removing system_nrf51.o(i.SystemCoreClockUpdate), (16 bytes).
    Removing ble_advertising.o(.rev16_text), (4 bytes).
    Removing ble_advertising.o(.revsh_text), (4 bytes).
    Removing ble_advertising.o(i.ble_advertising_on_sys_evt), (48 bytes).
    Removing ble_advertising.o(i.ble_advertising_peer_addr_reply), (48 bytes).
    Removing ble_advertising.o(i.ble_advertising_whitelist_reply), (84 bytes).
    Removing ble_conn_params.o(i.ble_conn_params_change_conn_params), (80 bytes).
    Removing ble_conn_params.o(i.ble_conn_params_stop), (16 bytes).
    Removing ble_srv_common.o(i.ble_srv_ascii_to_utf8), (18 bytes).
    Removing ble_srv_common.o(i.ble_srv_report_ref_encode), (12 bytes).
    Removing ble_srv_common.o(i.characteristic_add), (400 bytes).
    Removing ble_srv_common.o(i.descriptor_add), (176 bytes).
    Removing ble_srv_common.o(i.set_security_req), (46 bytes).
    Removing app_uart_fifo.o(.rev16_text), (4 bytes).
    Removing app_uart_fifo.o(.revsh_text), (4 bytes).
    Removing app_uart_fifo.o(i.app_uart_close), (10 bytes).
    Removing app_uart_fifo.o(i.app_uart_flush), (28 bytes).
    Removing nrf_delay.o(.rev16_text), (4 bytes).
    Removing nrf_delay.o(.revsh_text), (4 bytes).
    Removing nrf_delay.o(.emb_text), (30 bytes).
    Removing nrf_delay.o(i.nrf_delay_ms), (28 bytes).
    Removing nrf_drv_common.o(.rev16_text), (4 bytes).
    Removing nrf_drv_common.o(.revsh_text), (4 bytes).
    Removing nrf_drv_gpiote.o(.rev16_text), (4 bytes).
    Removing nrf_drv_gpiote.o(.revsh_text), (4 bytes).
    Removing nrf_drv_gpiote.o(i.nrf_drv_gpiote_in_event_addr_get), (24 bytes).
    Removing nrf_drv_gpiote.o(i.nrf_drv_gpiote_in_event_disable), (72 bytes).
    Removing nrf_drv_gpiote.o(i.nrf_drv_gpiote_in_uninit), (76 bytes).
    Removing nrf_drv_gpiote.o(i.nrf_drv_gpiote_out_clear), (16 bytes).
    Removing nrf_drv_gpiote.o(i.nrf_drv_gpiote_out_init), (152 bytes).
    Removing nrf_drv_gpiote.o(i.nrf_drv_gpiote_out_set), (16 bytes).
    Removing nrf_drv_gpiote.o(i.nrf_drv_gpiote_out_task_addr_get), (20 bytes).
    Removing nrf_drv_gpiote.o(i.nrf_drv_gpiote_out_task_disable), (32 bytes).
    Removing nrf_drv_gpiote.o(i.nrf_drv_gpiote_out_task_enable), (48 bytes).
    Removing nrf_drv_gpiote.o(i.nrf_drv_gpiote_out_task_force), (44 bytes).
    Removing nrf_drv_gpiote.o(i.nrf_drv_gpiote_out_task_trigger), (24 bytes).
    Removing nrf_drv_gpiote.o(i.nrf_drv_gpiote_out_toggle), (28 bytes).
    Removing nrf_drv_gpiote.o(i.nrf_drv_gpiote_out_uninit), (68 bytes).
    Removing nrf_drv_gpiote.o(i.nrf_drv_gpiote_uninit), (56 bytes).
    Removing nrf_drv_gpiote.o(i.nrf_gpio_cfg_default), (18 bytes).
    Removing nrf_drv_uart.o(.rev16_text), (4 bytes).
    Removing nrf_drv_uart.o(.revsh_text), (4 bytes).
    Removing nrf_drv_uart.o(i.nrf_drv_uart_errorsrc_get), (28 bytes).
    Removing nrf_drv_uart.o(i.nrf_drv_uart_rx_abort), (24 bytes).
    Removing nrf_drv_uart.o(i.nrf_drv_uart_rx_disable), (24 bytes).
    Removing nrf_drv_uart.o(i.nrf_drv_uart_tx_abort), (44 bytes).
    Removing nrf_drv_uart.o(i.nrf_drv_uart_uninit), (108 bytes).
    Removing nrf_drv_uart.o(i.nrf_gpio_cfg_default), (18 bytes).
    Removing pstorage.o(.rev16_text), (4 bytes).
    Removing pstorage.o(.revsh_text), (4 bytes).
    Removing pstorage.o(i.app_notify), (44 bytes).
    Removing pstorage.o(i.app_notify_error_state_transit), (32 bytes).
    Removing pstorage.o(i.clear_operation_execute), (260 bytes).
    Removing pstorage.o(i.clear_post_processing_run), (36 bytes).
    Removing pstorage.o(i.cmd_process), (56 bytes).
    Removing pstorage.o(i.cmd_queue_element_init), (32 bytes).
    Removing pstorage.o(i.cmd_queue_enqueue), (76 bytes).
    Removing pstorage.o(i.command_end_procedure_run), (60 bytes).
    Removing pstorage.o(i.data_page_erase_state_run), (84 bytes).
    Removing pstorage.o(i.data_to_swap_write_state_run), (40 bytes).
    Removing pstorage.o(i.flash_api_err_code_process), (32 bytes).
    Removing pstorage.o(i.flash_operation_success_run), (128 bytes).
    Removing pstorage.o(i.flash_page_erase), (10 bytes).
    Removing pstorage.o(i.flash_write), (10 bytes).
    Removing pstorage.o(i.head_restore_state_run), (120 bytes).
    Removing pstorage.o(i.is_page_erase_required), (68 bytes).
    Removing pstorage.o(i.is_word_aligned), (12 bytes).
    Removing pstorage.o(i.main_state_err_busy_process), (24 bytes).
    Removing pstorage.o(i.pstorage_block_identifier_get), (84 bytes).
    Removing pstorage.o(i.pstorage_clear), (164 bytes).
    Removing pstorage.o(i.pstorage_flash_page_end), (36 bytes).
    Removing pstorage.o(i.pstorage_flash_page_size), (10 bytes).
    Removing pstorage.o(i.pstorage_init), (76 bytes).
    Removing pstorage.o(i.pstorage_load), (168 bytes).
    Removing pstorage.o(i.pstorage_register), (188 bytes).
    Removing pstorage.o(i.pstorage_store), (144 bytes).
    Removing pstorage.o(i.pstorage_sys_event_handler), (76 bytes).
    Removing pstorage.o(i.pstorage_update), (144 bytes).
    Removing pstorage.o(i.sm_state_change), (72 bytes).
    Removing pstorage.o(i.state_data_erase_swap_entry_run), (100 bytes).
    Removing pstorage.o(i.state_erase_data_page_entry_run), (16 bytes).
    Removing pstorage.o(i.state_restore_head_entry_run), (40 bytes).
    Removing pstorage.o(i.state_restore_tail_entry_run), (76 bytes).
    Removing pstorage.o(i.state_swap_erase_entry_run), (32 bytes).
    Removing pstorage.o(i.state_write_data_swap_entry_run), (48 bytes).
    Removing pstorage.o(i.store_cmd_flash_write_execute), (92 bytes).
    Removing pstorage.o(i.swap_erase_state_run), (28 bytes).
    Removing pstorage.o(i.swap_sub_state_err_busy_process), (24 bytes).
    Removing pstorage.o(i.swap_sub_state_state_change), (20 bytes).
    Removing pstorage.o(i.tail_restore_state_run), (28 bytes).
    Removing pstorage.o(.constdata), (40 bytes).
    Removing app_button.o(.rev16_text), (4 bytes).
    Removing app_button.o(.revsh_text), (4 bytes).
    Removing app_button.o(i.app_button_disable), (44 bytes).
    Removing app_button.o(i.app_button_is_pushed), (44 bytes).
    Removing app_error.o(.rev16_text), (4 bytes).
    Removing app_error.o(.revsh_text), (4 bytes).
    Removing app_fifo.o(i.app_fifo_flush), (8 bytes).
    Removing app_fifo.o(i.app_fifo_read), (70 bytes).
    Removing app_fifo.o(i.app_fifo_write), (74 bytes).
    Removing app_timer.o(.rev16_text), (4 bytes).
    Removing app_timer.o(.revsh_text), (4 bytes).
    Removing app_timer.o(i.app_timer_cnt_diff_compute), (12 bytes).
    Removing app_timer.o(i.app_timer_cnt_get), (16 bytes).
    Removing app_timer.o(i.app_timer_stop_all), (68 bytes).
    Removing retarget.o(.rev16_text), (4 bytes).
    Removing retarget.o(.revsh_text), (4 bytes).
    Removing retarget.o(i.fgetc), (18 bytes).
    Removing retarget.o(i.fputc), (14 bytes).
    Removing retarget.o(.data), (4 bytes).
    Removing retarget.o(.data), (4 bytes).
    Removing softdevice_handler.o(.rev16_text), (4 bytes).
    Removing softdevice_handler.o(.revsh_text), (4 bytes).
    Removing softdevice_handler.o(i.softdevice_handler_isEnabled), (12 bytes).
    Removing softdevice_handler.o(i.softdevice_handler_sd_disable), (24 bytes).
    Removing softdevice_handler.o(i.softdevice_sys_evt_handler_set), (20 bytes).
    Removing rtt_syscalls_keil.o(i._sys_close), (4 bytes).
    Removing rtt_syscalls_keil.o(i._sys_command_string), (2 bytes).
    Removing rtt_syscalls_keil.o(i._sys_ensure), (6 bytes).
    Removing rtt_syscalls_keil.o(i._sys_exit), (2 bytes).
    Removing rtt_syscalls_keil.o(i._sys_flen), (4 bytes).
    Removing rtt_syscalls_keil.o(i._sys_istty), (16 bytes).
    Removing rtt_syscalls_keil.o(i._sys_open), (52 bytes).
    Removing rtt_syscalls_keil.o(i._sys_read), (4 bytes).
    Removing rtt_syscalls_keil.o(i._sys_seek), (4 bytes).
    Removing rtt_syscalls_keil.o(i._sys_tmpnam), (4 bytes).
    Removing rtt_syscalls_keil.o(i._sys_write), (28 bytes).
    Removing rtt_syscalls_keil.o(i._ttywrch), (20 bytes).
    Removing rtt_syscalls_keil.o(.constdata), (6 bytes).
    Removing rtt_syscalls_keil.o(.constdata), (14 bytes).
    Removing segger_rtt.o(i.SEGGER_RTT_ConfigDownBuffer), (76 bytes).
    Removing segger_rtt.o(i.SEGGER_RTT_ConfigUpBuffer), (76 bytes).
    Removing segger_rtt.o(i.SEGGER_RTT_GetKey), (28 bytes).
    Removing segger_rtt.o(i.SEGGER_RTT_HasData), (20 bytes).
    Removing segger_rtt.o(i.SEGGER_RTT_HasKey), (36 bytes).
    Removing segger_rtt.o(i.SEGGER_RTT_Init), (20 bytes).
    Removing segger_rtt.o(i.SEGGER_RTT_Read), (8 bytes).
    Removing segger_rtt.o(i.SEGGER_RTT_ReadNoLock), (128 bytes).
    Removing segger_rtt.o(i.SEGGER_RTT_SetNameDownBuffer), (48 bytes).
    Removing segger_rtt.o(i.SEGGER_RTT_SetNameUpBuffer), (48 bytes).
    Removing segger_rtt.o(i.SEGGER_RTT_SetTerminal), (104 bytes).
    Removing segger_rtt.o(i.SEGGER_RTT_TerminalOut), (148 bytes).
    Removing segger_rtt.o(i.SEGGER_RTT_WaitKey), (12 bytes).
    Removing segger_rtt.o(i.SEGGER_RTT_WriteSkipNoLock), (108 bytes).
    Removing segger_rtt.o(i.SEGGER_RTT_WriteString), (24 bytes).
    Removing segger_rtt.o(i._PostTerminalSwitch), (32 bytes).
    Removing segger_rtt.o(.data), (17 bytes).

161 unused section(s) (total 8621 bytes) removed from the image.

==============================================================================

Image Symbol Table

    Local Symbols

    Symbol Name                              Value     Ov Type        Size  Object(Section)

    ../clib/microlib/division.c              0x00000000   Number         0  idiv.o ABSOLUTE
    ../clib/microlib/division.c              0x00000000   Number         0  uidiv.o ABSOLUTE
    ../clib/microlib/init/entry.s            0x00000000   Number         0  entry8b.o ABSOLUTE
    ../clib/microlib/init/entry.s            0x00000000   Number         0  entry11b.o ABSOLUTE
    ../clib/microlib/init/entry.s            0x00000000   Number         0  entry11a.o ABSOLUTE
    ../clib/microlib/init/entry.s            0x00000000   Number         0  entry10b.o ABSOLUTE
    ../clib/microlib/init/entry.s            0x00000000   Number         0  entry10a.o ABSOLUTE
    ../clib/microlib/init/entry.s            0x00000000   Number         0  entry9b.o ABSOLUTE
    ../clib/microlib/init/entry.s            0x00000000   Number         0  entry9a.o ABSOLUTE
    ../clib/microlib/init/entry.s            0x00000000   Number         0  entry5.o ABSOLUTE
    ../clib/microlib/init/entry.s            0x00000000   Number         0  entry.o ABSOLUTE
    ../clib/microlib/init/entry.s            0x00000000   Number         0  entry7a.o ABSOLUTE
    ../clib/microlib/init/entry.s            0x00000000   Number         0  entry2.o ABSOLUTE
    ../clib/microlib/init/entry.s            0x00000000   Number         0  entry8a.o ABSOLUTE
    ../clib/microlib/init/entry.s            0x00000000   Number         0  entry7b.o ABSOLUTE
    ../clib/microlib/stdio/fflush.c          0x00000000   Number         0  fflush.o ABSOLUTE
    ../clib/microlib/string/memcpy.c         0x00000000   Number         0  memcpya.o ABSOLUTE
    ../clib/microlib/string/memcpy.c         0x00000000   Number         0  memcpyb.o ABSOLUTE
    ../clib/microlib/string/memset.c         0x00000000   Number         0  memseta.o ABSOLUTE
    ../clib/microlib/string/strcmp.c         0x00000000   Number         0  strcmp.o ABSOLUTE
    ../clib/microlib/string/strcpy.c         0x00000000   Number         0  strcpy.o ABSOLUTE
    ../clib/microlib/string/strlen.c         0x00000000   Number         0  strlen.o ABSOLUTE
    ../clib/microlib/stubs.s                 0x00000000   Number         0  useno.o ABSOLUTE
    ..\..\..\..\..\..\components\ble\ble_advertising\ble_advertising.c 0x00000000   Number         0  ble_advertising.o ABSOLUTE
    ..\..\..\..\..\..\components\ble\ble_services\ble_nus\ble_nus.c 0x00000000   Number         0  ble_nus.o ABSOLUTE
    ..\..\..\..\..\..\components\ble\common\ble_advdata.c 0x00000000   Number         0  ble_advdata.o ABSOLUTE
    ..\..\..\..\..\..\components\ble\common\ble_conn_params.c 0x00000000   Number         0  ble_conn_params.o ABSOLUTE
    ..\..\..\..\..\..\components\ble\common\ble_srv_common.c 0x00000000   Number         0  ble_srv_common.o ABSOLUTE
    ..\..\..\..\..\..\components\drivers_ext\segger_rtt\RTT_Syscalls_KEIL.c 0x00000000   Number         0  rtt_syscalls_keil.o ABSOLUTE
    ..\..\..\..\..\..\components\drivers_ext\segger_rtt\SEGGER_RTT.c 0x00000000   Number         0  segger_rtt.o ABSOLUTE
    ..\..\..\..\..\..\components\drivers_ext\segger_rtt\SEGGER_RTT_printf.c 0x00000000   Number         0  segger_rtt_printf.o ABSOLUTE
    ..\..\..\..\..\..\components\drivers_nrf\common\nrf_drv_common.c 0x00000000   Number         0  nrf_drv_common.o ABSOLUTE
    ..\..\..\..\..\..\components\drivers_nrf\delay\nrf_delay.c 0x00000000   Number         0  nrf_delay.o ABSOLUTE
    ..\..\..\..\..\..\components\drivers_nrf\gpiote\nrf_drv_gpiote.c 0x00000000   Number         0  nrf_drv_gpiote.o ABSOLUTE
    ..\..\..\..\..\..\components\drivers_nrf\pstorage\pstorage.c 0x00000000   Number         0  pstorage.o ABSOLUTE
    ..\..\..\..\..\..\components\drivers_nrf\uart\nrf_drv_uart.c 0x00000000   Number         0  nrf_drv_uart.o ABSOLUTE
    ..\..\..\..\..\..\components\libraries\button\app_button.c 0x00000000   Number         0  app_button.o ABSOLUTE
    ..\..\..\..\..\..\components\libraries\fifo\app_fifo.c 0x00000000   Number         0  app_fifo.o ABSOLUTE
    ..\..\..\..\..\..\components\libraries\timer\app_timer.c 0x00000000   Number         0  app_timer.o ABSOLUTE
    ..\..\..\..\..\..\components\libraries\trace\app_trace.c 0x00000000   Number         0  app_trace.o ABSOLUTE
    ..\..\..\..\..\..\components\libraries\uart\app_uart_fifo.c 0x00000000   Number         0  app_uart_fifo.o ABSOLUTE
    ..\..\..\..\..\..\components\libraries\uart\retarget.c 0x00000000   Number         0  retarget.o ABSOLUTE
    ..\..\..\..\..\..\components\libraries\util\app_error.c 0x00000000   Number         0  app_error.o ABSOLUTE
    ..\..\..\..\..\..\components\libraries\util\nrf_assert.c 0x00000000   Number         0  nrf_assert.o ABSOLUTE
    ..\..\..\..\..\..\components\softdevice\common\softdevice_handler\softdevice_handler.c 0x00000000   Number         0  softdevice_handler.o ABSOLUTE
    ..\..\..\..\..\..\components\toolchain\arm\arm_startup_nrf51.s 0x00000000   Number         0  arm_startup_nrf51.o ABSOLUTE
    ..\..\..\..\..\..\components\toolchain\system_nrf51.c 0x00000000   Number         0  system_nrf51.o ABSOLUTE
    ..\..\..\..\..\bsp\bsp.c                 0x00000000   Number         0  bsp.o ABSOLUTE
    ..\..\..\..\..\bsp\bsp_btn_ble.c         0x00000000   Number         0  bsp_btn_ble.o ABSOLUTE
    ..\..\..\main.c                          0x00000000   Number         0  main.o ABSOLUTE
    ..\\..\\..\\..\\..\\..\\components\\ble\\ble_advertising\\ble_advertising.c 0x00000000   Number         0  ble_advertising.o ABSOLUTE
    ..\\..\\..\\..\\..\\..\\components\\drivers_nrf\\common\\nrf_drv_common.c 0x00000000   Number         0  nrf_drv_common.o ABSOLUTE
    ..\\..\\..\\..\\..\\..\\components\\drivers_nrf\\delay\\nrf_delay.c 0x00000000   Number         0  nrf_delay.o ABSOLUTE
    ..\\..\\..\\..\\..\\..\\components\\drivers_nrf\\gpiote\\nrf_drv_gpiote.c 0x00000000   Number         0  nrf_drv_gpiote.o ABSOLUTE
    ..\\..\\..\\..\\..\\..\\components\\drivers_nrf\\pstorage\\pstorage.c 0x00000000   Number         0  pstorage.o ABSOLUTE
    ..\\..\\..\\..\\..\\..\\components\\drivers_nrf\\uart\\nrf_drv_uart.c 0x00000000   Number         0  nrf_drv_uart.o ABSOLUTE
    ..\\..\\..\\..\\..\\..\\components\\libraries\\button\\app_button.c 0x00000000   Number         0  app_button.o ABSOLUTE
    ..\\..\\..\\..\\..\\..\\components\\libraries\\timer\\app_timer.c 0x00000000   Number         0  app_timer.o ABSOLUTE
    ..\\..\\..\\..\\..\\..\\components\\libraries\\uart\\app_uart_fifo.c 0x00000000   Number         0  app_uart_fifo.o ABSOLUTE
    ..\\..\\..\\..\\..\\..\\components\\libraries\\uart\\retarget.c 0x00000000   Number         0  retarget.o ABSOLUTE
    ..\\..\\..\\..\\..\\..\\components\\libraries\\util\\app_error.c 0x00000000   Number         0  app_error.o ABSOLUTE
    ..\\..\\..\\..\\..\\..\\components\\softdevice\\common\\softdevice_handler\\softdevice_handler.c 0x00000000   Number         0  softdevice_handler.o ABSOLUTE
    ..\\..\\..\\..\\..\\..\\components\\toolchain\\system_nrf51.c 0x00000000   Number         0  system_nrf51.o ABSOLUTE
    ..\\..\\..\\..\\..\\bsp\\bsp.c           0x00000000   Number         0  bsp.o ABSOLUTE
    ..\\..\\..\\..\\..\\bsp\\bsp_btn_ble.c   0x00000000   Number         0  bsp_btn_ble.o ABSOLUTE
    ..\\..\\..\\main.c                       0x00000000   Number         0  main.o ABSOLUTE
    dc.s                                     0x00000000   Number         0  dc.o ABSOLUTE
    handlers.s                               0x00000000   Number         0  handlers.o ABSOLUTE
    init.s                                   0x00000000   Number         0  init.o ABSOLUTE
    RESET                                    0x00018000   Section      192  arm_startup_nrf51.o(RESET)
    .ARM.Collect$$$$00000000                 0x000180c0   Section        0  entry.o(.ARM.Collect$$$$00000000)
    .ARM.Collect$$$$00000001                 0x000180c0   Section        4  entry2.o(.ARM.Collect$$$$00000001)
    .ARM.Collect$$$$00000004                 0x000180c4   Section        4  entry5.o(.ARM.Collect$$$$00000004)
    .ARM.Collect$$$$00000008                 0x000180c8   Section        0  entry7b.o(.ARM.Collect$$$$00000008)
    .ARM.Collect$$$$0000000A                 0x000180c8   Section        0  entry8b.o(.ARM.Collect$$$$0000000A)
    .ARM.Collect$$$$0000000B                 0x000180c8   Section        8  entry9a.o(.ARM.Collect$$$$0000000B)
    .ARM.Collect$$$$0000000D                 0x000180d0   Section        0  entry10a.o(.ARM.Collect$$$$0000000D)
    .ARM.Collect$$$$0000000F                 0x000180d0   Section        0  entry11a.o(.ARM.Collect$$$$0000000F)
    .ARM.Collect$$$$00002712                 0x000180d0   Section        4  entry2.o(.ARM.Collect$$$$00002712)
    __lit__00000000                          0x000180d0   Data           4  entry2.o(.ARM.Collect$$$$00002712)
    .emb_text                                0x000180d4   Section       30  app_timer.o(.emb_text)
    .text                                    0x000180f4   Section       56  arm_startup_nrf51.o(.text)
    .text                                    0x0001812c   Section        0  uidiv.o(.text)
    .text                                    0x00018158   Section        0  idiv.o(.text)
    .text                                    0x00018180   Section        0  memcpya.o(.text)
    .text                                    0x000181a4   Section        0  memseta.o(.text)
    .text                                    0x000181c8   Section        0  strcpy.o(.text)
    .text                                    0x000181dc   Section       36  init.o(.text)
    i.GPIOTE_IRQHandler                      0x00018200   Section        0  nrf_drv_gpiote.o(i.GPIOTE_IRQHandler)
    i.NVIC_SetPriority                       0x00018308   Section        0  app_timer.o(i.NVIC_SetPriority)
    NVIC_SetPriority                         0x00018309   Thumb Code    60  app_timer.o(i.NVIC_SetPriority)
    i.RTC1_IRQHandler                        0x0001834c   Section        0  app_timer.o(i.RTC1_IRQHandler)
    i.SEGGER_RTT_Write                       0x0001836c   Section        0  segger_rtt.o(i.SEGGER_RTT_Write)
    i.SEGGER_RTT_WriteNoLock                 0x00018390   Section        0  segger_rtt.o(i.SEGGER_RTT_WriteNoLock)
    i.SEGGER_RTT_printf                      0x000183ec   Section        0  segger_rtt_printf.o(i.SEGGER_RTT_printf)
    i.SEGGER_RTT_vprintf                     0x00018404   Section        0  segger_rtt_printf.o(i.SEGGER_RTT_vprintf)
    i.SWI0_IRQHandler                        0x00018598   Section        0  app_timer.o(i.SWI0_IRQHandler)
    i.SWI2_IRQHandler                        0x000185a0   Section        0  softdevice_handler.o(i.SWI2_IRQHandler)
    i.SystemInit                             0x000185c4   Section        0  system_nrf51.o(i.SystemInit)
    i.UART0_IRQHandler                       0x00018618   Section        0  nrf_drv_uart.o(i.UART0_IRQHandler)
    i._DoInit                                0x0001871c   Section        0  segger_rtt.o(i._DoInit)
    _DoInit                                  0x0001871d   Thumb Code    74  segger_rtt.o(i._DoInit)
    i._GetAvailWriteSpace                    0x00018788   Section        0  segger_rtt.o(i._GetAvailWriteSpace)
    _GetAvailWriteSpace                      0x00018789   Thumb Code    22  segger_rtt.o(i._GetAvailWriteSpace)
    i._PrintInt                              0x0001879e   Section        0  segger_rtt_printf.o(i._PrintInt)
    _PrintInt                                0x0001879f   Thumb Code   200  segger_rtt_printf.o(i._PrintInt)
    i._PrintUnsigned                         0x00018868   Section        0  segger_rtt_printf.o(i._PrintUnsigned)
    _PrintUnsigned                           0x00018869   Thumb Code   210  segger_rtt_printf.o(i._PrintUnsigned)
    i._StoreChar                             0x00018940   Section        0  segger_rtt_printf.o(i._StoreChar)
    _StoreChar                               0x00018941   Thumb Code    62  segger_rtt_printf.o(i._StoreChar)
    i._WriteBlocking                         0x0001897e   Section        0  segger_rtt.o(i._WriteBlocking)
    _WriteBlocking                           0x0001897f   Thumb Code    96  segger_rtt.o(i._WriteBlocking)
    i._WriteNoCheck                          0x000189de   Section        0  segger_rtt.o(i._WriteNoCheck)
    _WriteNoCheck                            0x000189df   Thumb Code    60  segger_rtt.o(i._WriteNoCheck)
    i.__ARM_common_switch8                   0x00018a1a   Section        0  bsp.o(i.__ARM_common_switch8)
    i.__scatterload_copy                     0x00018a34   Section       14  handlers.o(i.__scatterload_copy)
    i.__scatterload_null                     0x00018a42   Section        2  handlers.o(i.__scatterload_null)
    i.__scatterload_zeroinit                 0x00018a44   Section       14  handlers.o(i.__scatterload_zeroinit)
    i.adv_data_encode                        0x00018a52   Section        0  ble_advdata.o(i.adv_data_encode)
    i.advertising_buttons_configure          0x00018c68   Section        0  bsp_btn_ble.o(i.advertising_buttons_configure)
    advertising_buttons_configure            0x00018c69   Thumb Code    78  bsp_btn_ble.o(i.advertising_buttons_configure)
    i.advertising_init                       0x00018cb8   Section        0  main.o(i.advertising_init)
    advertising_init                         0x00018cb9   Thumb Code    94  main.o(i.advertising_init)
    i.alert_timer_handler                    0x00018d20   Section        0  bsp.o(i.alert_timer_handler)
    alert_timer_handler                      0x00018d21   Thumb Code    20  bsp.o(i.alert_timer_handler)
    i.app_button_enable                      0x00018d38   Section        0  app_button.o(i.app_button_enable)
    i.app_button_init                        0x00018d5c   Section        0  app_button.o(i.app_button_init)
    i.app_error_handler                      0x00018dd0   Section        0  app_error.o(i.app_error_handler)
    i.app_fifo_get                           0x00018de8   Section        0  app_fifo.o(i.app_fifo_get)
    i.app_fifo_init                          0x00018dfe   Section        0  app_fifo.o(i.app_fifo_init)
    i.app_fifo_put                           0x00018e22   Section        0  app_fifo.o(i.app_fifo_put)
    i.app_timer_create                       0x00018e3c   Section        0  app_timer.o(i.app_timer_create)
    i.app_timer_init                         0x00018e68   Section        0  app_timer.o(i.app_timer_init)
    i.app_timer_start                        0x00018ef8   Section        0  app_timer.o(i.app_timer_start)
    i.app_timer_stop                         0x00018f74   Section        0  app_timer.o(i.app_timer_stop)
    i.app_uart_get                           0x00018fc8   Section        0  app_uart_fifo.o(i.app_uart_get)
    i.app_uart_init                          0x00018ffc   Section        0  app_uart_fifo.o(i.app_uart_init)
    i.app_uart_put                           0x0001909c   Section        0  app_uart_fifo.o(i.app_uart_put)
    i.ble_advdata_set                        0x000190c4   Section        0  ble_advdata.o(i.ble_advdata_set)
    i.ble_advertising_init                   0x0001912c   Section        0  ble_advertising.o(i.ble_advertising_init)
    i.ble_advertising_on_ble_evt             0x00019250   Section        0  ble_advertising.o(i.ble_advertising_on_ble_evt)
    i.ble_advertising_peer_address_clear     0x000192c4   Section        0  ble_advertising.o(i.ble_advertising_peer_address_clear)
    ble_advertising_peer_address_clear       0x000192c5   Thumb Code    12  ble_advertising.o(i.ble_advertising_peer_address_clear)
    i.ble_advertising_restart_without_whitelist 0x000192d4   Section        0  ble_advertising.o(i.ble_advertising_restart_without_whitelist)
    i.ble_advertising_start                  0x00019314   Section        0  ble_advertising.o(i.ble_advertising_start)
    i.ble_conn_params_init                   0x000194f4   Section        0  ble_conn_params.o(i.ble_conn_params_init)
    i.ble_conn_params_on_ble_evt             0x00019548   Section        0  ble_conn_params.o(i.ble_conn_params_on_ble_evt)
    i.ble_device_addr_encode                 0x000195d8   Section        0  ble_advdata.o(i.ble_device_addr_encode)
    ble_device_addr_encode                   0x000195d9   Thumb Code    94  ble_advdata.o(i.ble_device_addr_encode)
    i.ble_evt_dispatch                       0x00019638   Section        0  main.o(i.ble_evt_dispatch)
    ble_evt_dispatch                         0x00019639   Thumb Code    36  main.o(i.ble_evt_dispatch)
    i.ble_nus_init                           0x00019660   Section        0  ble_nus.o(i.ble_nus_init)
    i.ble_nus_on_ble_evt                     0x000196c8   Section        0  ble_nus.o(i.ble_nus_on_ble_evt)
    i.ble_nus_string_send                    0x00019720   Section        0  ble_nus.o(i.ble_nus_string_send)
    i.bsp_btn_ble_init                       0x00019774   Section        0  bsp_btn_ble.o(i.bsp_btn_ble_init)
    i.bsp_btn_ble_on_ble_evt                 0x000197c8   Section        0  bsp_btn_ble.o(i.bsp_btn_ble_on_ble_evt)
    i.bsp_btn_ble_sleep_mode_prepare         0x00019850   Section        0  bsp_btn_ble.o(i.bsp_btn_ble_sleep_mode_prepare)
    i.bsp_button_event_handler               0x00019864   Section        0  bsp.o(i.bsp_button_event_handler)
    bsp_button_event_handler                 0x00019865   Thumb Code   154  bsp.o(i.bsp_button_event_handler)
    i.bsp_button_is_pressed                  0x00019908   Section        0  bsp.o(i.bsp_button_is_pressed)
    i.bsp_event_handler                      0x00019934   Section        0  main.o(i.bsp_event_handler)
    i.bsp_event_to_button_action_assign      0x00019970   Section        0  bsp.o(i.bsp_event_to_button_action_assign)
    i.bsp_indication_set                     0x000199b8   Section        0  bsp.o(i.bsp_indication_set)
    i.bsp_init                               0x000199d4   Section        0  bsp.o(i.bsp_init)
    i.bsp_led_indication                     0x00019a74   Section        0  bsp.o(i.bsp_led_indication)
    bsp_led_indication                       0x00019a75   Thumb Code   442  bsp.o(i.bsp_led_indication)
    i.bsp_wakeup_buttons_set                 0x00019c3c   Section        0  bsp.o(i.bsp_wakeup_buttons_set)
    i.button_timer_handler                   0x00019c78   Section        0  bsp.o(i.button_timer_handler)
    button_timer_handler                     0x00019c79   Thumb Code    12  bsp.o(i.button_timer_handler)
    i.channel_free                           0x00019c84   Section        0  nrf_drv_gpiote.o(i.channel_free)
    channel_free                             0x00019c85   Thumb Code    22  nrf_drv_gpiote.o(i.channel_free)
    i.channel_port_alloc                     0x00019ca0   Section        0  nrf_drv_gpiote.o(i.channel_port_alloc)
    channel_port_alloc                       0x00019ca1   Thumb Code    66  nrf_drv_gpiote.o(i.channel_port_alloc)
    i.channel_port_get                       0x00019ce8   Section        0  nrf_drv_gpiote.o(i.channel_port_get)
    channel_port_get                         0x00019ce9   Thumb Code    10  nrf_drv_gpiote.o(i.channel_port_get)
    i.compare_reg_update                     0x00019cf8   Section        0  app_timer.o(i.compare_reg_update)
    compare_reg_update                       0x00019cf9   Thumb Code   142  app_timer.o(i.compare_reg_update)
    i.conn_int_encode                        0x00019da0   Section        0  ble_advdata.o(i.conn_int_encode)
    conn_int_encode                          0x00019da1   Thumb Code   130  ble_advdata.o(i.conn_int_encode)
    i.conn_params_error_handler              0x00019e28   Section        0  main.o(i.conn_params_error_handler)
    conn_params_error_handler                0x00019e29   Thumb Code    12  main.o(i.conn_params_error_handler)
    i.conn_params_negotiation                0x00019e34   Section        0  ble_conn_params.o(i.conn_params_negotiation)
    conn_params_negotiation                  0x00019e35   Thumb Code    92  ble_conn_params.o(i.conn_params_negotiation)
    i.detection_delay_timeout_handler        0x00019e9c   Section        0  app_button.o(i.detection_delay_timeout_handler)
    detection_delay_timeout_handler          0x00019e9d   Thumb Code    90  app_button.o(i.detection_delay_timeout_handler)
    i.elapsed_ticks_acquire                  0x00019efc   Section        0  app_timer.o(i.elapsed_ticks_acquire)
    elapsed_ticks_acquire                    0x00019efd   Thumb Code    58  app_timer.o(i.elapsed_ticks_acquire)
    i.fifo_get                               0x00019f3c   Section        0  app_fifo.o(i.fifo_get)
    fifo_get                                 0x00019f3d   Thumb Code    20  app_fifo.o(i.fifo_get)
    i.fifo_put                               0x00019f50   Section        0  app_fifo.o(i.fifo_put)
    fifo_put                                 0x00019f51   Thumb Code    18  app_fifo.o(i.fifo_put)
    i.gpiote_event_handler                   0x00019f64   Section        0  app_button.o(i.gpiote_event_handler)
    gpiote_event_handler                     0x00019f65   Thumb Code    72  app_button.o(i.gpiote_event_handler)
    i.intern_softdevice_events_execute       0x00019fb4   Section        0  softdevice_handler.o(i.intern_softdevice_events_execute)
    i.is_conn_params_ok                      0x0001a034   Section        0  ble_conn_params.o(i.is_conn_params_ok)
    is_conn_params_ok                        0x0001a035   Thumb Code    24  ble_conn_params.o(i.is_conn_params_ok)
    i.is_manual_peripheral_setup_needed      0x0001a050   Section        0  system_nrf51.o(i.is_manual_peripheral_setup_needed)
    is_manual_peripheral_setup_needed        0x0001a051   Thumb Code    66  system_nrf51.o(i.is_manual_peripheral_setup_needed)
    i.le_role_encode                         0x0001a098   Section        0  ble_advdata.o(i.le_role_encode)
    le_role_encode                           0x0001a099   Thumb Code    84  ble_advdata.o(i.le_role_encode)
    i.leds_timer_handler                     0x0001a0ec   Section        0  bsp.o(i.leds_timer_handler)
    leds_timer_handler                       0x0001a0ed   Thumb Code    18  bsp.o(i.leds_timer_handler)
    i.list_deletions_handler                 0x0001a104   Section        0  app_timer.o(i.list_deletions_handler)
    list_deletions_handler                   0x0001a105   Thumb Code   180  app_timer.o(i.list_deletions_handler)
    i.list_insertions_handler                0x0001a1c0   Section        0  app_timer.o(i.list_insertions_handler)
    list_insertions_handler                  0x0001a1c1   Thumb Code   202  app_timer.o(i.list_insertions_handler)
    i.main                                   0x0001a294   Section        0  main.o(i.main)
    i.manuf_specific_data_encode             0x0001a468   Section        0  ble_advdata.o(i.manuf_specific_data_encode)
    manuf_specific_data_encode               0x0001a469   Thumb Code   104  ble_advdata.o(i.manuf_specific_data_encode)
    i.name_encode                            0x0001a4d0   Section        0  ble_advdata.o(i.name_encode)
    name_encode                              0x0001a4d1   Thumb Code   158  ble_advdata.o(i.name_encode)
    i.nrf_drv_common_irq_enable              0x0001a570   Section        0  nrf_drv_common.o(i.nrf_drv_common_irq_enable)
    i.nrf_drv_gpiote_in_event_enable         0x0001a5d0   Section        0  nrf_drv_gpiote.o(i.nrf_drv_gpiote_in_event_enable)
    i.nrf_drv_gpiote_in_init                 0x0001a670   Section        0  nrf_drv_gpiote.o(i.nrf_drv_gpiote_in_init)
    i.nrf_drv_gpiote_in_is_set               0x0001a714   Section        0  nrf_drv_gpiote.o(i.nrf_drv_gpiote_in_is_set)
    i.nrf_drv_gpiote_init                    0x0001a728   Section        0  nrf_drv_gpiote.o(i.nrf_drv_gpiote_init)
    i.nrf_drv_gpiote_is_init                 0x0001a77c   Section        0  nrf_drv_gpiote.o(i.nrf_drv_gpiote_is_init)
    i.nrf_drv_uart_init                      0x0001a78c   Section        0  nrf_drv_uart.o(i.nrf_drv_uart_init)
    i.nrf_drv_uart_rx                        0x0001a83c   Section        0  nrf_drv_uart.o(i.nrf_drv_uart_rx)
    i.nrf_drv_uart_rx_enable                 0x0001a8f0   Section        0  nrf_drv_uart.o(i.nrf_drv_uart_rx_enable)
    i.nrf_drv_uart_tx                        0x0001a908   Section        0  nrf_drv_uart.o(i.nrf_drv_uart_tx)
    i.nrf_gpio_cfg                           0x0001a994   Section        0  nrf_drv_gpiote.o(i.nrf_gpio_cfg)
    nrf_gpio_cfg                             0x0001a995   Thumb Code    32  nrf_drv_gpiote.o(i.nrf_gpio_cfg)
    i.nrf_gpio_cfg                           0x0001a9b8   Section        0  nrf_drv_uart.o(i.nrf_gpio_cfg)
    nrf_gpio_cfg                             0x0001a9b9   Thumb Code    32  nrf_drv_uart.o(i.nrf_gpio_cfg)
    i.nrf_gpio_cfg_input                     0x0001a9dc   Section        0  nrf_drv_uart.o(i.nrf_gpio_cfg_input)
    nrf_gpio_cfg_input                       0x0001a9dd   Thumb Code    18  nrf_drv_uart.o(i.nrf_gpio_cfg_input)
    i.nrf_gpio_cfg_output                    0x0001a9ee   Section        0  nrf_drv_uart.o(i.nrf_gpio_cfg_output)
    nrf_gpio_cfg_output                      0x0001a9ef   Thumb Code    20  nrf_drv_uart.o(i.nrf_gpio_cfg_output)
    i.nrf_gpio_cfg_sense_set                 0x0001aa04   Section        0  nrf_drv_gpiote.o(i.nrf_gpio_cfg_sense_set)
    nrf_gpio_cfg_sense_set                   0x0001aa05   Thumb Code    26  nrf_drv_gpiote.o(i.nrf_gpio_cfg_sense_set)
    i.nrf_gpiote_event_is_set                0x0001aa24   Section        0  nrf_drv_gpiote.o(i.nrf_gpiote_event_is_set)
    nrf_gpiote_event_is_set                  0x0001aa25   Thumb Code    14  nrf_drv_gpiote.o(i.nrf_gpiote_event_is_set)
    i.nrf_uart_event_check                   0x0001aa38   Section        0  nrf_drv_uart.o(i.nrf_uart_event_check)
    nrf_uart_event_check                     0x0001aa39   Thumb Code    10  nrf_drv_uart.o(i.nrf_uart_event_check)
    i.nrf_uart_int_enable_check              0x0001aa42   Section        0  nrf_drv_uart.o(i.nrf_uart_int_enable_check)
    nrf_uart_int_enable_check                0x0001aa43   Thumb Code    16  nrf_drv_uart.o(i.nrf_uart_int_enable_check)
    i.nus_data_handler                       0x0001aa52   Section        0  main.o(i.nus_data_handler)
    nus_data_handler                         0x0001aa53   Thumb Code    38  main.o(i.nus_data_handler)
    i.on_adv_evt                             0x0001aa78   Section        0  main.o(i.on_adv_evt)
    on_adv_evt                               0x0001aa79   Thumb Code    36  main.o(i.on_adv_evt)
    i.on_ble_evt                             0x0001aa9c   Section        0  main.o(i.on_ble_evt)
    on_ble_evt                               0x0001aa9d   Thumb Code   108  main.o(i.on_ble_evt)
    i.on_conn_params_evt                     0x0001ab0c   Section        0  main.o(i.on_conn_params_evt)
    on_conn_params_evt                       0x0001ab0d   Thumb Code    30  main.o(i.on_conn_params_evt)
    i.peer_address_exists                    0x0001ab30   Section        0  ble_advertising.o(i.peer_address_exists)
    peer_address_exists                      0x0001ab31   Thumb Code    22  ble_advertising.o(i.peer_address_exists)
    i.pin_in_use_by_port                     0x0001ab48   Section        0  nrf_drv_gpiote.o(i.pin_in_use_by_port)
    pin_in_use_by_port                       0x0001ab49   Thumb Code    20  nrf_drv_gpiote.o(i.pin_in_use_by_port)
    i.pin_in_use_by_te                       0x0001ab60   Section        0  nrf_drv_gpiote.o(i.pin_in_use_by_te)
    pin_in_use_by_te                         0x0001ab61   Thumb Code    20  nrf_drv_gpiote.o(i.pin_in_use_by_te)
    i.pstorage_access_status_get             0x0001ab78   Section        0  pstorage.o(i.pstorage_access_status_get)
    i.rtc1_stop                              0x0001aba0   Section        0  app_timer.o(i.rtc1_stop)
    rtc1_stop                                0x0001aba1   Thumb Code    50  app_timer.o(i.rtc1_stop)
    i.rx_byte                                0x0001abe4   Section        0  nrf_drv_uart.o(i.rx_byte)
    rx_byte                                  0x0001abe5   Thumb Code    30  nrf_drv_uart.o(i.rx_byte)
    i.rx_char_add                            0x0001ac10   Section        0  ble_nus.o(i.rx_char_add)
    rx_char_add                              0x0001ac11   Thumb Code   158  ble_nus.o(i.rx_char_add)
    i.rx_done_event                          0x0001acb0   Section        0  nrf_drv_uart.o(i.rx_done_event)
    rx_done_event                            0x0001acb1   Thumb Code    28  nrf_drv_uart.o(i.rx_done_event)
    i.rx_enable                              0x0001acd0   Section        0  nrf_drv_uart.o(i.rx_enable)
    rx_enable                                0x0001acd1   Thumb Code    22  nrf_drv_uart.o(i.rx_enable)
    i.service_data_encode                    0x0001acec   Section        0  ble_advdata.o(i.service_data_encode)
    service_data_encode                      0x0001aced   Thumb Code   142  ble_advdata.o(i.service_data_encode)
    i.sleep_mode_enter                       0x0001ad7a   Section        0  main.o(i.sleep_mode_enter)
    sleep_mode_enter                         0x0001ad7b   Thumb Code    52  main.o(i.sleep_mode_enter)
    i.softdevice_assertion_handler           0x0001adae   Section        0  softdevice_handler.o(i.softdevice_assertion_handler)
    i.softdevice_ble_evt_handler_set         0x0001adbc   Section        0  softdevice_handler.o(i.softdevice_ble_evt_handler_set)
    i.softdevice_handler_init                0x0001add0   Section        0  softdevice_handler.o(i.softdevice_handler_init)
    i.timer_list_handler                     0x0001ae00   Section        0  app_timer.o(i.timer_list_handler)
    timer_list_handler                       0x0001ae01   Thumb Code   128  app_timer.o(i.timer_list_handler)
    i.timer_list_handler_sched               0x0001ae84   Section        0  app_timer.o(i.timer_list_handler_sched)
    timer_list_handler_sched                 0x0001ae85   Thumb Code    10  app_timer.o(i.timer_list_handler_sched)
    i.timer_list_insert                      0x0001ae94   Section        0  app_timer.o(i.timer_list_insert)
    timer_list_insert                        0x0001ae95   Thumb Code    60  app_timer.o(i.timer_list_insert)
    i.timer_timeouts_check                   0x0001aed4   Section        0  app_timer.o(i.timer_timeouts_check)
    timer_timeouts_check                     0x0001aed5   Thumb Code   122  app_timer.o(i.timer_timeouts_check)
    i.tx_byte                                0x0001af58   Section        0  nrf_drv_uart.o(i.tx_byte)
    tx_byte                                  0x0001af59   Thumb Code    30  nrf_drv_uart.o(i.tx_byte)
    i.tx_char_add                            0x0001af84   Section        0  ble_nus.o(i.tx_char_add)
    tx_char_add                              0x0001af85   Thumb Code   128  ble_nus.o(i.tx_char_add)
    i.tx_done_event                          0x0001b004   Section        0  nrf_drv_uart.o(i.tx_done_event)
    tx_done_event                            0x0001b005   Thumb Code    26  nrf_drv_uart.o(i.tx_done_event)
    i.uart_event_handle                      0x0001b024   Section        0  main.o(i.uart_event_handle)
    i.uart_event_handler                     0x0001b08c   Section        0  app_uart_fifo.o(i.uart_event_handler)
    uart_event_handler                       0x0001b08d   Thumb Code   156  app_uart_fifo.o(i.uart_event_handler)
    i.uint16_encode                          0x0001b130   Section        0  ble_advdata.o(i.uint16_encode)
    uint16_encode                            0x0001b131   Thumb Code    10  ble_advdata.o(i.uint16_encode)
    i.update_timeout_handler                 0x0001b13c   Section        0  ble_conn_params.o(i.update_timeout_handler)
    update_timeout_handler                   0x0001b13d   Thumb Code    86  ble_conn_params.o(i.update_timeout_handler)
    i.user_id_get                            0x0001b1a0   Section        0  app_timer.o(i.user_id_get)
    user_id_get                              0x0001b1a1   Thumb Code    74  app_timer.o(i.user_id_get)
    i.user_op_alloc                          0x0001b1f4   Section        0  app_timer.o(i.user_op_alloc)
    user_op_alloc                            0x0001b1f5   Thumb Code    38  app_timer.o(i.user_op_alloc)
    i.uuid_list_encode                       0x0001b21a   Section        0  ble_advdata.o(i.uuid_list_encode)
    uuid_list_encode                         0x0001b21b   Thumb Code    48  ble_advdata.o(i.uuid_list_encode)
    i.uuid_list_sized_encode                 0x0001b24a   Section        0  ble_advdata.o(i.uuid_list_sized_encode)
    uuid_list_sized_encode                   0x0001b24b   Thumb Code   174  ble_advdata.o(i.uuid_list_sized_encode)
    i.whitelist_has_entries                  0x0001b2f8   Section        0  ble_advertising.o(i.whitelist_has_entries)
    whitelist_has_entries                    0x0001b2f9   Thumb Code    16  ble_advertising.o(i.whitelist_has_entries)
    .constdata                               0x0001b308   Section       12  main.o(.constdata)
    .constdata                               0x0001b314   Section       36  bsp.o(.constdata)
    m_leds_timer_id                          0x0001b314   Data           4  bsp.o(.constdata)
    m_alert_timer_id                         0x0001b318   Data           4  bsp.o(.constdata)
    m_button_timer_id                        0x0001b31c   Data           4  bsp.o(.constdata)
    m_buttons_list                           0x0001b320   Data           8  bsp.o(.constdata)
    app_buttons                              0x0001b328   Data          16  bsp.o(.constdata)
    .constdata                               0x0001b338   Section        4  ble_conn_params.o(.constdata)
    m_conn_params_timer_id                   0x0001b338   Data           4  ble_conn_params.o(.constdata)
    .constdata                               0x0001b33c   Section       16  ble_nus.o(.constdata)
    .constdata                               0x0001b34c   Section       32  app_uart_fifo.o(.constdata)
    .constdata                               0x0001b36c   Section       32  nrf_drv_uart.o(.constdata)
    m_default_config                         0x0001b36c   Data          32  nrf_drv_uart.o(.constdata)
    .constdata                               0x0001b38c   Section        8  app_button.o(.constdata)
    m_detection_delay_timer_id               0x0001b38c   Data           4  app_button.o(.constdata)
    .constdata                               0x0001b394   Section       16  segger_rtt_printf.o(.constdata)
    _aV2C                                    0x0001b394   Data          16  segger_rtt_printf.o(.constdata)
    .data                                    0x20002000   Section        8  main.o(.data)
    index                                    0x20002000   Data           1  main.o(.data)
    m_conn_handle                            0x20002002   Data           2  main.o(.data)
    m_adv_uuids                              0x20002004   Data           4  main.o(.data)
    .data                                    0x20002008   Section       26  bsp.o(.data)
    m_stable_state                           0x20002008   Data           1  bsp.o(.data)
    current_long_push_pin_no                 0x20002009   Data           1  bsp.o(.data)
    release_event_at_push                    0x2000200a   Data           2  bsp.o(.data)
    m_app_ticks_per_100ms                    0x2000200c   Data           4  bsp.o(.data)
    m_indication_type                        0x20002010   Data           4  bsp.o(.data)
    m_alert_mask                             0x20002014   Data           4  bsp.o(.data)
    m_registered_callback                    0x20002018   Data           4  bsp.o(.data)
    m_events_list                            0x2000201c   Data           6  bsp.o(.data)
    .data                                    0x20002024   Section        8  bsp_btn_ble.o(.data)
    m_error_handler                          0x20002024   Data           4  bsp_btn_ble.o(.data)
    m_num_connections                        0x20002028   Data           4  bsp_btn_ble.o(.data)
    .data                                    0x2000202c   Section        4  system_nrf51.o(.data)
    __tagsym$$used                           0x2000202c   Number         0  system_nrf51.o(.data)
    .data                                    0x20002030   Section       31  ble_advertising.o(.data)
    m_advertising_start_pending              0x20002030   Data           1  ble_advertising.o(.data)
    m_whitelist_temporarily_disabled         0x20002031   Data           1  ble_advertising.o(.data)
    m_whitelist_reply_expected               0x20002032   Data           1  ble_advertising.o(.data)
    m_peer_addr_reply_expected               0x20002033   Data           1  ble_advertising.o(.data)
    m_adv_evt                                0x20002034   Data           1  ble_advertising.o(.data)
    m_adv_mode_current                       0x20002035   Data           1  ble_advertising.o(.data)
    m_tx_power_level                         0x20002036   Data           1  ble_advertising.o(.data)
    current_slave_link_conn_handle           0x20002038   Data           2  ble_advertising.o(.data)
    m_evt_handler                            0x2000203c   Data           4  ble_advertising.o(.data)
    m_error_handler                          0x20002040   Data           4  ble_advertising.o(.data)
    m_slave_conn_int                         0x20002044   Data           4  ble_advertising.o(.data)
    m_peer_address                           0x20002048   Data           7  ble_advertising.o(.data)
    .data                                    0x20002050   Section       20  ble_conn_params.o(.data)
    m_change_param                           0x20002050   Data           1  ble_conn_params.o(.data)
    m_update_count                           0x20002051   Data           1  ble_conn_params.o(.data)
    m_conn_handle                            0x20002052   Data           2  ble_conn_params.o(.data)
    m_preferred_conn_params                  0x20002054   Data           8  ble_conn_params.o(.data)
    m_current_conn_params                    0x2000205c   Data           8  ble_conn_params.o(.data)
    .data                                    0x20002064   Section        8  app_uart_fifo.o(.data)
    tx_buffer                                0x20002064   Data           1  app_uart_fifo.o(.data)
    tx_tmp                                   0x20002065   Data           1  app_uart_fifo.o(.data)
    rx_buffer                                0x20002066   Data           1  app_uart_fifo.o(.data)
    m_event_handler                          0x20002068   Data           4  app_uart_fifo.o(.data)
    .data                                    0x2000206c   Section       36  pstorage.o(.data)
    m_state                                  0x2000206c   Data           1  pstorage.o(.data)
    m_swap_sub_state                         0x2000206d   Data           1  pstorage.o(.data)
    m_next_app_instance                      0x2000206e   Data           2  pstorage.o(.data)
    m_flags                                  0x20002070   Data           4  pstorage.o(.data)
    m_next_page_addr                         0x20002074   Data           4  pstorage.o(.data)
    m_head_word_size                         0x20002078   Data           4  pstorage.o(.data)
    m_tail_word_size                         0x2000207c   Data           4  pstorage.o(.data)
    m_current_page_id                        0x20002080   Data           4  pstorage.o(.data)
    m_num_of_command_retries                 0x20002084   Data           4  pstorage.o(.data)
    m_num_of_bytes_written                   0x20002088   Data           4  pstorage.o(.data)
    m_app_data_size                          0x2000208c   Data           4  pstorage.o(.data)
    .data                                    0x20002090   Section       20  app_button.o(.data)
    m_button_count                           0x20002090   Data           1  app_button.o(.data)
    mp_buttons                               0x20002094   Data           4  app_button.o(.data)
    m_detection_delay                        0x20002098   Data           4  app_button.o(.data)
    m_pin_state                              0x2000209c   Data           4  app_button.o(.data)
    m_pin_transition                         0x200020a0   Data           4  app_button.o(.data)
    .data                                    0x200020a4   Section       32  app_timer.o(.data)
    m_user_array_size                        0x200020a4   Data           1  app_timer.o(.data)
    m_ticks_elapsed_q_read_ind               0x200020a5   Data           1  app_timer.o(.data)
    m_ticks_elapsed_q_write_ind              0x200020a6   Data           1  app_timer.o(.data)
    m_rtc1_running                           0x200020a7   Data           1  app_timer.o(.data)
    m_rtc1_reset                             0x200020a8   Data           1  app_timer.o(.data)
    mp_users                                 0x200020ac   Data           4  app_timer.o(.data)
    mp_timer_id_head                         0x200020b0   Data           4  app_timer.o(.data)
    m_ticks_latest                           0x200020b4   Data           4  app_timer.o(.data)
    m_evt_schedule_func                      0x200020b8   Data           4  app_timer.o(.data)
    m_ticks_elapsed                          0x200020bc   Data           8  app_timer.o(.data)
    .data                                    0x200020c4   Section       20  softdevice_handler.o(.data)
    m_softdevice_enabled                     0x200020c4   Data           1  softdevice_handler.o(.data)
    m_ble_evt_buffer_size                    0x200020c6   Data           2  softdevice_handler.o(.data)
    m_evt_schedule_func                      0x200020c8   Data           4  softdevice_handler.o(.data)
    mp_ble_evt_buffer                        0x200020cc   Data           4  softdevice_handler.o(.data)
    m_ble_evt_handler                        0x200020d0   Data           4  softdevice_handler.o(.data)
    m_sys_evt_handler                        0x200020d4   Data           4  softdevice_handler.o(.data)
    .bss                                     0x200020d8   Section     1088  main.o(.bss)
    BLE_EVT_BUFFER                           0x200020d8   Data          72  main.o(.bss)
    data_array                               0x20002120   Data          20  main.o(.bss)
    rx_buf                                   0x20002134   Data         256  main.o(.bss)
    tx_buf                                   0x20002234   Data         256  main.o(.bss)
    APP_TIMER_BUF                            0x20002334   Data         456  main.o(.bss)
    m_nus                                    0x200024fc   Data          28  main.o(.bss)
    .bss                                     0x20002518   Section       32  bsp.o(.bss)
    m_leds_timer_id_data                     0x20002518   Data          32  bsp.o(.bss)
    .bss                                     0x20002538   Section       32  bsp.o(.bss)
    m_alert_timer_id_data                    0x20002538   Data          32  bsp.o(.bss)
    .bss                                     0x20002558   Section       32  bsp.o(.bss)
    m_button_timer_id_data                   0x20002558   Data          32  bsp.o(.bss)
    .bss                                     0x20002578   Section      259  ble_advertising.o(.bss)
    m_advdata                                0x20002578   Data          56  ble_advertising.o(.bss)
    m_adv_modes_config                       0x200025b0   Data          36  ble_advertising.o(.bss)
    m_whitelist                              0x200025d4   Data          16  ble_advertising.o(.bss)
    mp_whitelist_addr                        0x200025e4   Data          32  ble_advertising.o(.bss)
    mp_whitelist_irk                         0x20002604   Data          32  ble_advertising.o(.bss)
    m_manuf_specific_data                    0x20002624   Data          12  ble_advertising.o(.bss)
    m_manuf_data_array                       0x20002630   Data          31  ble_advertising.o(.bss)
    m_service_data                           0x20002650   Data          12  ble_advertising.o(.bss)
    m_service_data_array                     0x2000265c   Data          31  ble_advertising.o(.bss)
    .bss                                     0x2000267c   Section       32  ble_conn_params.o(.bss)
    m_conn_params_timer_id_data              0x2000267c   Data          32  ble_conn_params.o(.bss)
    .bss                                     0x2000269c   Section       28  ble_conn_params.o(.bss)
    m_conn_params_config                     0x2000269c   Data          28  ble_conn_params.o(.bss)
    .bss                                     0x200026b8   Section       32  app_uart_fifo.o(.bss)
    m_rx_fifo                                0x200026b8   Data          16  app_uart_fifo.o(.bss)
    m_tx_fifo                                0x200026c8   Data          16  app_uart_fifo.o(.bss)
    .bss                                     0x200026d8   Section       72  nrf_drv_gpiote.o(.bss)
    m_cb                                     0x200026d8   Data          72  nrf_drv_gpiote.o(.bss)
    .bss                                     0x20002720   Section       24  nrf_drv_uart.o(.bss)
    m_cb                                     0x20002720   Data          24  nrf_drv_uart.o(.bss)
    .bss                                     0x20002738   Section      216  pstorage.o(.bss)
    m_cmd_queue                              0x20002738   Data         204  pstorage.o(.bss)
    m_app_table                              0x20002804   Data          12  pstorage.o(.bss)
    .bss                                     0x20002810   Section       32  app_button.o(.bss)
    m_detection_delay_timer_id_data          0x20002810   Data          32  app_button.o(.bss)
    .bss                                     0x20002830   Section     1160  segger_rtt.o(.bss)
    _acUpBuffer                              0x20002830   Data        1024  segger_rtt.o(.bss)
    _acDownBuffer                            0x20002c30   Data          16  segger_rtt.o(.bss)
    STACK                                    0x20002cb8   Section     2048  arm_startup_nrf51.o(STACK)

    Global Symbols

    Symbol Name                              Value     Ov Type        Size  Object(Section)

    BuildAttributes$$THM_ISAv3M$S$PE$A:L22$X:L11$S22$IEEE1$IW$USESV6$~STKCKD$USESV7$~SHL$OSPACE$EBA8$MICROLIB$REQ8$PRES8$EABIv2 0x00000000   Number         0  anon$$obj.o ABSOLUTE
    __ARM_use_no_argv                        0x00000000   Number         0  main.o ABSOLUTE
    __use_no_errno                           0x00000000   Number         0  useno.o ABSOLUTE
    __use_no_exception_handling              0x00000000   Number         0  useno.o ABSOLUTE
    __use_no_fp                              0x00000000   Number         0  useno.o ABSOLUTE
    __use_no_heap                            0x00000000   Number         0  useno.o ABSOLUTE
    __use_no_heap_region                     0x00000000   Number         0  useno.o ABSOLUTE
    __use_no_semihosting                     0x00000000   Number         0  useno.o ABSOLUTE
    __use_no_semihosting_swi                 0x00000000   Number         0  useno.o ABSOLUTE
    __use_no_signal_handling                 0x00000000   Number         0  useno.o ABSOLUTE
    __cpp_initialize__aeabi_                  - Undefined Weak Reference
    __cxa_finalize                            - Undefined Weak Reference
    __decompress                              - Undefined Weak Reference
    _clock_init                               - Undefined Weak Reference
    _microlib_exit                            - Undefined Weak Reference
    __Vectors_Size                           0x000000c0   Number         0  arm_startup_nrf51.o ABSOLUTE
    __Vectors                                0x00018000   Data           4  arm_startup_nrf51.o(RESET)
    __Vectors_End                            0x000180c0   Data           0  arm_startup_nrf51.o(RESET)
    __main                                   0x000180c1   Thumb Code     0  entry.o(.ARM.Collect$$$$00000000)
    _main_stk                                0x000180c1   Thumb Code     0  entry2.o(.ARM.Collect$$$$00000001)
    _main_scatterload                        0x000180c5   Thumb Code     0  entry5.o(.ARM.Collect$$$$00000004)
    __main_after_scatterload                 0x000180c9   Thumb Code     0  entry5.o(.ARM.Collect$$$$00000004)
    _main_clock                              0x000180c9   Thumb Code     0  entry7b.o(.ARM.Collect$$$$00000008)
    _main_cpp_init                           0x000180c9   Thumb Code     0  entry8b.o(.ARM.Collect$$$$0000000A)
    _main_init                               0x000180c9   Thumb Code     0  entry9a.o(.ARM.Collect$$$$0000000B)
    __rt_final_cpp                           0x000180d1   Thumb Code     0  entry10a.o(.ARM.Collect$$$$0000000D)
    __rt_final_exit                          0x000180d1   Thumb Code     0  entry11a.o(.ARM.Collect$$$$0000000F)
    __asm___11_app_timer_c_cd27f9c3__nrf_delay_us 0x000180d5   Thumb Code    30  app_timer.o(.emb_text)
    Reset_Handler                            0x000180f5   Thumb Code    26  arm_startup_nrf51.o(.text)
    NMI_Handler                              0x0001810f   Thumb Code     2  arm_startup_nrf51.o(.text)
    HardFault_Handler                        0x00018111   Thumb Code     2  arm_startup_nrf51.o(.text)
    SVC_Handler                              0x00018113   Thumb Code     2  arm_startup_nrf51.o(.text)
    PendSV_Handler                           0x00018115   Thumb Code     2  arm_startup_nrf51.o(.text)
    SysTick_Handler                          0x00018117   Thumb Code     2  arm_startup_nrf51.o(.text)
    ADC_IRQHandler                           0x00018119   Thumb Code     0  arm_startup_nrf51.o(.text)
    CCM_AAR_IRQHandler                       0x00018119   Thumb Code     0  arm_startup_nrf51.o(.text)
    ECB_IRQHandler                           0x00018119   Thumb Code     0  arm_startup_nrf51.o(.text)
    LPCOMP_IRQHandler                        0x00018119   Thumb Code     0  arm_startup_nrf51.o(.text)
    POWER_CLOCK_IRQHandler                   0x00018119   Thumb Code     0  arm_startup_nrf51.o(.text)
    QDEC_IRQHandler                          0x00018119   Thumb Code     0  arm_startup_nrf51.o(.text)
    RADIO_IRQHandler                         0x00018119   Thumb Code     0  arm_startup_nrf51.o(.text)
    RNG_IRQHandler                           0x00018119   Thumb Code     0  arm_startup_nrf51.o(.text)
    RTC0_IRQHandler                          0x00018119   Thumb Code     0  arm_startup_nrf51.o(.text)
    SPI0_TWI0_IRQHandler                     0x00018119   Thumb Code     0  arm_startup_nrf51.o(.text)
    SPI1_TWI1_IRQHandler                     0x00018119   Thumb Code     0  arm_startup_nrf51.o(.text)
    SWI1_IRQHandler                          0x00018119   Thumb Code     0  arm_startup_nrf51.o(.text)
    SWI3_IRQHandler                          0x00018119   Thumb Code     0  arm_startup_nrf51.o(.text)
    SWI4_IRQHandler                          0x00018119   Thumb Code     0  arm_startup_nrf51.o(.text)
    SWI5_IRQHandler                          0x00018119   Thumb Code     0  arm_startup_nrf51.o(.text)
    TEMP_IRQHandler                          0x00018119   Thumb Code     0  arm_startup_nrf51.o(.text)
    TIMER0_IRQHandler                        0x00018119   Thumb Code     0  arm_startup_nrf51.o(.text)
    TIMER1_IRQHandler                        0x00018119   Thumb Code     0  arm_startup_nrf51.o(.text)
    TIMER2_IRQHandler                        0x00018119   Thumb Code     0  arm_startup_nrf51.o(.text)
    WDT_IRQHandler                           0x00018119   Thumb Code     0  arm_startup_nrf51.o(.text)
    __aeabi_uidiv                            0x0001812d   Thumb Code     0  uidiv.o(.text)
    __aeabi_uidivmod                         0x0001812d   Thumb Code    44  uidiv.o(.text)
    __aeabi_idiv                             0x00018159   Thumb Code     0  idiv.o(.text)
    __aeabi_idivmod                          0x00018159   Thumb Code    40  idiv.o(.text)
    __aeabi_memcpy                           0x00018181   Thumb Code    36  memcpya.o(.text)
    __aeabi_memcpy4                          0x00018181   Thumb Code     0  memcpya.o(.text)
    __aeabi_memcpy8                          0x00018181   Thumb Code     0  memcpya.o(.text)
    __aeabi_memset                           0x000181a5   Thumb Code    14  memseta.o(.text)
    __aeabi_memset4                          0x000181a5   Thumb Code     0  memseta.o(.text)
    __aeabi_memset8                          0x000181a5   Thumb Code     0  memseta.o(.text)
    __aeabi_memclr                           0x000181b3   Thumb Code     4  memseta.o(.text)
    __aeabi_memclr4                          0x000181b3   Thumb Code     0  memseta.o(.text)
    __aeabi_memclr8                          0x000181b3   Thumb Code     0  memseta.o(.text)
    _memset$wrapper                          0x000181b7   Thumb Code    18  memseta.o(.text)
    strcpy                                   0x000181c9   Thumb Code    18  strcpy.o(.text)
    __scatterload                            0x000181dd   Thumb Code    28  init.o(.text)
    __scatterload_rt2                        0x000181dd   Thumb Code     0  init.o(.text)
    GPIOTE_IRQHandler                        0x00018201   Thumb Code   234  nrf_drv_gpiote.o(i.GPIOTE_IRQHandler)
    RTC1_IRQHandler                          0x0001834d   Thumb Code    28  app_timer.o(i.RTC1_IRQHandler)
    SEGGER_RTT_Write                         0x0001836d   Thumb Code    32  segger_rtt.o(i.SEGGER_RTT_Write)
    SEGGER_RTT_WriteNoLock                   0x00018391   Thumb Code    86  segger_rtt.o(i.SEGGER_RTT_WriteNoLock)
    SEGGER_RTT_printf                        0x000183ed   Thumb Code    24  segger_rtt_printf.o(i.SEGGER_RTT_printf)
    SEGGER_RTT_vprintf                       0x00018405   Thumb Code   404  segger_rtt_printf.o(i.SEGGER_RTT_vprintf)
    SWI0_IRQHandler                          0x00018599   Thumb Code     8  app_timer.o(i.SWI0_IRQHandler)
    SWI2_IRQHandler                          0x000185a1   Thumb Code    32  softdevice_handler.o(i.SWI2_IRQHandler)
    SystemInit                               0x000185c5   Thumb Code    64  system_nrf51.o(i.SystemInit)
    UART0_IRQHandler                         0x00018619   Thumb Code   244  nrf_drv_uart.o(i.UART0_IRQHandler)
    __ARM_common_switch8                     0x00018a1b   Thumb Code    26  bsp.o(i.__ARM_common_switch8)
    __scatterload_copy                       0x00018a35   Thumb Code    14  handlers.o(i.__scatterload_copy)
    __scatterload_null                       0x00018a43   Thumb Code     2  handlers.o(i.__scatterload_null)
    __scatterload_zeroinit                   0x00018a45   Thumb Code    14  handlers.o(i.__scatterload_zeroinit)
    adv_data_encode                          0x00018a53   Thumb Code   534  ble_advdata.o(i.adv_data_encode)
    app_button_enable                        0x00018d39   Thumb Code    32  app_button.o(i.app_button_enable)
    app_button_init                          0x00018d5d   Thumb Code   100  app_button.o(i.app_button_init)
    app_error_handler                        0x00018dd1   Thumb Code    16  app_error.o(i.app_error_handler)
    app_fifo_get                             0x00018de9   Thumb Code    22  app_fifo.o(i.app_fifo_get)
    app_fifo_init                            0x00018dff   Thumb Code    36  app_fifo.o(i.app_fifo_init)
    app_fifo_put                             0x00018e23   Thumb Code    26  app_fifo.o(i.app_fifo_put)
    app_timer_create                         0x00018e3d   Thumb Code    40  app_timer.o(i.app_timer_create)
    app_timer_init                           0x00018e69   Thumb Code   126  app_timer.o(i.app_timer_init)
    app_timer_start                          0x00018ef9   Thumb Code   114  app_timer.o(i.app_timer_start)
    app_timer_stop                           0x00018f75   Thumb Code    78  app_timer.o(i.app_timer_stop)
    app_uart_get                             0x00018fc9   Thumb Code    44  app_uart_fifo.o(i.app_uart_get)
    app_uart_init                            0x00018ffd   Thumb Code   144  app_uart_fifo.o(i.app_uart_init)
    app_uart_put                             0x0001909d   Thumb Code    30  app_uart_fifo.o(i.app_uart_put)
    ble_advdata_set                          0x000190c5   Thumb Code   104  ble_advdata.o(i.ble_advdata_set)
    ble_advertising_init                     0x0001912d   Thumb Code   284  ble_advertising.o(i.ble_advertising_init)
    ble_advertising_on_ble_evt               0x00019251   Thumb Code   112  ble_advertising.o(i.ble_advertising_on_ble_evt)
    ble_advertising_restart_without_whitelist 0x000192d5   Thumb Code    56  ble_advertising.o(i.ble_advertising_restart_without_whitelist)
    ble_advertising_start                    0x00019315   Thumb Code   470  ble_advertising.o(i.ble_advertising_start)
    ble_conn_params_init                     0x000194f5   Thumb Code    68  ble_conn_params.o(i.ble_conn_params_init)
    ble_conn_params_on_ble_evt               0x00019549   Thumb Code   132  ble_conn_params.o(i.ble_conn_params_on_ble_evt)
    ble_nus_init                             0x00019661   Thumb Code    98  ble_nus.o(i.ble_nus_init)
    ble_nus_on_ble_evt                       0x000196c9   Thumb Code    88  ble_nus.o(i.ble_nus_on_ble_evt)
    ble_nus_string_send                      0x00019721   Thumb Code    78  ble_nus.o(i.ble_nus_string_send)
    bsp_btn_ble_init                         0x00019775   Thumb Code    80  bsp_btn_ble.o(i.bsp_btn_ble_init)
    bsp_btn_ble_on_ble_evt                   0x000197c9   Thumb Code   132  bsp_btn_ble.o(i.bsp_btn_ble_on_ble_evt)
    bsp_btn_ble_sleep_mode_prepare           0x00019851   Thumb Code    20  bsp_btn_ble.o(i.bsp_btn_ble_sleep_mode_prepare)
    bsp_button_is_pressed                    0x00019909   Thumb Code    34  bsp.o(i.bsp_button_is_pressed)
    bsp_event_handler                        0x00019935   Thumb Code    54  main.o(i.bsp_event_handler)
    bsp_event_to_button_action_assign        0x00019971   Thumb Code    66  bsp.o(i.bsp_event_to_button_action_assign)
    bsp_indication_set                       0x000199b9   Thumb Code    22  bsp.o(i.bsp_indication_set)
    bsp_init                                 0x000199d5   Thumb Code   134  bsp.o(i.bsp_init)
    bsp_wakeup_buttons_set                   0x00019c3d   Thumb Code    50  bsp.o(i.bsp_wakeup_buttons_set)
    intern_softdevice_events_execute         0x00019fb5   Thumb Code   124  softdevice_handler.o(i.intern_softdevice_events_execute)
    main                                     0x0001a295   Thumb Code   400  main.o(i.main)
    nrf_drv_common_irq_enable                0x0001a571   Thumb Code    78  nrf_drv_common.o(i.nrf_drv_common_irq_enable)
    nrf_drv_gpiote_in_event_enable           0x0001a5d1   Thumb Code   138  nrf_drv_gpiote.o(i.nrf_drv_gpiote_in_event_enable)
    nrf_drv_gpiote_in_init                   0x0001a671   Thumb Code   146  nrf_drv_gpiote.o(i.nrf_drv_gpiote_in_init)
    nrf_drv_gpiote_in_is_set                 0x0001a715   Thumb Code    16  nrf_drv_gpiote.o(i.nrf_drv_gpiote_in_is_set)
    nrf_drv_gpiote_init                      0x0001a729   Thumb Code    76  nrf_drv_gpiote.o(i.nrf_drv_gpiote_init)
    nrf_drv_gpiote_is_init                   0x0001a77d   Thumb Code    12  nrf_drv_gpiote.o(i.nrf_drv_gpiote_is_init)
    nrf_drv_uart_init                        0x0001a78d   Thumb Code   152  nrf_drv_uart.o(i.nrf_drv_uart_init)
    nrf_drv_uart_rx                          0x0001a83d   Thumb Code   166  nrf_drv_uart.o(i.nrf_drv_uart_rx)
    nrf_drv_uart_rx_enable                   0x0001a8f1   Thumb Code    20  nrf_drv_uart.o(i.nrf_drv_uart_rx_enable)
    nrf_drv_uart_tx                          0x0001a909   Thumb Code   130  nrf_drv_uart.o(i.nrf_drv_uart_tx)
    pstorage_access_status_get               0x0001ab79   Thumb Code    30  pstorage.o(i.pstorage_access_status_get)
    softdevice_assertion_handler             0x0001adaf   Thumb Code    12  softdevice_handler.o(i.softdevice_assertion_handler)
    softdevice_ble_evt_handler_set           0x0001adbd   Thumb Code    16  softdevice_handler.o(i.softdevice_ble_evt_handler_set)
    softdevice_handler_init                  0x0001add1   Thumb Code    40  softdevice_handler.o(i.softdevice_handler_init)
    uart_event_handle                        0x0001b025   Thumb Code    92  main.o(i.uart_event_handle)
    Region$$Table$$Base                      0x0001b3a4   Number         0  anon$$obj.o(Region$$Table)
    Region$$Table$$Limit                     0x0001b3c4   Number         0  anon$$obj.o(Region$$Table)
    SystemCoreClock                          0x2000202c   Data           4  system_nrf51.o(.data)
    _SEGGER_RTT                              0x20002c40   Data         120  segger_rtt.o(.bss)
    __initial_sp                             0x200034b8   Data           0  arm_startup_nrf51.o(STACK)



==============================================================================

Memory Map of the image

  Image Entry point : 0x000180c1

  Load Region LR_IROM1 (Base: 0x00018000, Size: 0x0000349c, Max: 0x00028000, ABSOLUTE)

    Execution Region ER_IROM1 (Base: 0x00018000, Size: 0x000033c4, Max: 0x00028000, ABSOLUTE)

    Base Addr    Size         Type   Attr      Idx    E Section Name        Object

    0x00018000   0x000000c0   Data   RO          394    RESET               arm_startup_nrf51.o
    0x000180c0   0x00000000   Code   RO         2104  * .ARM.Collect$$$$00000000  mc_p.l(entry.o)
    0x000180c0   0x00000004   Code   RO         2125    .ARM.Collect$$$$00000001  mc_p.l(entry2.o)
    0x000180c4   0x00000004   Code   RO         2128    .ARM.Collect$$$$00000004  mc_p.l(entry5.o)
    0x000180c8   0x00000000   Code   RO         2130    .ARM.Collect$$$$00000008  mc_p.l(entry7b.o)
    0x000180c8   0x00000000   Code   RO         2132    .ARM.Collect$$$$0000000A  mc_p.l(entry8b.o)
    0x000180c8   0x00000008   Code   RO         2133    .ARM.Collect$$$$0000000B  mc_p.l(entry9a.o)
    0x000180d0   0x00000000   Code   RO         2135    .ARM.Collect$$$$0000000D  mc_p.l(entry10a.o)
    0x000180d0   0x00000000   Code   RO         2137    .ARM.Collect$$$$0000000F  mc_p.l(entry11a.o)
    0x000180d0   0x00000004   Code   RO         2126    .ARM.Collect$$$$00002712  mc_p.l(entry2.o)
    0x000180d4   0x0000001e   Code   RO         1577    .emb_text           app_timer.o
    0x000180f2   0x00000002   PAD
    0x000180f4   0x00000038   Code   RO          395    .text               arm_startup_nrf51.o
    0x0001812c   0x0000002c   Code   RO         2109    .text               mc_p.l(uidiv.o)
    0x00018158   0x00000028   Code   RO         2111    .text               mc_p.l(idiv.o)
    0x00018180   0x00000024   Code   RO         2113    .text               mc_p.l(memcpya.o)
    0x000181a4   0x00000024   Code   RO         2115    .text               mc_p.l(memseta.o)
    0x000181c8   0x00000012   Code   RO         2121    .text               mc_p.l(strcpy.o)
    0x000181da   0x00000002   PAD
    0x000181dc   0x00000024   Code   RO         2139    .text               mc_p.l(init.o)
    0x00018200   0x00000108   Code   RO          860    i.GPIOTE_IRQHandler  nrf_drv_gpiote.o
    0x00018308   0x00000044   Code   RO         1578    i.NVIC_SetPriority  app_timer.o
    0x0001834c   0x00000020   Code   RO         1579    i.RTC1_IRQHandler   app_timer.o
    0x0001836c   0x00000024   Code   RO         1942    i.SEGGER_RTT_Write  segger_rtt.o
    0x00018390   0x0000005c   Code   RO         1943    i.SEGGER_RTT_WriteNoLock  segger_rtt.o
    0x000183ec   0x00000018   Code   RO         2067    i.SEGGER_RTT_printf  segger_rtt_printf.o
    0x00018404   0x00000194   Code   RO         2068    i.SEGGER_RTT_vprintf  segger_rtt_printf.o
    0x00018598   0x00000008   Code   RO         1580    i.SWI0_IRQHandler   app_timer.o
    0x000185a0   0x00000024   Code   RO         1776    i.SWI2_IRQHandler   softdevice_handler.o
    0x000185c4   0x00000054   Code   RO          402    i.SystemInit        system_nrf51.o
    0x00018618   0x00000104   Code   RO         1050    i.UART0_IRQHandler  nrf_drv_uart.o
    0x0001871c   0x0000006c   Code   RO         1946    i._DoInit           segger_rtt.o
    0x00018788   0x00000016   Code   RO         1947    i._GetAvailWriteSpace  segger_rtt.o
    0x0001879e   0x000000c8   Code   RO         2069    i._PrintInt         segger_rtt_printf.o
    0x00018866   0x00000002   PAD
    0x00018868   0x000000d8   Code   RO         2070    i._PrintUnsigned    segger_rtt_printf.o
    0x00018940   0x0000003e   Code   RO         2071    i._StoreChar        segger_rtt_printf.o
    0x0001897e   0x00000060   Code   RO         1949    i._WriteBlocking    segger_rtt.o
    0x000189de   0x0000003c   Code   RO         1950    i._WriteNoCheck     segger_rtt.o
    0x00018a1a   0x0000001a   Code   RO          340    i.__ARM_common_switch8  bsp.o
    0x00018a34   0x0000000e   Code   RO         2143    i.__scatterload_copy  mc_p.l(handlers.o)
    0x00018a42   0x00000002   Code   RO         2144    i.__scatterload_null  mc_p.l(handlers.o)
    0x00018a44   0x0000000e   Code   RO         2145    i.__scatterload_zeroinit  mc_p.l(handlers.o)
    0x00018a52   0x00000216   Code   RO          436    i.adv_data_encode   ble_advdata.o
    0x00018c68   0x0000004e   Code   RO          355    i.advertising_buttons_configure  bsp_btn_ble.o
    0x00018cb6   0x00000002   PAD
    0x00018cb8   0x00000068   Code   RO            3    i.advertising_init  main.o
    0x00018d20   0x00000018   Code   RO          247    i.alert_timer_handler  bsp.o
    0x00018d38   0x00000024   Code   RO         1442    i.app_button_enable  app_button.o
    0x00018d5c   0x00000074   Code   RO         1443    i.app_button_init   app_button.o
    0x00018dd0   0x00000018   Code   RO         1502    i.app_error_handler  app_error.o
    0x00018de8   0x00000016   Code   RO         1524    i.app_fifo_get      app_fifo.o
    0x00018dfe   0x00000024   Code   RO         1525    i.app_fifo_init     app_fifo.o
    0x00018e22   0x0000001a   Code   RO         1526    i.app_fifo_put      app_fifo.o
    0x00018e3c   0x0000002c   Code   RO         1583    i.app_timer_create  app_timer.o
    0x00018e68   0x00000090   Code   RO         1584    i.app_timer_init    app_timer.o
    0x00018ef8   0x0000007c   Code   RO         1585    i.app_timer_start   app_timer.o
    0x00018f74   0x00000054   Code   RO         1586    i.app_timer_stop    app_timer.o
    0x00018fc8   0x00000034   Code   RO          728    i.app_uart_get      app_uart_fifo.o
    0x00018ffc   0x000000a0   Code   RO          729    i.app_uart_init     app_uart_fifo.o
    0x0001909c   0x00000028   Code   RO          730    i.app_uart_put      app_uart_fifo.o
    0x000190c4   0x00000068   Code   RO          437    i.ble_advdata_set   ble_advdata.o
    0x0001912c   0x00000124   Code   RO          510    i.ble_advertising_init  ble_advertising.o
    0x00019250   0x00000074   Code   RO          511    i.ble_advertising_on_ble_evt  ble_advertising.o
    0x000192c4   0x00000010   Code   RO          514    i.ble_advertising_peer_address_clear  ble_advertising.o
    0x000192d4   0x00000040   Code   RO          515    i.ble_advertising_restart_without_whitelist  ble_advertising.o
    0x00019314   0x000001e0   Code   RO          516    i.ble_advertising_start  ble_advertising.o
    0x000194f4   0x00000054   Code   RO          592    i.ble_conn_params_init  ble_conn_params.o
    0x00019548   0x00000090   Code   RO          593    i.ble_conn_params_on_ble_evt  ble_conn_params.o
    0x000195d8   0x0000005e   Code   RO          438    i.ble_device_addr_encode  ble_advdata.o
    0x00019636   0x00000002   PAD
    0x00019638   0x00000028   Code   RO            5    i.ble_evt_dispatch  main.o
    0x00019660   0x00000068   Code   RO          654    i.ble_nus_init      ble_nus.o
    0x000196c8   0x00000058   Code   RO          655    i.ble_nus_on_ble_evt  ble_nus.o
    0x00019720   0x00000054   Code   RO          656    i.ble_nus_string_send  ble_nus.o
    0x00019774   0x00000054   Code   RO          356    i.bsp_btn_ble_init  bsp_btn_ble.o
    0x000197c8   0x00000088   Code   RO          357    i.bsp_btn_ble_on_ble_evt  bsp_btn_ble.o
    0x00019850   0x00000014   Code   RO          358    i.bsp_btn_ble_sleep_mode_prepare  bsp_btn_ble.o
    0x00019864   0x000000a4   Code   RO          248    i.bsp_button_event_handler  bsp.o
    0x00019908   0x0000002c   Code   RO          249    i.bsp_button_is_pressed  bsp.o
    0x00019934   0x0000003c   Code   RO            6    i.bsp_event_handler  main.o
    0x00019970   0x00000048   Code   RO          253    i.bsp_event_to_button_action_assign  bsp.o
    0x000199b8   0x0000001c   Code   RO          254    i.bsp_indication_set  bsp.o
    0x000199d4   0x000000a0   Code   RO          256    i.bsp_init          bsp.o
    0x00019a74   0x000001c8   Code   RO          257    i.bsp_led_indication  bsp.o
    0x00019c3c   0x0000003c   Code   RO          258    i.bsp_wakeup_buttons_set  bsp.o
    0x00019c78   0x0000000c   Code   RO          259    i.button_timer_handler  bsp.o
    0x00019c84   0x0000001c   Code   RO          861    i.channel_free      nrf_drv_gpiote.o
    0x00019ca0   0x00000048   Code   RO          862    i.channel_port_alloc  nrf_drv_gpiote.o
    0x00019ce8   0x00000010   Code   RO          863    i.channel_port_get  nrf_drv_gpiote.o
    0x00019cf8   0x000000a8   Code   RO         1588    i.compare_reg_update  app_timer.o
    0x00019da0   0x00000088   Code   RO          439    i.conn_int_encode   ble_advdata.o
    0x00019e28   0x0000000c   Code   RO            7    i.conn_params_error_handler  main.o
    0x00019e34   0x00000068   Code   RO          595    i.conn_params_negotiation  ble_conn_params.o
    0x00019e9c   0x00000060   Code   RO         1445    i.detection_delay_timeout_handler  app_button.o
    0x00019efc   0x00000040   Code   RO         1589    i.elapsed_ticks_acquire  app_timer.o
    0x00019f3c   0x00000014   Code   RO         1529    i.fifo_get          app_fifo.o
    0x00019f50   0x00000012   Code   RO         1530    i.fifo_put          app_fifo.o
    0x00019f62   0x00000002   PAD
    0x00019f64   0x00000050   Code   RO         1446    i.gpiote_event_handler  app_button.o
    0x00019fb4   0x00000080   Code   RO         1777    i.intern_softdevice_events_execute  softdevice_handler.o
    0x0001a034   0x0000001c   Code   RO          596    i.is_conn_params_ok  ble_conn_params.o
    0x0001a050   0x00000048   Code   RO          403    i.is_manual_peripheral_setup_needed  system_nrf51.o
    0x0001a098   0x00000054   Code   RO          440    i.le_role_encode    ble_advdata.o
    0x0001a0ec   0x00000018   Code   RO          260    i.leds_timer_handler  bsp.o
    0x0001a104   0x000000bc   Code   RO         1590    i.list_deletions_handler  app_timer.o
    0x0001a1c0   0x000000d4   Code   RO         1591    i.list_insertions_handler  app_timer.o
    0x0001a294   0x000001d4   Code   RO            8    i.main              main.o
    0x0001a468   0x00000068   Code   RO          441    i.manuf_specific_data_encode  ble_advdata.o
    0x0001a4d0   0x0000009e   Code   RO          442    i.name_encode       ble_advdata.o
    0x0001a56e   0x00000002   PAD
    0x0001a570   0x00000060   Code   RO          834    i.nrf_drv_common_irq_enable  nrf_drv_common.o
    0x0001a5d0   0x000000a0   Code   RO          866    i.nrf_drv_gpiote_in_event_enable  nrf_drv_gpiote.o
    0x0001a670   0x000000a4   Code   RO          867    i.nrf_drv_gpiote_in_init  nrf_drv_gpiote.o
    0x0001a714   0x00000014   Code   RO          868    i.nrf_drv_gpiote_in_is_set  nrf_drv_gpiote.o
    0x0001a728   0x00000054   Code   RO          870    i.nrf_drv_gpiote_init  nrf_drv_gpiote.o
    0x0001a77c   0x00000010   Code   RO          871    i.nrf_drv_gpiote_is_init  nrf_drv_gpiote.o
    0x0001a78c   0x000000b0   Code   RO         1052    i.nrf_drv_uart_init  nrf_drv_uart.o
    0x0001a83c   0x000000b4   Code   RO         1053    i.nrf_drv_uart_rx   nrf_drv_uart.o
    0x0001a8f0   0x00000018   Code   RO         1056    i.nrf_drv_uart_rx_enable  nrf_drv_uart.o
    0x0001a908   0x0000008c   Code   RO         1057    i.nrf_drv_uart_tx   nrf_drv_uart.o
    0x0001a994   0x00000024   Code   RO          883    i.nrf_gpio_cfg      nrf_drv_gpiote.o
    0x0001a9b8   0x00000024   Code   RO         1060    i.nrf_gpio_cfg      nrf_drv_uart.o
    0x0001a9dc   0x00000012   Code   RO         1062    i.nrf_gpio_cfg_input  nrf_drv_uart.o
    0x0001a9ee   0x00000014   Code   RO         1063    i.nrf_gpio_cfg_output  nrf_drv_uart.o
    0x0001aa02   0x00000002   PAD
    0x0001aa04   0x00000020   Code   RO          885    i.nrf_gpio_cfg_sense_set  nrf_drv_gpiote.o
    0x0001aa24   0x00000014   Code   RO          886    i.nrf_gpiote_event_is_set  nrf_drv_gpiote.o
    0x0001aa38   0x0000000a   Code   RO         1064    i.nrf_uart_event_check  nrf_drv_uart.o
    0x0001aa42   0x00000010   Code   RO         1065    i.nrf_uart_int_enable_check  nrf_drv_uart.o
    0x0001aa52   0x00000026   Code   RO            9    i.nus_data_handler  main.o
    0x0001aa78   0x00000024   Code   RO           10    i.on_adv_evt        main.o
    0x0001aa9c   0x00000070   Code   RO           11    i.on_ble_evt        main.o
    0x0001ab0c   0x00000024   Code   RO           12    i.on_conn_params_evt  main.o
    0x0001ab30   0x00000016   Code   RO          518    i.peer_address_exists  ble_advertising.o
    0x0001ab46   0x00000002   PAD
    0x0001ab48   0x00000018   Code   RO          887    i.pin_in_use_by_port  nrf_drv_gpiote.o
    0x0001ab60   0x00000018   Code   RO          888    i.pin_in_use_by_te  nrf_drv_gpiote.o
    0x0001ab78   0x00000028   Code   RO         1215    i.pstorage_access_status_get  pstorage.o
    0x0001aba0   0x00000044   Code   RO         1592    i.rtc1_stop         app_timer.o
    0x0001abe4   0x0000002c   Code   RO         1066    i.rx_byte           nrf_drv_uart.o
    0x0001ac10   0x0000009e   Code   RO          657    i.rx_char_add       ble_nus.o
    0x0001acae   0x00000002   PAD
    0x0001acb0   0x00000020   Code   RO         1067    i.rx_done_event     nrf_drv_uart.o
    0x0001acd0   0x0000001c   Code   RO         1068    i.rx_enable         nrf_drv_uart.o
    0x0001acec   0x0000008e   Code   RO          443    i.service_data_encode  ble_advdata.o
    0x0001ad7a   0x00000034   Code   RO           13    i.sleep_mode_enter  main.o
    0x0001adae   0x0000000c   Code   RO         1778    i.softdevice_assertion_handler  softdevice_handler.o
    0x0001adba   0x00000002   PAD
    0x0001adbc   0x00000014   Code   RO         1779    i.softdevice_ble_evt_handler_set  softdevice_handler.o
    0x0001add0   0x00000030   Code   RO         1780    i.softdevice_handler_init  softdevice_handler.o
    0x0001ae00   0x00000084   Code   RO         1593    i.timer_list_handler  app_timer.o
    0x0001ae84   0x00000010   Code   RO         1594    i.timer_list_handler_sched  app_timer.o
    0x0001ae94   0x00000040   Code   RO         1595    i.timer_list_insert  app_timer.o
    0x0001aed4   0x00000084   Code   RO         1596    i.timer_timeouts_check  app_timer.o
    0x0001af58   0x0000002c   Code   RO         1069    i.tx_byte           nrf_drv_uart.o
    0x0001af84   0x00000080   Code   RO          658    i.tx_char_add       ble_nus.o
    0x0001b004   0x00000020   Code   RO         1070    i.tx_done_event     nrf_drv_uart.o
    0x0001b024   0x00000068   Code   RO           14    i.uart_event_handle  main.o
    0x0001b08c   0x000000a4   Code   RO          731    i.uart_event_handler  app_uart_fifo.o
    0x0001b130   0x0000000a   Code   RO          444    i.uint16_encode     ble_advdata.o
    0x0001b13a   0x00000002   PAD
    0x0001b13c   0x00000064   Code   RO          597    i.update_timeout_handler  ble_conn_params.o
    0x0001b1a0   0x00000054   Code   RO         1597    i.user_id_get       app_timer.o
    0x0001b1f4   0x00000026   Code   RO         1598    i.user_op_alloc     app_timer.o
    0x0001b21a   0x00000030   Code   RO          445    i.uuid_list_encode  ble_advdata.o
    0x0001b24a   0x000000ae   Code   RO          446    i.uuid_list_sized_encode  ble_advdata.o
    0x0001b2f8   0x00000010   Code   RO          519    i.whitelist_has_entries  ble_advertising.o
    0x0001b308   0x0000000c   Data   RO           16    .constdata          main.o
    0x0001b314   0x00000024   Data   RO          264    .constdata          bsp.o
    0x0001b338   0x00000004   Data   RO          600    .constdata          ble_conn_params.o
    0x0001b33c   0x00000010   Data   RO          659    .constdata          ble_nus.o
    0x0001b34c   0x00000020   Data   RO          733    .constdata          app_uart_fifo.o
    0x0001b36c   0x00000020   Data   RO         1072    .constdata          nrf_drv_uart.o
    0x0001b38c   0x00000008   Data   RO         1448    .constdata          app_button.o
    0x0001b394   0x00000010   Data   RO         2072    .constdata          segger_rtt_printf.o
    0x0001b3a4   0x00000020   Data   RO         2141    Region$$Table       anon$$obj.o


    Execution Region RW_IRAM1 (Base: 0x20002000, Size: 0x000014b8, Max: 0x00002000, ABSOLUTE)

    Base Addr    Size         Type   Attr      Idx    E Section Name        Object

    0x20002000   0x00000008   Data   RW           17    .data               main.o
    0x20002008   0x0000001a   Data   RW          265    .data               bsp.o
    0x20002022   0x00000002   PAD
    0x20002024   0x00000008   Data   RW          359    .data               bsp_btn_ble.o
    0x2000202c   0x00000004   Data   RW          404    .data               system_nrf51.o
    0x20002030   0x0000001f   Data   RW          521    .data               ble_advertising.o
    0x2000204f   0x00000001   PAD
    0x20002050   0x00000014   Data   RW          601    .data               ble_conn_params.o
    0x20002064   0x00000008   Data   RW          734    .data               app_uart_fifo.o
    0x2000206c   0x00000024   Data   RW         1240    .data               pstorage.o
    0x20002090   0x00000014   Data   RW         1449    .data               app_button.o
    0x200020a4   0x00000020   Data   RW         1599    .data               app_timer.o
    0x200020c4   0x00000014   Data   RW         1784    .data               softdevice_handler.o
    0x200020d8   0x00000440   Zero   RW           15    .bss                main.o
    0x20002518   0x00000020   Zero   RW          261    .bss                bsp.o
    0x20002538   0x00000020   Zero   RW          262    .bss                bsp.o
    0x20002558   0x00000020   Zero   RW          263    .bss                bsp.o
    0x20002578   0x00000103   Zero   RW          520    .bss                ble_advertising.o
    0x2000267b   0x00000001   PAD
    0x2000267c   0x00000020   Zero   RW          598    .bss                ble_conn_params.o
    0x2000269c   0x0000001c   Zero   RW          599    .bss                ble_conn_params.o
    0x200026b8   0x00000020   Zero   RW          732    .bss                app_uart_fifo.o
    0x200026d8   0x00000048   Zero   RW          889    .bss                nrf_drv_gpiote.o
    0x20002720   0x00000018   Zero   RW         1071    .bss                nrf_drv_uart.o
    0x20002738   0x000000d8   Zero   RW         1238    .bss                pstorage.o
    0x20002810   0x00000020   Zero   RW         1447    .bss                app_button.o
    0x20002830   0x00000488   Zero   RW         1951    .bss                segger_rtt.o
    0x20002cb8   0x00000800   Zero   RW          392    STACK               arm_startup_nrf51.o


==============================================================================

Image component sizes


      Code (inc. data)   RO Data    RW Data    ZI Data      Debug   Object Name

       328         34          8         20         32       8746   app_button.o
        24          8          0          0          0       6800   app_error.o
       122          0          0          0          0       4146   app_fifo.o
      1700        152          0         32          0      27403   app_timer.o
       416         42         32          8         32      11426   app_uart_fifo.o
        56         18        192          0       2048        716   arm_startup_nrf51.o
      1588          6          0          0          0      18504   ble_advdata.o
      1006         34          0         31        259       7736   ble_advertising.o
       460         58          4         20         60      12800   ble_conn_params.o
       562         12         16          0          0       5538   ble_nus.o
      1070        118         36         26         96       9653   bsp.o
       318          8          0          8          0       4737   bsp_btn_ble.o
      1062        110         12          8       1088      93927   main.o
        96         18          0          0          0       7552   nrf_drv_common.o
       960        128          0          0         72      21320   nrf_drv_gpiote.o
      1060        116         32          0         24      21952   nrf_drv_uart.o
        40         10          0         36        216       9513   pstorage.o
       414         44          0          0       1160       8692   segger_rtt.o
       906          6         16          0          0       7369   segger_rtt_printf.o
       244         20          0         20          0       5699   softdevice_handler.o
       156         26          0          4          0       2167   system_nrf51.o

    ----------------------------------------------------------------------
     12610        968        380        216       5088     296396   Object Totals
         0          0         32          0          0          0   (incl. Generated)
        22          0          0          3          1          0   (incl. Padding)

    ----------------------------------------------------------------------

      Code (inc. data)   RO Data    RW Data    ZI Data      Debug   Library Member Name

         0          0          0          0          0          0   entry.o
         0          0          0          0          0          0   entry10a.o
         0          0          0          0          0          0   entry11a.o
         8          4          0          0          0          0   entry2.o
         4          0          0          0          0          0   entry5.o
         0          0          0          0          0          0   entry7b.o
         0          0          0          0          0          0   entry8b.o
         8          4          0          0          0          0   entry9a.o
        30          0          0          0          0          0   handlers.o
        40          0          0          0          0         72   idiv.o
        36          8          0          0          0         68   init.o
        36          0          0          0          0         60   memcpya.o
        36          0          0          0          0        100   memseta.o
        18          0          0          0          0         60   strcpy.o
        44          0          0          0          0         72   uidiv.o

    ----------------------------------------------------------------------
       262         16          0          0          0        432   Library Totals
         2          0          0          0          0          0   (incl. Padding)

    ----------------------------------------------------------------------

      Code (inc. data)   RO Data    RW Data    ZI Data      Debug   Library Name

       260         16          0          0          0        432   mc_p.l

    ----------------------------------------------------------------------
       262         16          0          0          0        432   Library Totals

    ----------------------------------------------------------------------

==============================================================================


      Code (inc. data)   RO Data    RW Data    ZI Data      Debug   

     12872        984        380        216       5088     290944   Grand Totals
     12872        984        380        216       5088     290944   ELF Image Totals
     12872        984        380        216          0          0   ROM Totals

==============================================================================

    Total RO  Size (Code + RO Data)                13252 (  12.94kB)
    Total RW  Size (RW Data + ZI Data)              5304 (   5.18kB)
    Total ROM Size (Code + RO Data + RW Data)      13468 (  13.15kB)

==============================================================================

