<html>
<body>
<pre>
<h1>µVision Build Log</h1>
<h2>Tool Versions:</h2>
IDE-Version: ¦ÌVision V5.18.0.0
Copyright (C) 2016 ARM Ltd and ARM Germany GmbH. All rights reserved.
License Information: qweqwe User, China, LIC=1WSLQ-NELCI-AW42F-6JS3Y-4GU9M-VG79B
 
Tool Versions:
Toolchain:       MDK-ARM Professional  Version: 5.18
Toolchain Path:  C:\Keil_v5\ARM\ARMCC\Bin
C Compiler:      Armcc.exe V5.06 update 1 (build 61)
Assembler:       Armasm.exe V5.06 update 1 (build 61)
Linker/Locator:  ArmLink.exe V5.06 update 1 (build 61)
Library Manager: ArmAr.exe V5.06 update 1 (build 61)
Hex Converter:   FromElf.exe V5.06 update 1 (build 61)
CPU DLL:         SARMCM3.DLL V5.18
Dialog DLL:      DARMCM1.DLL V1.12.0.0
Target DLL:      Segger\JL2CM3.dll V2.99.18.0
Dialog DLL:      TARMCM1.DLL V1.9.0.0
 
<h2>Project:</h2>
E:\À¶ÑÀ¹¤³Ì\nRF51_peripheral_uart\examples\ble_peripheral\ble_app_uart\pca10028\s110\arm4\ble_app_uart.uvproj
Project File Date:  07/29/2016

<h2>Output:</h2>
*** Using Compiler 'V5.06 update 1 (build 61)', folder: 'C:\Keil_v5\ARM\ARMCC\Bin'
Rebuild target 'nrf51822_xxaa_s110'
compiling main.c...
compiling bsp.c...
compiling bsp_btn_ble.c...
assembling arm_startup_nrf51.s...
compiling ble_advdata.c...
compiling system_nrf51.c...
compiling ble_conn_params.c...
compiling ble_advertising.c...
compiling ble_nus.c...
compiling ble_srv_common.c...
compiling app_uart_fifo.c...
compiling nrf_delay.c...
compiling nrf_drv_common.c...
compiling nrf_drv_uart.c...
compiling nrf_drv_gpiote.c...
compiling pstorage.c...
compiling app_button.c...
compiling app_error.c...
compiling app_trace.c...
compiling app_fifo.c...
compiling nrf_assert.c...
compiling app_timer.c...
compiling RTT_Syscalls_KEIL.c...
compiling retarget.c...
compiling SEGGER_RTT.c...
compiling SEGGER_RTT_printf.c...
compiling softdevice_handler.c...
linking...
Program Size: Code=12872 RO-data=380 RW-data=216 ZI-data=5088  
FromELF: creating hex file...
".\_build\nrf51822_xxaa_s110.axf" - 0 Error(s), 0 Warning(s).
Build Time Elapsed:  00:00:11
</pre>
</body>
</html>
