<html>
<body>
<pre>
<h1>µVision Build Log</h1>
<h2>Project:</h2>
E:\À¶ÑÀ¹¤³Ì\nRF51_peripheral_demo\examples\ble_peripheral\ble_user_app_hrs\user_board\s110\arm4\ble_user_app_hrs.uvproj
Project File Date:  07/25/2016

<h2>Output:</h2>
Rebuild target 'nrf51822_xxaa_s110'
compiling main.c...
compiling bsp.c...
compiling bsp_btn_ble.c...
assembling arm_startup_nrf51.s...
compiling system_nrf51.c...
compiling ble_advdata.c...
compiling ble_bas.c...
compiling ble_conn_params.c...
compiling ble_dis.c...
compiling ble_hrs.c...
compiling ble_srv_common.c...
compiling device_manager_peripheral.c...
compiling ble_lbs.c...
compiling ble_advertising.c...
compiling app_uart_fifo.c...
compiling nrf_delay.c...
compiling nrf_drv_common.c...
compiling nrf_drv_gpiote.c...
compiling nrf_drv_uart.c...
compiling pstorage.c...
compiling app_button.c...
compiling app_error.c...
compiling app_fifo.c...
compiling app_timer.c...
compiling app_trace.c...
compiling nrf_assert.c...
compiling retarget.c...
compiling sensorsim.c...
compiling softdevice_handler.c...
linking...
Program Size: Code=19100 RO-data=396 RW-data=352 ZI-data=3984  
FromELF: creating hex file...
".\_build\nrf51822_xxaa_s110.axf" - 0 Error(s), 0 Warning(s).
</pre>
</body>
</html>
ndler.c...
linking...
Program Size: Code=19100 RO-data=396 RW-data=352 ZI-data=3984  
FromELF: creating hex file...
".\_build\nrf51822_xxaa_s110.axf" - 0 Error(s), 1 Warning(s).
mples\ble_peripheral\ble_user_app_hrs\user_board\s110\arm4\JLinkSettings.ini"
* JLink Info: Device "NRF51822_XXAA" selected.
 
JLink info:
------------
DLL: V6.00 , compiled Jul 22 2016 19:26:51
Firmware: J-Link ARM-OB STM32 compiled Aug 22 2012 19:52:04
Hardware: V7.00
S/N : 20090928 
Feature(s) : RDI,FlashDL,FlashBP,JFlash,GDBFull 
 
* JLink Info: Found SWD-DP with ID 0x0BB11477
* JLink Info: AP-IDR: 0x04770021, Type: AHB-AP
* JLink Info: Found Cortex-M0 r0p0, Little endian.
* JLink Info: FPUnit: 4 code (BP) slots and 0 literal slots
* JLink Info: CoreSight components:
* JLink Info: ROMTbl 0 @ F0000000
* JLink Info: ROMTbl 0 [0]: F00FF000, CID: B105100D, PID: 000BB471 ROM Table
* JLink Info: ROMTbl 1 @ E00FF000
* JLink Info: ROMTbl 1 [0]: FFF0F000, CID: B105E00D, PID: 000BB008 SCS
* JLink Info: ROMTbl 1 [1]: FFF02000, CID: B105E00D, PID: 000BB00A DWT
* JLink Info: ROMTbl 1 [2]: FFF03000, CID: B105E00D, PID: 000BB00B FPB
* JLink Info: ROMTbl 0 [1]: 00002000, CID: B105900D, PID: 000BB9A3 ???
ROMTableAddr = 0xE00FF003
 
Target info:
------------
Device: nRF51822_xxAA
VTarget = 3.300V
State of Pins: 
TCK: 0, TDI: 0, TDO: 1, TMS: 0, TRES: 1, TRST: 1
Hardware-Breakpoints: 4
Software-Breakpoints: 8192
Watchpoints:          2
JTAG speed: 1000 kHz
 
Erase Done.
Programming Done.
Verify OK.
Application running ...
