ARM Linker, 5.03 [Build 76] [MDK-ARM Professional]

==============================================================================

Section Cross References

    main.o(i.advertising_init) refers to memseta.o(.text) for __aeabi_memclr4
    main.o(i.advertising_init) refers to ble_advertising.o(i.ble_advertising_init) for ble_advertising_init
    main.o(i.advertising_init) refers to app_error.o(i.app_error_handler) for app_error_handler
    main.o(i.advertising_init) refers to main.o(.data) for .data
    main.o(i.advertising_init) refers to main.o(i.on_adv_evt) for on_adv_evt
    main.o(i.application_timers_start) refers to app_timer.o(i.app_timer_start) for app_timer_start
    main.o(i.application_timers_start) refers to app_error.o(i.app_error_handler) for app_error_handler
    main.o(i.application_timers_start) refers to main.o(.constdata) for .constdata
    main.o(i.assert_nrf_callback) refers to app_error.o(i.app_error_handler) for app_error_handler
    main.o(i.battery_level_meas_timeout_handler) refers to sensorsim.o(i.sensorsim_measure) for sensorsim_measure
    main.o(i.battery_level_meas_timeout_handler) refers to ble_bas.o(i.ble_bas_battery_level_update) for ble_bas_battery_level_update
    main.o(i.battery_level_meas_timeout_handler) refers to app_error.o(i.app_error_handler) for app_error_handler
    main.o(i.battery_level_meas_timeout_handler) refers to main.o(.bss) for .bss
    main.o(i.battery_level_meas_timeout_handler) refers to main.o(.data) for .data
    main.o(i.ble_evt_dispatch) refers to device_manager_peripheral.o(i.dm_ble_evt_handler) for dm_ble_evt_handler
    main.o(i.ble_evt_dispatch) refers to ble_hrs.o(i.ble_hrs_on_ble_evt) for ble_hrs_on_ble_evt
    main.o(i.ble_evt_dispatch) refers to ble_bas.o(i.ble_bas_on_ble_evt) for ble_bas_on_ble_evt
    main.o(i.ble_evt_dispatch) refers to ble_lbs.o(i.ble_lbs_on_ble_evt) for ble_lbs_on_ble_evt
    main.o(i.ble_evt_dispatch) refers to ble_conn_params.o(i.ble_conn_params_on_ble_evt) for ble_conn_params_on_ble_evt
    main.o(i.ble_evt_dispatch) refers to bsp_btn_ble.o(i.bsp_btn_ble_on_ble_evt) for bsp_btn_ble_on_ble_evt
    main.o(i.ble_evt_dispatch) refers to bsp.o(i.bsp_indication_set) for bsp_indication_set
    main.o(i.ble_evt_dispatch) refers to app_error.o(i.app_error_handler) for app_error_handler
    main.o(i.ble_evt_dispatch) refers to ble_advertising.o(i.ble_advertising_on_ble_evt) for ble_advertising_on_ble_evt
    main.o(i.ble_evt_dispatch) refers to main.o(.bss) for .bss
    main.o(i.ble_evt_dispatch) refers to main.o(.data) for .data
    main.o(i.ble_stack_init) refers to softdevice_handler.o(i.softdevice_handler_init) for softdevice_handler_init
    main.o(i.ble_stack_init) refers to app_error.o(i.app_error_handler) for app_error_handler
    main.o(i.ble_stack_init) refers to softdevice_handler.o(i.softdevice_ble_evt_handler_set) for softdevice_ble_evt_handler_set
    main.o(i.ble_stack_init) refers to softdevice_handler.o(i.softdevice_sys_evt_handler_set) for softdevice_sys_evt_handler_set
    main.o(i.ble_stack_init) refers to main.o(.bss) for .bss
    main.o(i.ble_stack_init) refers to main.o(i.ble_evt_dispatch) for ble_evt_dispatch
    main.o(i.ble_stack_init) refers to main.o(i.sys_evt_dispatch) for sys_evt_dispatch
    main.o(i.bsp_event_handler) refers to main.o(i.__ARM_common_switch8) for __ARM_common_switch8
    main.o(i.bsp_event_handler) refers to main.o(i.sleep_mode_enter) for sleep_mode_enter
    main.o(i.bsp_event_handler) refers to app_error.o(i.app_error_handler) for app_error_handler
    main.o(i.bsp_event_handler) refers to ble_advertising.o(i.ble_advertising_restart_without_whitelist) for ble_advertising_restart_without_whitelist
    main.o(i.bsp_event_handler) refers to ble_lbs.o(i.ble_lbs_on_button_change) for ble_lbs_on_button_change
    main.o(i.bsp_event_handler) refers to main.o(.data) for .data
    main.o(i.bsp_event_handler) refers to main.o(.bss) for .bss
    main.o(i.conn_params_error_handler) refers to app_error.o(i.app_error_handler) for app_error_handler
    main.o(i.device_manager_evt_handler) refers to app_error.o(i.app_error_handler) for app_error_handler
    main.o(i.device_manager_init) refers to pstorage.o(i.pstorage_init) for pstorage_init
    main.o(i.device_manager_init) refers to app_error.o(i.app_error_handler) for app_error_handler
    main.o(i.device_manager_init) refers to device_manager_peripheral.o(i.dm_init) for dm_init
    main.o(i.device_manager_init) refers to memseta.o(.text) for __aeabi_memclr
    main.o(i.device_manager_init) refers to device_manager_peripheral.o(i.dm_register) for dm_register
    main.o(i.device_manager_init) refers to main.o(i.device_manager_evt_handler) for device_manager_evt_handler
    main.o(i.device_manager_init) refers to main.o(.data) for .data
    main.o(i.gap_params_init) refers to app_error.o(i.app_error_handler) for app_error_handler
[...]
    clear_post_processing_run                0x0001a0a1   Thumb Code    32  pstorage.o(i.clear_post_processing_run)
    i.cmd_process                            0x0001a0c4   Section        0  pstorage.o(i.cmd_process)
    cmd_process                              0x0001a0c5   Thumb Code    46  pstorage.o(i.cmd_process)
    i.cmd_queue_element_init                 0x0001a0fc   Section        0  pstorage.o(i.cmd_queue_element_init)
    cmd_queue_element_init                   0x0001a0fd   Thumb Code    26  pstorage.o(i.cmd_queue_element_init)
    i.cmd_queue_enqueue                      0x0001a11c   Section        0  pstorage.o(i.cmd_queue_enqueue)
    cmd_queue_enqueue                        0x0001a11d   Thumb Code    68  pstorage.o(i.cmd_queue_enqueue)
    i.command_end_procedure_run              0x0001a168   Section        0  pstorage.o(i.command_end_procedure_run)
    command_end_procedure_run                0x0001a169   Thumb Code    56  pstorage.o(i.command_end_procedure_run)
    i.compare_reg_update                     0x0001a1a4   Section        0  app_timer.o(i.compare_reg_update)
    compare_reg_update                       0x0001a1a5   Thumb Code   142  app_timer.o(i.compare_reg_update)
    i.conn_int_encode                        0x0001a24c   Section        0  ble_advdata.o(i.conn_int_encode)
    conn_int_encode                          0x0001a24d   Thumb Code   130  ble_advdata.o(i.conn_int_encode)
    i.conn_params_error_handler              0x0001a2d4   Section        0  main.o(i.conn_params_error_handler)
    conn_params_error_handler                0x0001a2d5   Thumb Code    12  main.o(i.conn_params_error_handler)
    i.conn_params_negotiation                0x0001a2e0   Section        0  ble_conn_params.o(i.conn_params_negotiation)
    conn_params_negotiation                  0x0001a2e1   Thumb Code    92  ble_conn_params.o(i.conn_params_negotiation)
    i.connection_instance_find               0x0001a348   Section        0  device_manager_peripheral.o(i.connection_instance_find)
    connection_instance_find                 0x0001a349   Thumb Code    38  device_manager_peripheral.o(i.connection_instance_find)
    i.connection_instance_init               0x0001a378   Section        0  device_manager_peripheral.o(i.connection_instance_init)
    connection_instance_init                 0x0001a379   Thumb Code    30  device_manager_peripheral.o(i.connection_instance_init)
    i.data_page_erase_state_run              0x0001a39c   Section        0  pstorage.o(i.data_page_erase_state_run)
    data_page_erase_state_run                0x0001a39d   Thumb Code    80  pstorage.o(i.data_page_erase_state_run)
    i.data_to_swap_write_state_run           0x0001a3f0   Section        0  pstorage.o(i.data_to_swap_write_state_run)
    data_to_swap_write_state_run             0x0001a3f1   Thumb Code    34  pstorage.o(i.data_to_swap_write_state_run)
    i.detection_delay_timeout_handler        0x0001a418   Section        0  app_button.o(i.detection_delay_timeout_handler)
    detection_delay_timeout_handler          0x0001a419   Thumb Code    92  app_button.o(i.detection_delay_timeout_handler)
    i.device_context_store                   0x0001a478   Section        0  device_manager_peripheral.o(i.device_context_store)
    device_context_store                     0x0001a479   Thumb Code   150  device_manager_peripheral.o(i.device_context_store)
    i.device_instance_allocate               0x0001a52c   Section        0  device_manager_peripheral.o(i.device_instance_allocate)
    device_instance_allocate                 0x0001a52d   Thumb Code    74  device_manager_peripheral.o(i.device_instance_allocate)
    i.device_instance_find                   0x0001a580   Section        0  device_manager_peripheral.o(i.device_instance_find)
    device_instance_find                     0x0001a581   Thumb Code    68  device_manager_peripheral.o(i.device_instance_find)
    i.device_instance_free                   0x0001a5c8   Section        0  device_manager_peripheral.o(i.device_instance_free)
    device_instance_free                     0x0001a5c9   Thumb Code    40  device_manager_peripheral.o(i.device_instance_free)
    i.device_manager_evt_handler             0x0001a5f4   Section        0  main.o(i.device_manager_evt_handler)
    device_manager_evt_handler               0x0001a5f5   Thumb Code    18  main.o(i.device_manager_evt_handler)
    i.device_manager_init                    0x0001a608   Section        0  main.o(i.device_manager_init)
    device_manager_init                      0x0001a609   Thumb Code   106  main.o(i.device_manager_init)
    i.dm_ble_evt_handler                     0x0001a67c   Section        0  device_manager_peripheral.o(i.dm_ble_evt_handler)
    i.dm_handle_initialize                   0x0001aa54   Section        0  device_manager_peripheral.o(i.dm_handle_initialize)
    i.dm_init                                0x0001aa70   Section        0  device_manager_peripheral.o(i.dm_init)
    i.dm_pstorage_cb_handler                 0x0001ab34   Section        0  device_manager_peripheral.o(i.dm_pstorage_cb_handler)
    dm_pstorage_cb_handler                   0x0001ab35   Thumb Code   370  device_manager_peripheral.o(i.dm_pstorage_cb_handler)
    i.dm_register                            0x0001acbc   Section        0  device_manager_peripheral.o(i.dm_register)
    i.elapsed_ticks_acquire                  0x0001ad30   Section        0  app_timer.o(i.elapsed_ticks_acquire)
    elapsed_ticks_acquire                    0x0001ad31   Thumb Code    58  app_timer.o(i.elapsed_ticks_acquire)
    i.flash_api_err_code_process             0x0001ad70   Section        0  pstorage.o(i.flash_api_err_code_process)
    flash_api_err_code_process               0x0001ad71   Thumb Code    28  pstorage.o(i.flash_api_err_code_process)
    i.flash_operation_success_run            0x0001ad90   Section        0  pstorage.o(i.flash_operation_success_run)
    flash_operation_success_run              0x0001ad91   Thumb Code   114  pstorage.o(i.flash_operation_success_run)
    i.flash_page_erase                       0x0001ae10   Section        0  pstorage.o(i.flash_page_erase)
    flash_page_erase                         0x0001ae11   Thumb Code    10  pstorage.o(i.flash_page_erase)
    i.flash_write                            0x0001ae1a   Section        0  pstorage.o(i.flash_write)
    flash_write                              0x0001ae1b   Thumb Code    10  pstorage.o(i.flash_write)
    i.gap_params_init                        0x0001ae24   Section        0  main.o(i.gap_params_init)
    gap_params_init                          0x0001ae25   Thumb Code    90  main.o(i.gap_params_init)
    i.gattc_context_apply                    0x0001ae8c   Section        0  device_manager_peripheral.o(i.gattc_context_apply)
    gattc_context_apply                      0x0001ae8d   Thumb Code     4  device_manager_peripheral.o(i.gattc_context_apply)
    i.gattc_context_load                     0x0001ae90   Section        0  device_manager_peripheral.o(i.gattc_context_load)
    gattc_context_load                       0x0001ae91   Thumb Code     4  device_manager_peripheral.o(i.gattc_context_load)
    i.gattc_context_store                    0x0001ae94   Section        0  device_manager_peripheral.o(i.gattc_context_store)
    gattc_context_store                      0x0001ae95   Thumb Code     4  device_manager_peripheral.o(i.gattc_context_store)
    i.gatts_context_apply                    0x0001ae98   Section        0  device_manager_peripheral.o(i.gatts_context_apply)
    gatts_context_apply                      0x0001ae99   Thumb Code   160  device_manager_peripheral.o(i.gatts_context_apply)
    i.gatts_context_load                     0x0001af48   Section        0  device_manager_peripheral.o(i.gatts_context_load)
    gatts_context_load                       0x0001af49   Thumb Code    44  device_manager_peripheral.o(i.gatts_context_load)
    i.gatts_context_store                    0x0001af78   Section        0  device_manager_peripheral.o(i.gatts_context_store)
    gatts_context_store                      0x0001af79   Thumb Code   158  device_manager_peripheral.o(i.gatts_context_store)
    i.gattsc_context_apply                   0x0001b024   Section        0  device_manager_peripheral.o(i.gattsc_context_apply)
    gattsc_context_apply                     0x0001b025   Thumb Code     8  device_manager_peripheral.o(i.gattsc_context_apply)
    i.gattsc_context_load                    0x0001b02c   Section        0  device_manager_peripheral.o(i.gattsc_context_load)
    gattsc_context_load                      0x0001b02d   Thumb Code     8  device_manager_peripheral.o(i.gattsc_context_load)
    i.gattsc_context_store                   0x0001b034   Section        0  device_manager_peripheral.o(i.gattsc_context_store)
    gattsc_context_store                     0x0001b035   Thumb Code     8  device_manager_peripheral.o(i.gattsc_context_store)
    i.gpiote_event_handler                   0x0001b03c   Section        0  app_button.o(i.gpiote_event_handler)
    gpiote_event_handler                     0x0001b03d   Thumb Code    74  app_button.o(i.gpiote_event_handler)
    i.head_restore_state_run                 0x0001b090   Section        0  pstorage.o(i.head_restore_state_run)
    head_restore_state_run                   0x0001b091   Thumb Code   110  pstorage.o(i.head_restore_state_run)
    i.heart_rate_meas_timeout_handler        0x0001b108   Section        0  main.o(i.heart_rate_meas_timeout_handler)
    heart_rate_meas_timeout_handler          0x0001b109   Thumb Code    80  main.o(i.heart_rate_meas_timeout_handler)
    i.heart_rate_measurement_char_add        0x0001b168   Section        0  ble_hrs.o(i.heart_rate_measurement_char_add)
    heart_rate_measurement_char_add          0x0001b169   Thumb Code   168  ble_hrs.o(i.heart_rate_measurement_char_add)
    i.hrm_encode                             0x0001b214   Section        0  ble_hrs.o(i.hrm_encode)
    hrm_encode                               0x0001b215   Thumb Code   136  ble_hrs.o(i.hrm_encode)
    i.intern_softdevice_events_execute       0x0001b29c   Section        0  softdevice_handler.o(i.intern_softdevice_events_execute)
    i.is_conn_params_ok                      0x0001b31c   Section        0  ble_conn_params.o(i.is_conn_params_ok)
    is_conn_params_ok                        0x0001b31d   Thumb Code    24  ble_conn_params.o(i.is_conn_params_ok)
    i.is_manual_peripheral_setup_needed      0x0001b338   Section        0  system_nrf51.o(i.is_manual_peripheral_setup_needed)
    is_manual_peripheral_setup_needed        0x0001b339   Thumb Code    66  system_nrf51.o(i.is_manual_peripheral_setup_needed)
    i.is_page_erase_required                 0x0001b380   Section        0  pstorage.o(i.is_page_erase_required)
    is_page_erase_required                   0x0001b381   Thumb Code    60  pstorage.o(i.is_page_erase_required)
    i.is_word_aligned                        0x0001b3c4   Section        0  pstorage.o(i.is_word_aligned)
    is_word_aligned                          0x0001b3c5   Thumb Code    12  pstorage.o(i.is_word_aligned)
    i.le_role_encode                         0x0001b3d0   Section        0  ble_advdata.o(i.le_role_encode)
    le_role_encode                           0x0001b3d1   Thumb Code    84  ble_advdata.o(i.le_role_encode)
    i.led_char_add                           0x0001b424   Section        0  ble_lbs.o(i.led_char_add)
    led_char_add                             0x0001b425   Thumb Code   144  ble_lbs.o(i.led_char_add)
    i.leds_timer_handler                     0x0001b4c8   Section        0  bsp.o(i.leds_timer_handler)
    leds_timer_handler                       0x0001b4c9   Thumb Code    18  bsp.o(i.leds_timer_handler)
    i.list_deletions_handler                 0x0001b4e0   Section        0  app_timer.o(i.list_deletions_handler)
    list_deletions_handler                   0x0001b4e1   Thumb Code   180  app_timer.o(i.list_deletions_handler)
    i.list_insertions_handler                0x0001b59c   Section        0  app_timer.o(i.list_insertions_handler)
    list_insertions_handler                  0x0001b59d   Thumb Code   202  app_timer.o(i.list_insertions_handler)
    i.main                                   0x0001b670   Section        0  main.o(i.main)
    i.main_state_err_busy_process            0x0001b740   Section        0  pstorage.o(i.main_state_err_busy_process)
    main_state_err_busy_process              0x0001b741   Thumb Code    20  pstorage.o(i.main_state_err_busy_process)
    i.manuf_specific_data_encode             0x0001b758   Section        0  ble_advdata.o(i.manuf_specific_data_encode)
    manuf_specific_data_encode               0x0001b759   Thumb Code   104  ble_advdata.o(i.manuf_specific_data_encode)
    i.name_encode                            0x0001b7c0   Section        0  ble_advdata.o(i.name_encode)
    name_encode                              0x0001b7c1   Thumb Code   158  ble_advdata.o(i.name_encode)
    i.no_service_context_apply               0x0001b85e   Section        0  device_manager_peripheral.o(i.no_service_context_apply)
    no_service_context_apply                 0x0001b85f   Thumb Code     4  device_manager_peripheral.o(i.no_service_context_apply)
    i.no_service_context_load                0x0001b862   Section        0  device_manager_peripheral.o(i.no_service_context_load)
    no_service_context_load                  0x0001b863   Thumb Code     4  device_manager_peripheral.o(i.no_service_context_load)
    i.no_service_context_store               0x0001b866   Section        0  device_manager_peripheral.o(i.no_service_context_store)
    no_service_context_store                 0x0001b867   Thumb Code     4  device_manager_peripheral.o(i.no_service_context_store)
    i.nrf_drv_common_irq_enable              0x0001b86c   Section        0  nrf_drv_common.o(i.nrf_drv_common_irq_enable)
    i.nrf_drv_gpiote_in_event_enable         0x0001b8cc   Section        0  nrf_drv_gpiote.o(i.nrf_drv_gpiote_in_event_enable)
    i.nrf_drv_gpiote_in_init                 0x0001b96c   Section        0  nrf_drv_gpiote.o(i.nrf_drv_gpiote_in_init)
    i.nrf_drv_gpiote_in_is_set               0x0001ba08   Section        0  nrf_drv_gpiote.o(i.nrf_drv_gpiote_in_is_set)
    i.nrf_drv_gpiote_init                    0x0001ba1c   Section        0  nrf_drv_gpiote.o(i.nrf_drv_gpiote_init)
    i.nrf_drv_gpiote_is_init                 0x0001ba70   Section        0  nrf_drv_gpiote.o(i.nrf_drv_gpiote_is_init)
    i.nrf_gpio_cfg                           0x0001ba80   Section        0  nrf_drv_gpiote.o(i.nrf_gpio_cfg)
    nrf_gpio_cfg                             0x0001ba81   Thumb Code    32  nrf_drv_gpiote.o(i.nrf_gpio_cfg)
    i.nrf_gpio_cfg_sense_set                 0x0001baa4   Section        0  nrf_drv_gpiote.o(i.nrf_gpio_cfg_sense_set)
    nrf_gpio_cfg_sense_set                   0x0001baa5   Thumb Code    26  nrf_drv_gpiote.o(i.nrf_gpio_cfg_sense_set)
    i.nrf_gpiote_event_is_set                0x0001bac4   Section        0  nrf_drv_gpiote.o(i.nrf_gpiote_event_is_set)
    nrf_gpiote_event_is_set                  0x0001bac5   Thumb Code    14  nrf_drv_gpiote.o(i.nrf_gpiote_event_is_set)
    i.nrf_uart_errorsrc_get_and_clear        0x0001bad8   Section        0  nrf_drv_uart.o(i.nrf_uart_errorsrc_get_and_clear)
    nrf_uart_errorsrc_get_and_clear          0x0001bad9   Thumb Code    12  nrf_drv_uart.o(i.nrf_uart_errorsrc_get_and_clear)
    i.nrf_uart_event_check                   0x0001bae4   Section        0  nrf_drv_uart.o(i.nrf_uart_event_check)
    nrf_uart_event_check                     0x0001bae5   Thumb Code    10  nrf_drv_uart.o(i.nrf_uart_event_check)
    i.nrf_uart_int_enable_check              0x0001baee   Section        0  nrf_drv_uart.o(i.nrf_uart_int_enable_check)
    nrf_uart_int_enable_check                0x0001baef   Thumb Code    16  nrf_drv_uart.o(i.nrf_uart_int_enable_check)
    i.on_adv_evt                             0x0001bafe   Section        0  main.o(i.on_adv_evt)
    on_adv_evt                               0x0001baff   Thumb Code    36  main.o(i.on_adv_evt)
    i.on_conn_params_evt                     0x0001bb24   Section        0  main.o(i.on_conn_params_evt)
    on_conn_params_evt                       0x0001bb25   Thumb Code    30  main.o(i.on_conn_params_evt)
    i.on_led_char_write                      0x0001bb48   Section        0  main.o(i.on_led_char_write)
    on_led_char_write                        0x0001bb49   Thumb Code    32  main.o(i.on_led_char_write)
    i.peer_address_exists                    0x0001bb68   Section        0  ble_advertising.o(i.peer_address_exists)
    peer_address_exists                      0x0001bb69   Thumb Code    22  ble_advertising.o(i.peer_address_exists)
    i.peer_instance_init                     0x0001bb80   Section        0  device_manager_peripheral.o(i.peer_instance_init)
    peer_instance_init                       0x0001bb81   Thumb Code    60  device_manager_peripheral.o(i.peer_instance_init)
    i.pin_in_use_by_gpiote                   0x0001bbc0   Section        0  nrf_drv_gpiote.o(i.pin_in_use_by_gpiote)
    pin_in_use_by_gpiote                     0x0001bbc1   Thumb Code    14  nrf_drv_gpiote.o(i.pin_in_use_by_gpiote)
    i.pin_in_use_by_port                     0x0001bbd4   Section        0  nrf_drv_gpiote.o(i.pin_in_use_by_port)
    pin_in_use_by_port                       0x0001bbd5   Thumb Code    20  nrf_drv_gpiote.o(i.pin_in_use_by_port)
    i.pin_in_use_by_te                       0x0001bbec   Section        0  nrf_drv_gpiote.o(i.pin_in_use_by_te)
    pin_in_use_by_te                         0x0001bbed   Thumb Code    20  nrf_drv_gpiote.o(i.pin_in_use_by_te)
    i.pnp_id_encode                          0x0001bc04   Section        0  ble_dis.o(i.pnp_id_encode)
    pnp_id_encode                            0x0001bc05   Thumb Code    62  ble_dis.o(i.pnp_id_encode)
    i.pstorage_access_status_get             0x0001bc44   Section        0  pstorage.o(i.pstorage_access_status_get)
    i.pstorage_block_identifier_get          0x0001bc6c   Section        0  pstorage.o(i.pstorage_block_identifier_get)
    i.pstorage_clear                         0x0001bcc0   Section        0  pstorage.o(i.pstorage_clear)
    i.pstorage_flash_page_end                0x0001bd64   Section        0  pstorage.o(i.pstorage_flash_page_end)
    pstorage_flash_page_end                  0x0001bd65   Thumb Code    32  pstorage.o(i.pstorage_flash_page_end)
    i.pstorage_flash_page_size               0x0001bd88   Section        0  pstorage.o(i.pstorage_flash_page_size)
    pstorage_flash_page_size                 0x0001bd89   Thumb Code    10  pstorage.o(i.pstorage_flash_page_size)
    i.pstorage_init                          0x0001bd94   Section        0  pstorage.o(i.pstorage_init)
    i.pstorage_load                          0x0001bde0   Section        0  pstorage.o(i.pstorage_load)
    i.pstorage_register                      0x0001be88   Section        0  pstorage.o(i.pstorage_register)
    i.pstorage_store                         0x0001bf44   Section        0  pstorage.o(i.pstorage_store)
    i.pstorage_sys_event_handler             0x0001bfd4   Section        0  pstorage.o(i.pstorage_sys_event_handler)
    i.pstorage_update                        0x0001c020   Section        0  pstorage.o(i.pstorage_update)
    i.rr_interval_timeout_handler            0x0001c0b0   Section        0  main.o(i.rr_interval_timeout_handler)
    rr_interval_timeout_handler              0x0001c0b1   Thumb Code    32  main.o(i.rr_interval_timeout_handler)
    i.rtc1_stop                              0x0001c0d8   Section        0  app_timer.o(i.rtc1_stop)
    rtc1_stop                                0x0001c0d9   Thumb Code    50  app_timer.o(i.rtc1_stop)
    i.rx_byte                                0x0001c11c   Section        0  nrf_drv_uart.o(i.rx_byte)
    rx_byte                                  0x0001c11d   Thumb Code    30  nrf_drv_uart.o(i.rx_byte)
    i.rx_done_event                          0x0001c148   Section        0  nrf_drv_uart.o(i.rx_done_event)
    rx_done_event                            0x0001c149   Thumb Code    28  nrf_drv_uart.o(i.rx_done_event)
    i.sensor_contact_detected_timeout_handler 0x0001c168   Section        0  main.o(i.sensor_contact_detected_timeout_handler)
    sensor_contact_detected_timeout_handler  0x0001c169   Thumb Code    20  main.o(i.sensor_contact_detected_timeout_handler)
    i.sensor_simulator_init                  0x0001c184   Section        0  main.o(i.sensor_simulator_init)
    sensor_simulator_init                    0x0001c185   Thumb Code    86  main.o(i.sensor_simulator_init)
    i.sensorsim_decrement                    0x0001c1e4   Section        0  sensorsim.o(i.sensorsim_decrement)
    i.sensorsim_increment                    0x0001c200   Section        0  sensorsim.o(i.sensorsim_increment)
    i.sensorsim_init                         0x0001c21c   Section        0  sensorsim.o(i.sensorsim_init)
    i.sensorsim_measure                      0x0001c234   Section        0  sensorsim.o(i.sensorsim_measure)
    i.service_data_encode                    0x0001c24e   Section        0  ble_advdata.o(i.service_data_encode)
    service_data_encode                      0x0001c24f   Thumb Code   142  ble_advdata.o(i.service_data_encode)
    i.services_init                          0x0001c2dc   Section        0  main.o(i.services_init)
    services_init                            0x0001c2dd   Thumb Code   252  main.o(i.services_init)
    i.sleep_mode_enter                       0x0001c3f4   Section        0  main.o(i.sleep_mode_enter)
    sleep_mode_enter                         0x0001c3f5   Thumb Code    52  main.o(i.sleep_mode_enter)
    i.sm_state_change                        0x0001c428   Section        0  pstorage.o(i.sm_state_change)
    sm_state_change                          0x0001c429   Thumb Code    62  pstorage.o(i.sm_state_change)
    i.softdevice_assertion_handler           0x0001c470   Section        0  softdevice_handler.o(i.softdevice_assertion_handler)
    i.softdevice_ble_evt_handler_set         0x0001c47c   Section        0  softdevice_handler.o(i.softdevice_ble_evt_handler_set)
    i.softdevice_handler_init                0x0001c490   Section        0  softdevice_handler.o(i.softdevice_handler_init)
    i.softdevice_sys_evt_handler_set         0x0001c4c0   Section        0  softdevice_handler.o(i.softdevice_sys_evt_handler_set)
    i.state_data_erase_swap_entry_run        0x0001c4d4   Section        0  pstorage.o(i.state_data_erase_swap_entry_run)
    state_data_erase_swap_entry_run          0x0001c4d5   Thumb Code    92  pstorage.o(i.state_data_erase_swap_entry_run)
    i.state_erase_data_page_entry_run        0x0001c538   Section        0  pstorage.o(i.state_erase_data_page_entry_run)
    state_erase_data_page_entry_run          0x0001c539   Thumb Code    12  pstorage.o(i.state_erase_data_page_entry_run)
    i.state_restore_head_entry_run           0x0001c548   Section        0  pstorage.o(i.state_restore_head_entry_run)
    state_restore_head_entry_run             0x0001c549   Thumb Code    36  pstorage.o(i.state_restore_head_entry_run)
    i.state_restore_tail_entry_run           0x0001c570   Section        0  pstorage.o(i.state_restore_tail_entry_run)
    state_restore_tail_entry_run             0x0001c571   Thumb Code    66  pstorage.o(i.state_restore_tail_entry_run)
    i.state_swap_erase_entry_run             0x0001c5bc   Section        0  pstorage.o(i.state_swap_erase_entry_run)
    state_swap_erase_entry_run               0x0001c5bd   Thumb Code    32  pstorage.o(i.state_swap_erase_entry_run)
    i.state_write_data_swap_entry_run        0x0001c5dc   Section        0  pstorage.o(i.state_write_data_swap_entry_run)
    state_write_data_swap_entry_run          0x0001c5dd   Thumb Code    42  pstorage.o(i.state_write_data_swap_entry_run)
    i.storage_operation_dummy_handler        0x0001c60c   Section        0  device_manager_peripheral.o(i.storage_operation_dummy_handler)
    storage_operation_dummy_handler          0x0001c60d   Thumb Code     4  device_manager_peripheral.o(i.storage_operation_dummy_handler)
    i.store_cmd_flash_write_execute          0x0001c610   Section        0  pstorage.o(i.store_cmd_flash_write_execute)
    store_cmd_flash_write_execute            0x0001c611   Thumb Code    82  pstorage.o(i.store_cmd_flash_write_execute)
    i.swap_erase_state_run                   0x0001c66c   Section        0  pstorage.o(i.swap_erase_state_run)
    swap_erase_state_run                     0x0001c66d   Thumb Code    24  pstorage.o(i.swap_erase_state_run)
    i.swap_sub_state_err_busy_process        0x0001c688   Section        0  pstorage.o(i.swap_sub_state_err_busy_process)
    swap_sub_state_err_busy_process          0x0001c689   Thumb Code    20  pstorage.o(i.swap_sub_state_err_busy_process)
    i.swap_sub_state_state_change            0x0001c6a0   Section        0  pstorage.o(i.swap_sub_state_state_change)
    swap_sub_state_state_change              0x0001c6a1   Thumb Code    12  pstorage.o(i.swap_sub_state_state_change)
    i.sys_evt_dispatch                       0x0001c6b4   Section        0  main.o(i.sys_evt_dispatch)
    sys_evt_dispatch                         0x0001c6b5   Thumb Code    16  main.o(i.sys_evt_dispatch)
    i.sys_id_encode                          0x0001c6c4   Section        0  ble_dis.o(i.sys_id_encode)
    sys_id_encode                            0x0001c6c5   Thumb Code    86  ble_dis.o(i.sys_id_encode)
    i.tail_restore_state_run                 0x0001c71c   Section        0  pstorage.o(i.tail_restore_state_run)
    tail_restore_state_run                   0x0001c71d   Thumb Code    22  pstorage.o(i.tail_restore_state_run)
    i.timer_list_handler                     0x0001c738   Section        0  app_timer.o(i.timer_list_handler)
    timer_list_handler                       0x0001c739   Thumb Code   128  app_timer.o(i.timer_list_handler)
    i.timer_list_handler_sched               0x0001c7bc   Section        0  app_timer.o(i.timer_list_handler_sched)
    timer_list_handler_sched                 0x0001c7bd   Thumb Code    10  app_timer.o(i.timer_list_handler_sched)
    i.timer_list_insert                      0x0001c7cc   Section        0  app_timer.o(i.timer_list_insert)
    timer_list_insert                        0x0001c7cd   Thumb Code    60  app_timer.o(i.timer_list_insert)
    i.timer_timeouts_check                   0x0001c80c   Section        0  app_timer.o(i.timer_timeouts_check)
    timer_timeouts_check                     0x0001c80d   Thumb Code   122  app_timer.o(i.timer_timeouts_check)
    i.timers_init                            0x0001c890   Section        0  main.o(i.timers_init)
    timers_init                              0x0001c891   Thumb Code   122  main.o(i.timers_init)
    i.tx_byte                                0x0001c924   Section        0  nrf_drv_uart.o(i.tx_byte)
    tx_byte                                  0x0001c925   Thumb Code    30  nrf_drv_uart.o(i.tx_byte)
    i.tx_done_event                          0x0001c950   Section        0  nrf_drv_uart.o(i.tx_done_event)
    tx_done_event                            0x0001c951   Thumb Code    26  nrf_drv_uart.o(i.tx_done_event)
    i.uint16_encode                          0x0001c970   Section        0  ble_advdata.o(i.uint16_encode)
    uint16_encode                            0x0001c971   Thumb Code    10  ble_advdata.o(i.uint16_encode)
    i.update_status_bit_reset                0x0001c97c   Section        0  device_manager_peripheral.o(i.update_status_bit_reset)
    update_status_bit_reset                  0x0001c97d   Thumb Code    14  device_manager_peripheral.o(i.update_status_bit_reset)
    i.update_timeout_handler                 0x0001c990   Section        0  ble_conn_params.o(i.update_timeout_handler)
    update_timeout_handler                   0x0001c991   Thumb Code    86  ble_conn_params.o(i.update_timeout_handler)
    i.user_id_get                            0x0001c9f4   Section        0  app_timer.o(i.user_id_get)
    user_id_get                              0x0001c9f5   Thumb Code    74  app_timer.o(i.user_id_get)
    i.user_op_alloc                          0x0001ca48   Section        0  app_timer.o(i.user_op_alloc)
    user_op_alloc                            0x0001ca49   Thumb Code    38  app_timer.o(i.user_op_alloc)
    i.uuid_list_encode                       0x0001ca6e   Section        0  ble_advdata.o(i.uuid_list_encode)
    uuid_list_encode                         0x0001ca6f   Thumb Code    48  ble_advdata.o(i.uuid_list_encode)
    i.uuid_list_sized_encode                 0x0001ca9e   Section        0  ble_advdata.o(i.uuid_list_sized_encode)
    uuid_list_sized_encode                   0x0001ca9f   Thumb Code   174  ble_advdata.o(i.uuid_list_sized_encode)
    i.whitelist_has_entries                  0x0001cb4c   Section        0  ble_advertising.o(i.whitelist_has_entries)
    whitelist_has_entries                    0x0001cb4d   Thumb Code    16  ble_advertising.o(i.whitelist_has_entries)
    .constdata                               0x0001cb5c   Section       16  main.o(.constdata)
    m_battery_timer_id                       0x0001cb5c   Data           4  main.o(.constdata)
    m_heart_rate_timer_id                    0x0001cb60   Data           4  main.o(.constdata)
    m_rr_interval_timer_id                   0x0001cb64   Data           4  main.o(.constdata)
    m_sensor_contact_timer_id                0x0001cb68   Data           4  main.o(.constdata)
    .constdata                               0x0001cb6c   Section       36  bsp.o(.constdata)
    m_leds_timer_id                          0x0001cb6c   Data           4  bsp.o(.constdata)
    m_alert_timer_id                         0x0001cb70   Data           4  bsp.o(.constdata)
    m_button_timer_id                        0x0001cb74   Data           4  bsp.o(.constdata)
    m_buttons_list                           0x0001cb78   Data           8  bsp.o(.constdata)
    app_buttons                              0x0001cb80   Data          16  bsp.o(.constdata)
    .constdata                               0x0001cb90   Section        4  ble_conn_params.o(.constdata)
    m_conn_params_timer_id                   0x0001cb90   Data           4  ble_conn_params.o(.constdata)
    .constdata                               0x0001cb94   Section       52  device_manager_peripheral.o(.constdata)
    .constdata                               0x0001cbc8   Section       16  ble_lbs.o(.constdata)
    .constdata                               0x0001cbd8   Section       40  pstorage.o(.constdata)
    swap_sub_state_sm_lut                    0x0001cbd8   Data          20  pstorage.o(.constdata)
    swap_sub_state_sm_lut                    0x0001cbec   Data          20  pstorage.o(.constdata)
    .constdata                               0x0001cc00   Section        8  app_button.o(.constdata)
    m_detection_delay_timer_id               0x0001cc00   Data           4  app_button.o(.constdata)
    .data                                    0x20002000   Section       52  main.o(.data)
    m_rr_interval_enabled                    0x20002000   Data           1  main.o(.data)
    sensor_contact_detected                  0x20002001   Data           1  main.o(.data)
    m_app_handle                             0x20002002   Data           1  main.o(.data)
    m_conn_handle                            0x20002004   Data           2  main.o(.data)
    m_sr_uuids                               0x20002006   Data           4  main.o(.data)
    cnt                                      0x2000200c   Data           4  main.o(.data)
    m_battery_sim_state                      0x20002010   Data           8  main.o(.data)
    m_heart_rate_sim_state                   0x20002018   Data           8  main.o(.data)
    m_rr_interval_sim_state                  0x20002020   Data           8  main.o(.data)
    m_adv_uuids                              0x20002028   Data          12  main.o(.data)
    .data                                    0x20002034   Section       26  bsp.o(.data)
    m_stable_state                           0x20002034   Data           1  bsp.o(.data)
    current_long_push_pin_no                 0x20002035   Data           1  bsp.o(.data)
    release_event_at_push                    0x20002036   Data           2  bsp.o(.data)
    m_app_ticks_per_100ms                    0x20002038   Data           4  bsp.o(.data)
    m_indication_type                        0x2000203c   Data           4  bsp.o(.data)
    m_alert_mask                             0x20002040   Data           4  bsp.o(.data)
    m_registered_callback                    0x20002044   Data           4  bsp.o(.data)
    m_events_list                            0x20002048   Data           6  bsp.o(.data)
    .data                                    0x20002050   Section        8  bsp_btn_ble.o(.data)
    m_error_handler                          0x20002050   Data           4  bsp_btn_ble.o(.data)
    m_num_connections                        0x20002054   Data           4  bsp_btn_ble.o(.data)
    .data                                    0x20002058   Section        4  system_nrf51.o(.data)
    __tagsym$$used                           0x20002058   Number         0  system_nrf51.o(.data)
    .data                                    0x2000205c   Section       20  ble_conn_params.o(.data)
    m_change_param                           0x2000205c   Data           1  ble_conn_params.o(.data)
    m_update_count                           0x2000205d   Data           1  ble_conn_params.o(.data)
    m_conn_handle                            0x2000205e   Data           2  ble_conn_params.o(.data)
    m_preferred_conn_params                  0x20002060   Data           8  ble_conn_params.o(.data)
    m_current_conn_params                    0x20002068   Data           8  ble_conn_params.o(.data)
    .data                                    0x20002070   Section       74  ble_dis.o(.data)
    service_handle                           0x20002070   Data           2  ble_dis.o(.data)
    manufact_name_handles                    0x20002072   Data           8  ble_dis.o(.data)
    model_num_handles                        0x2000207a   Data           8  ble_dis.o(.data)
    serial_num_handles                       0x20002082   Data           8  ble_dis.o(.data)
    hw_rev_handles                           0x2000208a   Data           8  ble_dis.o(.data)
    fw_rev_handles                           0x20002092   Data           8  ble_dis.o(.data)
    sw_rev_handles                           0x2000209a   Data           8  ble_dis.o(.data)
    sys_id_handles                           0x200020a2   Data           8  ble_dis.o(.data)
    reg_cert_data_list_handles               0x200020aa   Data           8  ble_dis.o(.data)
    pnp_id_handles                           0x200020b2   Data           8  ble_dis.o(.data)
    .data                                    0x200020bc   Section       24  device_manager_peripheral.o(.data)
    m_module_initialized                     0x200020bc   Data           1  device_manager_peripheral.o(.data)
    m_peer_addr_update                       0x200020c0   Data           4  device_manager_peripheral.o(.data)
    m_irk_index_table                        0x200020c4   Data           7  device_manager_peripheral.o(.data)
    m_storage_handle                         0x200020cc   Data           8  device_manager_peripheral.o(.data)
    .data                                    0x200020d4   Section       31  ble_advertising.o(.data)
    m_advertising_start_pending              0x200020d4   Data           1  ble_advertising.o(.data)
    m_whitelist_temporarily_disabled         0x200020d5   Data           1  ble_advertising.o(.data)
    m_whitelist_reply_expected               0x200020d6   Data           1  ble_advertising.o(.data)
    m_peer_addr_reply_expected               0x200020d7   Data           1  ble_advertising.o(.data)
    m_adv_evt                                0x200020d8   Data           1  ble_advertising.o(.data)
    m_adv_mode_current                       0x200020d9   Data           1  ble_advertising.o(.data)
    m_tx_power_level                         0x200020da   Data           1  ble_advertising.o(.data)
    current_slave_link_conn_handle           0x200020dc   Data           2  ble_advertising.o(.data)
    m_evt_handler                            0x200020e0   Data           4  ble_advertising.o(.data)
    m_error_handler                          0x200020e4   Data           4  ble_advertising.o(.data)
    m_slave_conn_int                         0x200020e8   Data           4  ble_advertising.o(.data)
    m_peer_address                           0x200020ec   Data           7  ble_advertising.o(.data)
    .data                                    0x200020f4   Section       36  pstorage.o(.data)
    m_state                                  0x200020f4   Data           1  pstorage.o(.data)
    m_swap_sub_state                         0x200020f5   Data           1  pstorage.o(.data)
    m_next_app_instance                      0x200020f6   Data           2  pstorage.o(.data)
    m_flags                                  0x200020f8   Data           4  pstorage.o(.data)
    m_next_page_addr                         0x200020fc   Data           4  pstorage.o(.data)
    m_head_word_size                         0x20002100   Data           4  pstorage.o(.data)
    m_tail_word_size                         0x20002104   Data           4  pstorage.o(.data)
    m_current_page_id                        0x20002108   Data           4  pstorage.o(.data)
    m_num_of_command_retries                 0x2000210c   Data           4  pstorage.o(.data)
    m_num_of_bytes_written                   0x20002110   Data           4  pstorage.o(.data)
    m_app_data_size                          0x20002114   Data           4  pstorage.o(.data)
    .data                                    0x20002118   Section       20  app_button.o(.data)
    m_button_count                           0x20002118   Data           1  app_button.o(.data)
    mp_buttons                               0x2000211c   Data           4  app_button.o(.data)
    m_detection_delay                        0x20002120   Data           4  app_button.o(.data)
    m_pin_state                              0x20002124   Data           4  app_button.o(.data)
    m_pin_transition                         0x20002128   Data           4  app_button.o(.data)
    .data                                    0x2000212c   Section       32  app_timer.o(.data)
    m_user_array_size                        0x2000212c   Data           1  app_timer.o(.data)
    m_ticks_elapsed_q_read_ind               0x2000212d   Data           1  app_timer.o(.data)
    m_ticks_elapsed_q_write_ind              0x2000212e   Data           1  app_timer.o(.data)
    m_rtc1_running                           0x2000212f   Data           1  app_timer.o(.data)
    m_rtc1_reset                             0x20002130   Data           1  app_timer.o(.data)
    mp_users                                 0x20002134   Data           4  app_timer.o(.data)
    mp_timer_id_head                         0x20002138   Data           4  app_timer.o(.data)
    m_ticks_latest                           0x2000213c   Data           4  app_timer.o(.data)
    m_evt_schedule_func                      0x20002140   Data           4  app_timer.o(.data)
    m_ticks_elapsed                          0x20002144   Data           8  app_timer.o(.data)
    .data                                    0x2000214c   Section       20  softdevice_handler.o(.data)
    m_softdevice_enabled                     0x2000214c   Data           1  softdevice_handler.o(.data)
    m_ble_evt_buffer_size                    0x2000214e   Data           2  softdevice_handler.o(.data)
    m_evt_schedule_func                      0x20002150   Data           4  softdevice_handler.o(.data)
    mp_ble_evt_buffer                        0x20002154   Data           4  softdevice_handler.o(.data)
    m_ble_evt_handler                        0x20002158   Data           4  softdevice_handler.o(.data)
    m_sys_evt_handler                        0x2000215c   Data           4  softdevice_handler.o(.data)
    .bss                                     0x20002160   Section       32  main.o(.bss)
    m_battery_timer_id_data                  0x20002160   Data          32  main.o(.bss)
    .bss                                     0x20002180   Section       32  main.o(.bss)
    m_heart_rate_timer_id_data               0x20002180   Data          32  main.o(.bss)
    .bss                                     0x200021a0   Section       32  main.o(.bss)
    m_rr_interval_timer_id_data              0x200021a0   Data          32  main.o(.bss)
    .bss                                     0x200021c0   Section       32  main.o(.bss)
    m_sensor_contact_timer_id_data           0x200021c0   Data          32  main.o(.bss)
    .bss                                     0x200021e0   Section      708  main.o(.bss)
    APP_TIMER_BUF                            0x200021e0   Data         456  main.o(.bss)
    BLE_EVT_BUFFER                           0x200023a8   Data          72  main.o(.bss)
    m_bas                                    0x200023f0   Data          24  main.o(.bss)
    m_hrs                                    0x20002408   Data          80  main.o(.bss)
    m_lbs                                    0x20002458   Data          28  main.o(.bss)
    m_battery_sim_cfg                        0x20002474   Data          16  main.o(.bss)
    m_heart_rate_sim_cfg                     0x20002484   Data          16  main.o(.bss)
    m_rr_interval_sim_cfg                    0x20002494   Data          16  main.o(.bss)
    .bss                                     0x200024a4   Section       32  bsp.o(.bss)
    m_leds_timer_id_data                     0x200024a4   Data          32  bsp.o(.bss)
    .bss                                     0x200024c4   Section       32  bsp.o(.bss)
    m_alert_timer_id_data                    0x200024c4   Data          32  bsp.o(.bss)
    .bss                                     0x200024e4   Section       32  bsp.o(.bss)
    m_button_timer_id_data                   0x200024e4   Data          32  bsp.o(.bss)
    .bss                                     0x20002504   Section       32  ble_conn_params.o(.bss)
    m_conn_params_timer_id_data              0x20002504   Data          32  ble_conn_params.o(.bss)
    .bss                                     0x20002524   Section       28  ble_conn_params.o(.bss)
    m_conn_params_config                     0x20002524   Data          28  ble_conn_params.o(.bss)
    .bss                                     0x20002540   Section      335  device_manager_peripheral.o(.bss)
    m_app_context_table                      0x20002540   Data          28  device_manager_peripheral.o(.bss)
    m_peer_table                             0x2000255c   Data         196  device_manager_peripheral.o(.bss)
    m_bond_table                             0x20002620   Data          28  device_manager_peripheral.o(.bss)
    m_gatts_table                            0x2000263c   Data          36  device_manager_peripheral.o(.bss)
    m_connection_table                       0x20002660   Data          12  device_manager_peripheral.o(.bss)
    m_application_table                      0x2000266c   Data          12  device_manager_peripheral.o(.bss)
    m_local_id_info                          0x20002678   Data          23  device_manager_peripheral.o(.bss)
    .bss                                     0x20002690   Section      259  ble_advertising.o(.bss)
    m_advdata                                0x20002690   Data          56  ble_advertising.o(.bss)
    m_adv_modes_config                       0x200026c8   Data          36  ble_advertising.o(.bss)
    m_whitelist                              0x200026ec   Data          16  ble_advertising.o(.bss)
    mp_whitelist_addr                        0x200026fc   Data          32  ble_advertising.o(.bss)
    mp_whitelist_irk                         0x2000271c   Data          32  ble_advertising.o(.bss)
    m_manuf_specific_data                    0x2000273c   Data          12  ble_advertising.o(.bss)
    m_manuf_data_array                       0x20002748   Data          31  ble_advertising.o(.bss)
    m_service_data                           0x20002768   Data          12  ble_advertising.o(.bss)
    m_service_data_array                     0x20002774   Data          31  ble_advertising.o(.bss)
    .bss                                     0x20002794   Section       72  nrf_drv_gpiote.o(.bss)
    m_cb                                     0x20002794   Data          72  nrf_drv_gpiote.o(.bss)
    .bss                                     0x200027dc   Section       24  nrf_drv_uart.o(.bss)
    m_cb                                     0x200027dc   Data          24  nrf_drv_uart.o(.bss)
    .bss                                     0x200027f4   Section      216  pstorage.o(.bss)
    m_cmd_queue                              0x200027f4   Data         204  pstorage.o(.bss)
    m_app_table                              0x200028c0   Data          12  pstorage.o(.bss)
    .bss                                     0x200028cc   Section       32  app_button.o(.bss)
    m_detection_delay_timer_id_data          0x200028cc   Data          32  app_button.o(.bss)
    STACK                                    0x200028f0   Section     2048  arm_startup_nrf51.o(STACK)

    Global Symbols

    Symbol Name                              Value     Ov Type        Size  Object(Section)

    BuildAttributes$$THM_ISAv3M$S$PE$A:L22$X:L11$S22$IEEE1$IW$USESV6$~STKCKD$USESV7$~SHL$OSPACE$EBA8$MICROLIB$REQ8$PRES8$EABIv2 0x00000000   Number         0  anon$$obj.o ABSOLUTE
    __ARM_use_no_argv                        0x00000000   Number         0  main.o ABSOLUTE
    __cpp_initialize__aeabi_                  - Undefined Weak Reference
    __cxa_finalize                            - Undefined Weak Reference
    _clock_init                               - Undefined Weak Reference
    _microlib_exit                            - Undefined Weak Reference
    __Vectors_Size                           0x000000c0   Number         0  arm_startup_nrf51.o ABSOLUTE
    __Vectors                                0x00018000   Data           4  arm_startup_nrf51.o(RESET)
    __Vectors_End                            0x000180c0   Data           0  arm_startup_nrf51.o(RESET)
    __main                                   0x000180c1   Thumb Code     0  entry.o(.ARM.Collect$$$$00000000)
    _main_stk                                0x000180c1   Thumb Code     0  entry2.o(.ARM.Collect$$$$00000001)
    _main_scatterload                        0x000180c5   Thumb Code     0  entry5.o(.ARM.Collect$$$$00000004)
    __main_after_scatterload                 0x000180c9   Thumb Code     0  entry5.o(.ARM.Collect$$$$00000004)
    _main_clock                              0x000180c9   Thumb Code     0  entry7b.o(.ARM.Collect$$$$00000008)
    _main_cpp_init                           0x000180c9   Thumb Code     0  entry8b.o(.ARM.Collect$$$$0000000A)
    _main_init                               0x000180c9   Thumb Code     0  entry9a.o(.ARM.Collect$$$$0000000B)
    __rt_final_cpp                           0x000180d1   Thumb Code     0  entry10a.o(.ARM.Collect$$$$0000000D)
    __rt_final_exit                          0x000180d1   Thumb Code     0  entry11a.o(.ARM.Collect$$$$0000000F)
    __asm___11_app_timer_c_cd27f9c3__nrf_delay_us 0x000180d5   Thumb Code    30  app_timer.o(.emb_text)
    Reset_Handler                            0x000180f5   Thumb Code    26  arm_startup_nrf51.o(.text)
    NMI_Handler                              0x0001810f   Thumb Code     2  arm_startup_nrf51.o(.text)
    HardFault_Handler                        0x00018111   Thumb Code     2  arm_startup_nrf51.o(.text)
    SVC_Handler                              0x00018113   Thumb Code     2  arm_startup_nrf51.o(.text)
    PendSV_Handler                           0x00018115   Thumb Code     2  arm_startup_nrf51.o(.text)
    SysTick_Handler                          0x00018117   Thumb Code     2  arm_startup_nrf51.o(.text)
    ADC_IRQHandler                           0x00018119   Thumb Code     0  arm_startup_nrf51.o(.text)
    CCM_AAR_IRQHandler                       0x00018119   Thumb Code     0  arm_startup_nrf51.o(.text)
    ECB_IRQHandler                           0x00018119   Thumb Code     0  arm_startup_nrf51.o(.text)
    LPCOMP_IRQHandler                        0x00018119   Thumb Code     0  arm_startup_nrf51.o(.text)
    POWER_CLOCK_IRQHandler                   0x00018119   Thumb Code     0  arm_startup_nrf51.o(.text)
    QDEC_IRQHandler                          0x00018119   Thumb Code     0  arm_startup_nrf51.o(.text)
    RADIO_IRQHandler                         0x00018119   Thumb Code     0  arm_startup_nrf51.o(.text)
    RNG_IRQHandler                           0x00018119   Thumb Code     0  arm_startup_nrf51.o(.text)
    RTC0_IRQHandler                          0x00018119   Thumb Code     0  arm_startup_nrf51.o(.text)
    SPI0_TWI0_IRQHandler                     0x00018119   Thumb Code     0  arm_startup_nrf51.o(.text)
    SPI1_TWI1_IRQHandler                     0x00018119   Thumb Code     0  arm_startup_nrf51.o(.text)
    SWI1_IRQHandler                          0x00018119   Thumb Code     0  arm_startup_nrf51.o(.text)
    SWI3_IRQHandler                          0x00018119   Thumb Code     0  arm_startup_nrf51.o(.text)
    SWI4_IRQHandler                          0x00018119   Thumb Code     0  arm_startup_nrf51.o(.text)
    SWI5_IRQHandler                          0x00018119   Thumb Code     0  arm_startup_nrf51.o(.text)
    TEMP_IRQHandler                          0x00018119   Thumb Code     0  arm_startup_nrf51.o(.text)
    TIMER0_IRQHandler                        0x00018119   Thumb Code     0  arm_startup_nrf51.o(.text)
    TIMER1_IRQHandler                        0x00018119   Thumb Code     0  arm_startup_nrf51.o(.text)
    TIMER2_IRQHandler                        0x00018119   Thumb Code     0  arm_startup_nrf51.o(.text)
    WDT_IRQHandler                           0x00018119   Thumb Code     0  arm_startup_nrf51.o(.text)
    __aeabi_uidiv                            0x0001812d   Thumb Code     0  uidiv.o(.text)
    __aeabi_uidivmod                         0x0001812d   Thumb Code    44  uidiv.o(.text)
    __aeabi_idiv                             0x00018159   Thumb Code     0  idiv.o(.text)
    __aeabi_idivmod                          0x00018159   Thumb Code    40  idiv.o(.text)
    ___aeabi_memcpy8$move                    0x00018181   Thumb Code     0  memmovea.o(.text)
    __aeabi_memcpy                           0x00018181   Thumb Code    64  memmovea.o(.text)
    __aeabi_memcpy4                          0x00018181   Thumb Code     0  memmovea.o(.text)
    __aeabi_memmove                          0x00018181   Thumb Code     0  memmovea.o(.text)
    __aeabi_memmove4                         0x00018181   Thumb Code     0  memmovea.o(.text)
    __aeabi_memmove8                         0x00018181   Thumb Code     0  memmovea.o(.text)
    __aeabi_memset                           0x000181c1   Thumb Code    14  memseta.o(.text)
    __aeabi_memset4                          0x000181c1   Thumb Code     0  memseta.o(.text)
    __aeabi_memset8                          0x000181c1   Thumb Code     0  memseta.o(.text)
    __aeabi_memclr                           0x000181cf   Thumb Code     4  memseta.o(.text)
    __aeabi_memclr4                          0x000181cf   Thumb Code     0  memseta.o(.text)
    __aeabi_memclr8                          0x000181cf   Thumb Code     0  memseta.o(.text)
    _memset$wrapper                          0x000181d3   Thumb Code    18  memseta.o(.text)
    strlen                                   0x000181e5   Thumb Code    14  strlen.o(.text)
    memcmp                                   0x000181f3   Thumb Code    26  memcmp.o(.text)
    __scatterload                            0x0001820d   Thumb Code    28  init.o(.text)
    __scatterload_rt2                        0x0001820d   Thumb Code     0  init.o(.text)
    __decompress                             0x00018231   Thumb Code     0  __dczerorl.o(.text)
    __decompress0                            0x00018231   Thumb Code    58  __dczerorl.o(.text)
    GPIOTE_IRQHandler                        0x0001826d   Thumb Code   236  nrf_drv_gpiote.o(i.GPIOTE_IRQHandler)
    RTC1_IRQHandler                          0x000183b9   Thumb Code    28  app_timer.o(i.RTC1_IRQHandler)
    SWI0_IRQHandler                          0x000183d9   Thumb Code     8  app_timer.o(i.SWI0_IRQHandler)
    SWI2_IRQHandler                          0x000183e1   Thumb Code    32  softdevice_handler.o(i.SWI2_IRQHandler)
    SystemInit                               0x00018405   Thumb Code    64  system_nrf51.o(i.SystemInit)
    UART0_IRQHandler                         0x00018459   Thumb Code   244  nrf_drv_uart.o(i.UART0_IRQHandler)
    __ARM_common_switch8                     0x00018559   Thumb Code    26  main.o(i.__ARM_common_switch8)
    __scatterload_copy                       0x00018573   Thumb Code    14  handlers.o(i.__scatterload_copy)
    __scatterload_null                       0x00018581   Thumb Code     2  handlers.o(i.__scatterload_null)
    __scatterload_zeroinit                   0x00018583   Thumb Code    14  handlers.o(i.__scatterload_zeroinit)
    adv_data_encode                          0x00018591   Thumb Code   534  ble_advdata.o(i.adv_data_encode)
    app_button_enable                        0x0001887d   Thumb Code    32  app_button.o(i.app_button_enable)
    app_button_init                          0x000188a1   Thumb Code   100  app_button.o(i.app_button_init)
    app_error_handler                        0x00018915   Thumb Code    16  app_error.o(i.app_error_handler)
    app_timer_create                         0x00018985   Thumb Code    40  app_timer.o(i.app_timer_create)
    app_timer_init                           0x000189b1   Thumb Code   126  app_timer.o(i.app_timer_init)
    app_timer_start                          0x00018a41   Thumb Code   114  app_timer.o(i.app_timer_start)
    app_timer_stop                           0x00018abd   Thumb Code    78  app_timer.o(i.app_timer_stop)
    ble_advdata_set                          0x00018cf1   Thumb Code   104  ble_advdata.o(i.ble_advdata_set)
    ble_advertising_init                     0x00018d59   Thumb Code   284  ble_advertising.o(i.ble_advertising_init)
    ble_advertising_on_ble_evt               0x00018e7d   Thumb Code   112  ble_advertising.o(i.ble_advertising_on_ble_evt)
    ble_advertising_on_sys_evt               0x00018ef1   Thumb Code    42  ble_advertising.o(i.ble_advertising_on_sys_evt)
    ble_advertising_restart_without_whitelist 0x00018f31   Thumb Code    56  ble_advertising.o(i.ble_advertising_restart_without_whitelist)
    ble_advertising_start                    0x00018f71   Thumb Code   470  ble_advertising.o(i.ble_advertising_start)
    ble_bas_battery_level_update             0x00019151   Thumb Code   112  ble_bas.o(i.ble_bas_battery_level_update)
    ble_bas_init                             0x000191c5   Thumb Code    66  ble_bas.o(i.ble_bas_init)
    ble_bas_on_ble_evt                       0x0001920d   Thumb Code    94  ble_bas.o(i.ble_bas_on_ble_evt)
    ble_conn_params_init                     0x0001926d   Thumb Code    68  ble_conn_params.o(i.ble_conn_params_init)
    ble_conn_params_on_ble_evt               0x000192c1   Thumb Code   132  ble_conn_params.o(i.ble_conn_params_on_ble_evt)
    ble_dis_init                             0x000193b1   Thumb Code   308  ble_dis.o(i.ble_dis_init)
    ble_hrs_heart_rate_measurement_send      0x0001955d   Thumb Code    82  ble_hrs.o(i.ble_hrs_heart_rate_measurement_send)
    ble_hrs_init                             0x000195b5   Thumb Code    86  ble_hrs.o(i.ble_hrs_init)
    ble_hrs_on_ble_evt                       0x00019611   Thumb Code    80  ble_hrs.o(i.ble_hrs_on_ble_evt)
    ble_hrs_rr_interval_add                  0x00019661   Thumb Code    46  ble_hrs.o(i.ble_hrs_rr_interval_add)
    ble_hrs_sensor_contact_detected_update   0x0001968f   Thumb Code     6  ble_hrs.o(i.ble_hrs_sensor_contact_detected_update)
    ble_lbs_init                             0x00019695   Thumb Code    86  ble_lbs.o(i.ble_lbs_init)
    ble_lbs_on_ble_evt                       0x000196f5   Thumb Code    52  ble_lbs.o(i.ble_lbs_on_ble_evt)
    ble_lbs_on_button_change                 0x00019729   Thumb Code    46  ble_lbs.o(i.ble_lbs_on_button_change)
    ble_srv_ascii_to_utf8                    0x00019757   Thumb Code    18  ble_srv_common.o(i.ble_srv_ascii_to_utf8)
    ble_srv_report_ref_encode                0x00019769   Thumb Code    12  ble_srv_common.o(i.ble_srv_report_ref_encode)
    bond_data_load                           0x00019861   Thumb Code    58  device_manager_peripheral.o(i.bond_data_load)
    bsp_btn_ble_init                         0x000198a9   Thumb Code    80  bsp_btn_ble.o(i.bsp_btn_ble_init)
    bsp_btn_ble_on_ble_evt                   0x000198fd   Thumb Code   132  bsp_btn_ble.o(i.bsp_btn_ble_on_ble_evt)
    bsp_btn_ble_sleep_mode_prepare           0x00019985   Thumb Code    20  bsp_btn_ble.o(i.bsp_btn_ble_sleep_mode_prepare)
    bsp_button_is_pressed                    0x00019a3d   Thumb Code    34  bsp.o(i.bsp_button_is_pressed)
    bsp_event_handler                        0x00019a69   Thumb Code    78  main.o(i.bsp_event_handler)
    bsp_event_to_button_action_assign        0x00019ac1   Thumb Code    66  bsp.o(i.bsp_event_to_button_action_assign)
    bsp_indication_set                       0x00019b09   Thumb Code    22  bsp.o(i.bsp_indication_set)
    bsp_indication_text_set                  0x00019b25   Thumb Code     8  bsp.o(i.bsp_indication_text_set)
    bsp_init                                 0x00019b2d   Thumb Code   134  bsp.o(i.bsp_init)
    bsp_wakeup_buttons_set                   0x00019d95   Thumb Code    50  bsp.o(i.bsp_wakeup_buttons_set)
    dm_ble_evt_handler                       0x0001a67d   Thumb Code   962  device_manager_peripheral.o(i.dm_ble_evt_handler)
    dm_handle_initialize                     0x0001aa55   Thumb Code    22  device_manager_peripheral.o(i.dm_handle_initialize)
    dm_init                                  0x0001aa71   Thumb Code   174  device_manager_peripheral.o(i.dm_init)
    dm_register                              0x0001acbd   Thumb Code   104  device_manager_peripheral.o(i.dm_register)
    intern_softdevice_events_execute         0x0001b29d   Thumb Code   124  softdevice_handler.o(i.intern_softdevice_events_execute)
    main                                     0x0001b671   Thumb Code   188  main.o(i.main)
    nrf_drv_common_irq_enable                0x0001b86d   Thumb Code    78  nrf_drv_common.o(i.nrf_drv_common_irq_enable)
    nrf_drv_gpiote_in_event_enable           0x0001b8cd   Thumb Code   138  nrf_drv_gpiote.o(i.nrf_drv_gpiote_in_event_enable)
    nrf_drv_gpiote_in_init                   0x0001b96d   Thumb Code   140  nrf_drv_gpiote.o(i.nrf_drv_gpiote_in_init)
    nrf_drv_gpiote_in_is_set                 0x0001ba09   Thumb Code    16  nrf_drv_gpiote.o(i.nrf_drv_gpiote_in_is_set)
    nrf_drv_gpiote_init                      0x0001ba1d   Thumb Code    76  nrf_drv_gpiote.o(i.nrf_drv_gpiote_init)
    nrf_drv_gpiote_is_init                   0x0001ba71   Thumb Code    12  nrf_drv_gpiote.o(i.nrf_drv_gpiote_is_init)
    pstorage_access_status_get               0x0001bc45   Thumb Code    30  pstorage.o(i.pstorage_access_status_get)
    pstorage_block_identifier_get            0x0001bc6d   Thumb Code    74  pstorage.o(i.pstorage_block_identifier_get)
    pstorage_clear                           0x0001bcc1   Thumb Code   156  pstorage.o(i.pstorage_clear)
    pstorage_init                            0x0001bd95   Thumb Code    68  pstorage.o(i.pstorage_init)
    pstorage_load                            0x0001bde1   Thumb Code   158  pstorage.o(i.pstorage_load)
    pstorage_register                        0x0001be89   Thumb Code   180  pstorage.o(i.pstorage_register)
    pstorage_store                           0x0001bf45   Thumb Code   134  pstorage.o(i.pstorage_store)
    pstorage_sys_event_handler               0x0001bfd5   Thumb Code    72  pstorage.o(i.pstorage_sys_event_handler)
    pstorage_update                          0x0001c021   Thumb Code   134  pstorage.o(i.pstorage_update)
    sensorsim_decrement                      0x0001c1e5   Thumb Code    28  sensorsim.o(i.sensorsim_decrement)
    sensorsim_increment                      0x0001c201   Thumb Code    28  sensorsim.o(i.sensorsim_increment)
    sensorsim_init                           0x0001c21d   Thumb Code    24  sensorsim.o(i.sensorsim_init)
    sensorsim_measure                        0x0001c235   Thumb Code    26  sensorsim.o(i.sensorsim_measure)
    softdevice_assertion_handler             0x0001c471   Thumb Code    12  softdevice_handler.o(i.softdevice_assertion_handler)
    softdevice_ble_evt_handler_set           0x0001c47d   Thumb Code    16  softdevice_handler.o(i.softdevice_ble_evt_handler_set)
    softdevice_handler_init                  0x0001c491   Thumb Code    40  softdevice_handler.o(i.softdevice_handler_init)
    softdevice_sys_evt_handler_set           0x0001c4c1   Thumb Code    16  softdevice_handler.o(i.softdevice_sys_evt_handler_set)
    m_context_init_len                       0x0001cb94   Data           4  device_manager_peripheral.o(.constdata)
    m_service_context_store                  0x0001cb98   Data          16  device_manager_peripheral.o(.constdata)
    m_service_context_load                   0x0001cba8   Data          16  device_manager_peripheral.o(.constdata)
    m_service_context_apply                  0x0001cbb8   Data          16  device_manager_peripheral.o(.constdata)
    Region$$Table$$Base                      0x0001cc08   Number         0  anon$$obj.o(Region$$Table)
    Region$$Table$$Limit                     0x0001cc28   Number         0  anon$$obj.o(Region$$Table)
    SystemCoreClock                          0x20002058   Data           4  system_nrf51.o(.data)
    __initial_sp                             0x200030f0   Data           0  arm_startup_nrf51.o(STACK)



==============================================================================

Memory Map of the image

  Image Entry point : 0x000180c1

  Load Region LR_IROM1 (Base: 0x00018000, Size: 0x00004d88, Max: 0x00028000, ABSOLUTE, COMPRESSED[0x00004c48])

    Execution Region ER_IROM1 (Base: 0x00018000, Size: 0x00004c28, Max: 0x00028000, ABSOLUTE)

    Base Addr    Size         Type   Attr      Idx    E Section Name        Object

    0x00018000   0x000000c0   Data   RO          482    RESET               arm_startup_nrf51.o
    0x000180c0   0x00000000   Code   RO         2365  * .ARM.Collect$$$$00000000  mc_p.l(entry.o)
    0x000180c0   0x00000004   Code   RO         2386    .ARM.Collect$$$$00000001  mc_p.l(entry2.o)
    0x000180c4   0x00000004   Code   RO         2389    .ARM.Collect$$$$00000004  mc_p.l(entry5.o)
    0x000180c8   0x00000000   Code   RO         2391    .ARM.Collect$$$$00000008  mc_p.l(entry7b.o)
    0x000180c8   0x00000000   Code   RO         2393    .ARM.Collect$$$$0000000A  mc_p.l(entry8b.o)
    0x000180c8   0x00000008   Code   RO         2394    .ARM.Collect$$$$0000000B  mc_p.l(entry9a.o)
    0x000180d0   0x00000000   Code   RO         2396    .ARM.Collect$$$$0000000D  mc_p.l(entry10a.o)
    0x000180d0   0x00000000   Code   RO         2398    .ARM.Collect$$$$0000000F  mc_p.l(entry11a.o)
    0x000180d0   0x00000004   Code   RO         2387    .ARM.Collect$$$$00002712  mc_p.l(entry2.o)
    0x000180d4   0x0000001e   Code   RO         2075    .emb_text           app_timer.o
    0x000180f2   0x00000002   PAD
    0x000180f4   0x00000038   Code   RO          483    .text               arm_startup_nrf51.o
    0x0001812c   0x0000002c   Code   RO         2368    .text               mc_p.l(uidiv.o)
    0x00018158   0x00000028   Code   RO         2370    .text               mc_p.l(idiv.o)
    0x00018180   0x00000040   Code   RO         2374    .text               mc_p.l(memmovea.o)
    0x000181c0   0x00000024   Code   RO         2376    .text               mc_p.l(memseta.o)
    0x000181e4   0x0000000e   Code   RO         2378    .text               mc_p.l(strlen.o)
    0x000181f2   0x0000001a   Code   RO         2380    .text               mc_p.l(memcmp.o)
    0x0001820c   0x00000024   Code   RO         2400    .text               mc_p.l(init.o)
    0x00018230   0x0000003a   Code   RO         2410    .text               mc_p.l(__dczerorl.o)
    0x0001826a   0x00000002   PAD
    0x0001826c   0x00000108   Code   RO         1341    i.GPIOTE_IRQHandler  nrf_drv_gpiote.o
    0x00018374   0x00000044   Code   RO         2076    i.NVIC_SetPriority  app_timer.o
    0x000183b8   0x00000020   Code   RO         2077    i.RTC1_IRQHandler   app_timer.o
    0x000183d8   0x00000008   Code   RO         2078    i.SWI0_IRQHandler   app_timer.o
    0x000183e0   0x00000024   Code   RO         2303    i.SWI2_IRQHandler   softdevice_handler.o
    0x00018404   0x00000054   Code   RO          490    i.SystemInit        system_nrf51.o
    0x00018458   0x00000100   Code   RO         1536    i.UART0_IRQHandler  nrf_drv_uart.o
    0x00018558   0x0000001a   Code   RO          143    i.__ARM_common_switch8  main.o
    0x00018572   0x0000000e   Code   RO         2404    i.__scatterload_copy  mc_p.l(handlers.o)
    0x00018580   0x00000002   Code   RO         2405    i.__scatterload_null  mc_p.l(handlers.o)
    0x00018582   0x0000000e   Code   RO         2406    i.__scatterload_zeroinit  mc_p.l(handlers.o)
    0x00018590   0x00000216   Code   RO          524    i.adv_data_encode   ble_advdata.o
    0x000187a6   0x0000004e   Code   RO          443    i.advertising_buttons_configure  bsp_btn_ble.o
    0x000187f4   0x00000070   Code   RO            4    i.advertising_init  main.o
    0x00018864   0x00000018   Code   RO          337    i.alert_timer_handler  bsp.o
    0x0001887c   0x00000024   Code   RO         1940    i.app_button_enable  app_button.o
    0x000188a0   0x00000074   Code   RO         1941    i.app_button_init   app_button.o
    0x00018914   0x00000018   Code   RO         2000    i.app_error_handler  app_error.o
    0x0001892c   0x0000000c   Code   RO          832    i.app_evt_notify    device_manager_peripheral.o
    0x00018938   0x0000002c   Code   RO         1698    i.app_notify        pstorage.o
    0x00018964   0x00000020   Code   RO         1699    i.app_notify_error_state_transit  pstorage.o
    0x00018984   0x0000002c   Code   RO         2081    i.app_timer_create  app_timer.o
    0x000189b0   0x00000090   Code   RO         2082    i.app_timer_init    app_timer.o
    0x00018a40   0x0000007c   Code   RO         2083    i.app_timer_start   app_timer.o
    0x00018abc   0x00000054   Code   RO         2084    i.app_timer_stop    app_timer.o
    0x00018b10   0x0000006c   Code   RO            5    i.application_timers_start  main.o
    0x00018b7c   0x00000130   Code   RO          596    i.battery_level_char_add  ble_bas.o
    0x00018cac   0x00000044   Code   RO            7    i.battery_level_meas_timeout_handler  main.o
    0x00018cf0   0x00000068   Code   RO          525    i.ble_advdata_set   ble_advdata.o
    0x00018d58   0x00000124   Code   RO         1133    i.ble_advertising_init  ble_advertising.o
    0x00018e7c   0x00000074   Code   RO         1134    i.ble_advertising_on_ble_evt  ble_advertising.o
    0x00018ef0   0x00000030   Code   RO         1135    i.ble_advertising_on_sys_evt  ble_advertising.o
    0x00018f20   0x00000010   Code   RO         1137    i.ble_advertising_peer_address_clear  ble_advertising.o
    0x00018f30   0x00000040   Code   RO         1138    i.ble_advertising_restart_without_whitelist  ble_advertising.o
    0x00018f70   0x000001e0   Code   RO         1139    i.ble_advertising_start  ble_advertising.o
    0x00019150   0x00000074   Code   RO          597    i.ble_bas_battery_level_update  ble_bas.o
    0x000191c4   0x00000048   Code   RO          598    i.ble_bas_init      ble_bas.o
    0x0001920c   0x0000005e   Code   RO          599    i.ble_bas_on_ble_evt  ble_bas.o
    0x0001926a   0x00000002   PAD
    0x0001926c   0x00000054   Code   RO          632    i.ble_conn_params_init  ble_conn_params.o
    0x000192c0   0x00000090   Code   RO          633    i.ble_conn_params_on_ble_evt  ble_conn_params.o
    0x00019350   0x0000005e   Code   RO          526    i.ble_device_addr_encode  ble_advdata.o
    0x000193ae   0x00000002   PAD
    0x000193b0   0x00000140   Code   RO          691    i.ble_dis_init      ble_dis.o
    0x000194f0   0x0000006c   Code   RO            8    i.ble_evt_dispatch  main.o
    0x0001955c   0x00000058   Code   RO          724    i.ble_hrs_heart_rate_measurement_send  ble_hrs.o
    0x000195b4   0x0000005c   Code   RO          725    i.ble_hrs_init      ble_hrs.o
    0x00019610   0x00000050   Code   RO          726    i.ble_hrs_on_ble_evt  ble_hrs.o
    0x00019660   0x0000002e   Code   RO          727    i.ble_hrs_rr_interval_add  ble_hrs.o
    0x0001968e   0x00000006   Code   RO          729    i.ble_hrs_sensor_contact_detected_update  ble_hrs.o
    0x00019694   0x00000060   Code   RO         1096    i.ble_lbs_init      ble_lbs.o
    0x000196f4   0x00000034   Code   RO         1097    i.ble_lbs_on_ble_evt  ble_lbs.o
    0x00019728   0x0000002e   Code   RO         1098    i.ble_lbs_on_button_change  ble_lbs.o
    0x00019756   0x00000012   Code   RO          795    i.ble_srv_ascii_to_utf8  ble_srv_common.o
    0x00019768   0x0000000c   Code   RO          796    i.ble_srv_report_ref_encode  ble_srv_common.o
    0x00019774   0x00000068   Code   RO            9    i.ble_stack_init    main.o
    0x000197dc   0x00000084   Code   RO          731    i.body_sensor_location_char_add  ble_hrs.o
    0x00019860   0x00000048   Code   RO          833    i.bond_data_load    device_manager_peripheral.o
    0x000198a8   0x00000054   Code   RO          444    i.bsp_btn_ble_init  bsp_btn_ble.o
    0x000198fc   0x00000088   Code   RO          445    i.bsp_btn_ble_on_ble_evt  bsp_btn_ble.o
    0x00019984   0x00000014   Code   RO          446    i.bsp_btn_ble_sleep_mode_prepare  bsp_btn_ble.o
    0x00019998   0x000000a4   Code   RO          338    i.bsp_button_event_handler  bsp.o
    0x00019a3c   0x0000002c   Code   RO          339    i.bsp_button_is_pressed  bsp.o
    0x00019a68   0x00000058   Code   RO           10    i.bsp_event_handler  main.o
    0x00019ac0   0x00000048   Code   RO          343    i.bsp_event_to_button_action_assign  bsp.o
    0x00019b08   0x0000001c   Code   RO          344    i.bsp_indication_set  bsp.o
    0x00019b24   0x00000008   Code   RO          345    i.bsp_indication_text_set  bsp.o
    0x00019b2c   0x000000a0   Code   RO          346    i.bsp_init          bsp.o
    0x00019bcc   0x000001c8   Code   RO          347    i.bsp_led_indication  bsp.o
    0x00019d94   0x0000003c   Code   RO          348    i.bsp_wakeup_buttons_set  bsp.o
    0x00019dd0   0x000000bc   Code   RO         1099    i.button_char_add   ble_lbs.o
    0x00019e8c   0x0000000c   Code   RO          349    i.button_timer_handler  bsp.o
    0x00019e98   0x0000001c   Code   RO         1342    i.channel_free      nrf_drv_gpiote.o
    0x00019eb4   0x00000048   Code   RO         1343    i.channel_port_alloc  nrf_drv_gpiote.o
    0x00019efc   0x00000010   Code   RO         1344    i.channel_port_get  nrf_drv_gpiote.o
    0x00019f0c   0x0000009c   Code   RO          692    i.char_add          ble_dis.o
    0x00019fa8   0x000000f8   Code   RO         1700    i.clear_operation_execute  pstorage.o
    0x0001a0a0   0x00000024   Code   RO         1701    i.clear_post_processing_run  pstorage.o
    0x0001a0c4   0x00000038   Code   RO         1702    i.cmd_process       pstorage.o
    0x0001a0fc   0x00000020   Code   RO         1703    i.cmd_queue_element_init  pstorage.o
    0x0001a11c   0x0000004c   Code   RO         1704    i.cmd_queue_enqueue  pstorage.o
    0x0001a168   0x0000003c   Code   RO         1705    i.command_end_procedure_run  pstorage.o
    0x0001a1a4   0x000000a8   Code   RO         2086    i.compare_reg_update  app_timer.o
    0x0001a24c   0x00000088   Code   RO          527    i.conn_int_encode   ble_advdata.o
    0x0001a2d4   0x0000000c   Code   RO           11    i.conn_params_error_handler  main.o
    0x0001a2e0   0x00000068   Code   RO          635    i.conn_params_negotiation  ble_conn_params.o
    0x0001a348   0x00000030   Code   RO          834    i.connection_instance_find  device_manager_peripheral.o
    0x0001a378   0x00000024   Code   RO          835    i.connection_instance_init  device_manager_peripheral.o
    0x0001a39c   0x00000054   Code   RO         1706    i.data_page_erase_state_run  pstorage.o
    0x0001a3f0   0x00000028   Code   RO         1707    i.data_to_swap_write_state_run  pstorage.o
    0x0001a418   0x00000060   Code   RO         1943    i.detection_delay_timeout_handler  app_button.o
    0x0001a478   0x000000b4   Code   RO          836    i.device_context_store  device_manager_peripheral.o
    0x0001a52c   0x00000054   Code   RO          837    i.device_instance_allocate  device_manager_peripheral.o
    0x0001a580   0x00000048   Code   RO          838    i.device_instance_find  device_manager_peripheral.o
    0x0001a5c8   0x0000002c   Code   RO          839    i.device_instance_free  device_manager_peripheral.o
    0x0001a5f4   0x00000012   Code   RO           12    i.device_manager_evt_handler  main.o
    0x0001a606   0x00000002   PAD
    0x0001a608   0x00000074   Code   RO           13    i.device_manager_init  main.o
    0x0001a67c   0x000003d8   Code   RO          844    i.dm_ble_evt_handler  device_manager_peripheral.o
    0x0001aa54   0x0000001c   Code   RO          850    i.dm_handle_initialize  device_manager_peripheral.o
    0x0001aa70   0x000000c4   Code   RO          851    i.dm_init           device_manager_peripheral.o
    0x0001ab34   0x00000188   Code   RO          854    i.dm_pstorage_cb_handler  device_manager_peripheral.o
    0x0001acbc   0x00000074   Code   RO          855    i.dm_register       device_manager_peripheral.o
    0x0001ad30   0x00000040   Code   RO         2087    i.elapsed_ticks_acquire  app_timer.o
    0x0001ad70   0x00000020   Code   RO         1708    i.flash_api_err_code_process  pstorage.o
    0x0001ad90   0x00000080   Code   RO         1709    i.flash_operation_success_run  pstorage.o
    0x0001ae10   0x0000000a   Code   RO         1710    i.flash_page_erase  pstorage.o
    0x0001ae1a   0x0000000a   Code   RO         1711    i.flash_write       pstorage.o
    0x0001ae24   0x00000068   Code   RO           14    i.gap_params_init   main.o
    0x0001ae8c   0x00000004   Code   RO          862    i.gattc_context_apply  device_manager_peripheral.o
    0x0001ae90   0x00000004   Code   RO          863    i.gattc_context_load  device_manager_peripheral.o
    0x0001ae94   0x00000004   Code   RO          864    i.gattc_context_store  device_manager_peripheral.o
    0x0001ae98   0x000000b0   Code   RO          865    i.gatts_context_apply  device_manager_peripheral.o
    0x0001af48   0x00000030   Code   RO          866    i.gatts_context_load  device_manager_peripheral.o
    0x0001af78   0x000000ac   Code   RO          867    i.gatts_context_store  device_manager_peripheral.o
    0x0001b024   0x00000008   Code   RO          868    i.gattsc_context_apply  device_manager_peripheral.o
    0x0001b02c   0x00000008   Code   RO          869    i.gattsc_context_load  device_manager_peripheral.o
    0x0001b034   0x00000008   Code   RO          870    i.gattsc_context_store  device_manager_peripheral.o
    0x0001b03c   0x00000054   Code   RO         1944    i.gpiote_event_handler  app_button.o
    0x0001b090   0x00000078   Code   RO         1712    i.head_restore_state_run  pstorage.o
    0x0001b108   0x00000060   Code   RO           15    i.heart_rate_meas_timeout_handler  main.o
    0x0001b168   0x000000ac   Code   RO          732    i.heart_rate_measurement_char_add  ble_hrs.o
    0x0001b214   0x00000088   Code   RO          733    i.hrm_encode        ble_hrs.o
    0x0001b29c   0x00000080   Code   RO         2304    i.intern_softdevice_events_execute  softdevice_handler.o
    0x0001b31c   0x0000001c   Code   RO          636    i.is_conn_params_ok  ble_conn_params.o
    0x0001b338   0x00000048   Code   RO          491    i.is_manual_peripheral_setup_needed  system_nrf51.o
    0x0001b380   0x00000044   Code   RO         1713    i.is_page_erase_required  pstorage.o
    0x0001b3c4   0x0000000c   Code   RO         1714    i.is_word_aligned   pstorage.o
    0x0001b3d0   0x00000054   Code   RO          528    i.le_role_encode    ble_advdata.o
    0x0001b424   0x000000a4   Code   RO         1100    i.led_char_add      ble_lbs.o
    0x0001b4c8   0x00000018   Code   RO          350    i.leds_timer_handler  bsp.o
    0x0001b4e0   0x000000bc   Code   RO         2088    i.list_deletions_handler  app_timer.o
    0x0001b59c   0x000000d4   Code   RO         2089    i.list_insertions_handler  app_timer.o
    0x0001b670   0x000000d0   Code   RO           16    i.main              main.o
    0x0001b740   0x00000018   Code   RO         1715    i.main_state_err_busy_process  pstorage.o
    0x0001b758   0x00000068   Code   RO          529    i.manuf_specific_data_encode  ble_advdata.o
    0x0001b7c0   0x0000009e   Code   RO          530    i.name_encode       ble_advdata.o
    0x0001b85e   0x00000004   Code   RO          871    i.no_service_context_apply  device_manager_peripheral.o
    0x0001b862   0x00000004   Code   RO          872    i.no_service_context_load  device_manager_peripheral.o
    0x0001b866   0x00000004   Code   RO          873    i.no_service_context_store  device_manager_peripheral.o
    0x0001b86a   0x00000002   PAD
    0x0001b86c   0x00000060   Code   RO         1315    i.nrf_drv_common_irq_enable  nrf_drv_common.o
    0x0001b8cc   0x000000a0   Code   RO         1347    i.nrf_drv_gpiote_in_event_enable  nrf_drv_gpiote.o
    0x0001b96c   0x0000009c   Code   RO         1348    i.nrf_drv_gpiote_in_init  nrf_drv_gpiote.o
    0x0001ba08   0x00000014   Code   RO         1349    i.nrf_drv_gpiote_in_is_set  nrf_drv_gpiote.o
    0x0001ba1c   0x00000054   Code   RO         1351    i.nrf_drv_gpiote_init  nrf_drv_gpiote.o
    0x0001ba70   0x00000010   Code   RO         1352    i.nrf_drv_gpiote_is_init  nrf_drv_gpiote.o
    0x0001ba80   0x00000024   Code   RO         1364    i.nrf_gpio_cfg      nrf_drv_gpiote.o
    0x0001baa4   0x00000020   Code   RO         1366    i.nrf_gpio_cfg_sense_set  nrf_drv_gpiote.o
    0x0001bac4   0x00000014   Code   RO         1367    i.nrf_gpiote_event_is_set  nrf_drv_gpiote.o
    0x0001bad8   0x0000000c   Code   RO         1550    i.nrf_uart_errorsrc_get_and_clear  nrf_drv_uart.o
    0x0001bae4   0x0000000a   Code   RO         1551    i.nrf_uart_event_check  nrf_drv_uart.o
    0x0001baee   0x00000010   Code   RO         1553    i.nrf_uart_int_enable_check  nrf_drv_uart.o
    0x0001bafe   0x00000024   Code   RO           17    i.on_adv_evt        main.o
    0x0001bb22   0x00000002   PAD
    0x0001bb24   0x00000024   Code   RO           18    i.on_conn_params_evt  main.o
    0x0001bb48   0x00000020   Code   RO           19    i.on_led_char_write  main.o
    0x0001bb68   0x00000016   Code   RO         1141    i.peer_address_exists  ble_advertising.o
    0x0001bb7e   0x00000002   PAD
    0x0001bb80   0x00000040   Code   RO          874    i.peer_instance_init  device_manager_peripheral.o
    0x0001bbc0   0x00000014   Code   RO         1368    i.pin_in_use_by_gpiote  nrf_drv_gpiote.o
    0x0001bbd4   0x00000018   Code   RO         1369    i.pin_in_use_by_port  nrf_drv_gpiote.o
    0x0001bbec   0x00000018   Code   RO         1370    i.pin_in_use_by_te  nrf_drv_gpiote.o
    0x0001bc04   0x0000003e   Code   RO          693    i.pnp_id_encode     ble_dis.o
    0x0001bc42   0x00000002   PAD
    0x0001bc44   0x00000028   Code   RO         1716    i.pstorage_access_status_get  pstorage.o
    0x0001bc6c   0x00000054   Code   RO         1717    i.pstorage_block_identifier_get  pstorage.o
    0x0001bcc0   0x000000a4   Code   RO         1718    i.pstorage_clear    pstorage.o
    0x0001bd64   0x00000024   Code   RO         1719    i.pstorage_flash_page_end  pstorage.o
    0x0001bd88   0x0000000a   Code   RO         1720    i.pstorage_flash_page_size  pstorage.o
    0x0001bd92   0x00000002   PAD
    0x0001bd94   0x0000004c   Code   RO         1721    i.pstorage_init     pstorage.o
    0x0001bde0   0x000000a8   Code   RO         1722    i.pstorage_load     pstorage.o
    0x0001be88   0x000000bc   Code   RO         1723    i.pstorage_register  pstorage.o
    0x0001bf44   0x00000090   Code   RO         1724    i.pstorage_store    pstorage.o
    0x0001bfd4   0x0000004c   Code   RO         1725    i.pstorage_sys_event_handler  pstorage.o
    0x0001c020   0x00000090   Code   RO         1726    i.pstorage_update   pstorage.o
    0x0001c0b0   0x00000028   Code   RO           20    i.rr_interval_timeout_handler  main.o
    0x0001c0d8   0x00000044   Code   RO         2090    i.rtc1_stop         app_timer.o
    0x0001c11c   0x0000002c   Code   RO         1555    i.rx_byte           nrf_drv_uart.o
    0x0001c148   0x00000020   Code   RO         1556    i.rx_done_event     nrf_drv_uart.o
    0x0001c168   0x0000001c   Code   RO           21    i.sensor_contact_detected_timeout_handler  main.o
    0x0001c184   0x00000060   Code   RO           22    i.sensor_simulator_init  main.o
    0x0001c1e4   0x0000001c   Code   RO         2272    i.sensorsim_decrement  sensorsim.o
    0x0001c200   0x0000001c   Code   RO         2273    i.sensorsim_increment  sensorsim.o
    0x0001c21c   0x00000018   Code   RO         2274    i.sensorsim_init    sensorsim.o
    0x0001c234   0x0000001a   Code   RO         2275    i.sensorsim_measure  sensorsim.o
    0x0001c24e   0x0000008e   Code   RO          531    i.service_data_encode  ble_advdata.o
    0x0001c2dc   0x00000118   Code   RO           23    i.services_init     main.o
    0x0001c3f4   0x00000034   Code   RO           24    i.sleep_mode_enter  main.o
    0x0001c428   0x00000048   Code   RO         1727    i.sm_state_change   pstorage.o
    0x0001c470   0x0000000c   Code   RO         2305    i.softdevice_assertion_handler  softdevice_handler.o
    0x0001c47c   0x00000014   Code   RO         2306    i.softdevice_ble_evt_handler_set  softdevice_handler.o
    0x0001c490   0x00000030   Code   RO         2307    i.softdevice_handler_init  softdevice_handler.o
    0x0001c4c0   0x00000014   Code   RO         2310    i.softdevice_sys_evt_handler_set  softdevice_handler.o
    0x0001c4d4   0x00000064   Code   RO         1728    i.state_data_erase_swap_entry_run  pstorage.o
    0x0001c538   0x00000010   Code   RO         1729    i.state_erase_data_page_entry_run  pstorage.o
    0x0001c548   0x00000028   Code   RO         1730    i.state_restore_head_entry_run  pstorage.o
    0x0001c570   0x0000004c   Code   RO         1731    i.state_restore_tail_entry_run  pstorage.o
    0x0001c5bc   0x00000020   Code   RO         1732    i.state_swap_erase_entry_run  pstorage.o
    0x0001c5dc   0x00000030   Code   RO         1733    i.state_write_data_swap_entry_run  pstorage.o
    0x0001c60c   0x00000004   Code   RO          875    i.storage_operation_dummy_handler  device_manager_peripheral.o
    0x0001c610   0x0000005c   Code   RO         1734    i.store_cmd_flash_write_execute  pstorage.o
    0x0001c66c   0x0000001c   Code   RO         1735    i.swap_erase_state_run  pstorage.o
    0x0001c688   0x00000018   Code   RO         1736    i.swap_sub_state_err_busy_process  pstorage.o
    0x0001c6a0   0x00000014   Code   RO         1737    i.swap_sub_state_state_change  pstorage.o
    0x0001c6b4   0x00000010   Code   RO           25    i.sys_evt_dispatch  main.o
    0x0001c6c4   0x00000056   Code   RO          694    i.sys_id_encode     ble_dis.o
    0x0001c71a   0x00000002   PAD
    0x0001c71c   0x0000001c   Code   RO         1738    i.tail_restore_state_run  pstorage.o
    0x0001c738   0x00000084   Code   RO         2091    i.timer_list_handler  app_timer.o
    0x0001c7bc   0x00000010   Code   RO         2092    i.timer_list_handler_sched  app_timer.o
    0x0001c7cc   0x00000040   Code   RO         2093    i.timer_list_insert  app_timer.o
    0x0001c80c   0x00000084   Code   RO         2094    i.timer_timeouts_check  app_timer.o
    0x0001c890   0x00000094   Code   RO           26    i.timers_init       main.o
    0x0001c924   0x0000002c   Code   RO         1558    i.tx_byte           nrf_drv_uart.o
    0x0001c950   0x00000020   Code   RO         1559    i.tx_done_event     nrf_drv_uart.o
    0x0001c970   0x0000000a   Code   RO          532    i.uint16_encode     ble_advdata.o
    0x0001c97a   0x00000002   PAD
    0x0001c97c   0x00000014   Code   RO          876    i.update_status_bit_reset  device_manager_peripheral.o
    0x0001c990   0x00000064   Code   RO          637    i.update_timeout_handler  ble_conn_params.o
    0x0001c9f4   0x00000054   Code   RO         2095    i.user_id_get       app_timer.o
    0x0001ca48   0x00000026   Code   RO         2096    i.user_op_alloc     app_timer.o
    0x0001ca6e   0x00000030   Code   RO          533    i.uuid_list_encode  ble_advdata.o
    0x0001ca9e   0x000000ae   Code   RO          534    i.uuid_list_sized_encode  ble_advdata.o
    0x0001cb4c   0x00000010   Code   RO         1142    i.whitelist_has_entries  ble_advertising.o
    0x0001cb5c   0x00000010   Data   RO           32    .constdata          main.o
    0x0001cb6c   0x00000024   Data   RO          354    .constdata          bsp.o
    0x0001cb90   0x00000004   Data   RO          640    .constdata          ble_conn_params.o
    0x0001cb94   0x00000034   Data   RO          878    .constdata          device_manager_peripheral.o
    0x0001cbc8   0x00000010   Data   RO         1101    .constdata          ble_lbs.o
    0x0001cbd8   0x00000028   Data   RO         1740    .constdata          pstorage.o
    0x0001cc00   0x00000008   Data   RO         1946    .constdata          app_button.o
    0x0001cc08   0x00000020   Data   RO         2402    Region$$Table       anon$$obj.o


    Execution Region RW_IRAM1 (Base: 0x20002000, Size: 0x000010f0, Max: 0x00002000, ABSOLUTE, COMPRESSED[0x00000020])

    Base Addr    Size         Type   Attr      Idx    E Section Name        Object

    0x20002000   0x00000034   Data   RW           33    .data               main.o
    0x20002034   0x0000001a   Data   RW          355    .data               bsp.o
    0x2000204e   0x00000002   PAD
    0x20002050   0x00000008   Data   RW          447    .data               bsp_btn_ble.o
    0x20002058   0x00000004   Data   RW          492    .data               system_nrf51.o
    0x2000205c   0x00000014   Data   RW          641    .data               ble_conn_params.o
    0x20002070   0x0000004a   Data   RW          695    .data               ble_dis.o
    0x200020ba   0x00000002   PAD
    0x200020bc   0x00000018   Data   RW          879    .data               device_manager_peripheral.o
    0x200020d4   0x0000001f   Data   RW         1144    .data               ble_advertising.o
    0x200020f3   0x00000001   PAD
    0x200020f4   0x00000024   Data   RW         1741    .data               pstorage.o
    0x20002118   0x00000014   Data   RW         1947    .data               app_button.o
    0x2000212c   0x00000020   Data   RW         2097    .data               app_timer.o
    0x2000214c   0x00000014   Data   RW         2311    .data               softdevice_handler.o
    0x20002160   0x00000020   Zero   RW           27    .bss                main.o
    0x20002180   0x00000020   Zero   RW           28    .bss                main.o
    0x200021a0   0x00000020   Zero   RW           29    .bss                main.o
    0x200021c0   0x00000020   Zero   RW           30    .bss                main.o
    0x200021e0   0x000002c4   Zero   RW           31    .bss                main.o
    0x200024a4   0x00000020   Zero   RW          351    .bss                bsp.o
    0x200024c4   0x00000020   Zero   RW          352    .bss                bsp.o
    0x200024e4   0x00000020   Zero   RW          353    .bss                bsp.o
    0x20002504   0x00000020   Zero   RW          638    .bss                ble_conn_params.o
    0x20002524   0x0000001c   Zero   RW          639    .bss                ble_conn_params.o
    0x20002540   0x0000014f   Zero   RW          877    .bss                device_manager_peripheral.o
    0x2000268f   0x00000001   PAD
    0x20002690   0x00000103   Zero   RW         1143    .bss                ble_advertising.o
    0x20002793   0x00000001   PAD
    0x20002794   0x00000048   Zero   RW         1371    .bss                nrf_drv_gpiote.o
    0x200027dc   0x00000018   Zero   RW         1560    .bss                nrf_drv_uart.o
    0x200027f4   0x000000d8   Zero   RW         1739    .bss                pstorage.o
    0x200028cc   0x00000020   Zero   RW         1945    .bss                app_button.o
    0x200028ec   0x00000004   PAD
    0x200028f0   0x00000800   Zero   RW          480    STACK               arm_startup_nrf51.o


==============================================================================

Image component sizes


      Code (inc. data)   RO Data    RW Data    ZI Data      Debug   Object Name

       332         34          8         20         32       8286   app_button.o
        24          8          0          0          0       6716   app_error.o
      1700        152          0         32          0      25011   app_timer.o
        56         18        192          0       2048        684   arm_startup_nrf51.o
      1588          6          0          0          0      16220   ble_advdata.o
      1054         40          0         31        259       7741   ble_advertising.o
       586         20          0          0          0      11891   ble_bas.o
       460         58          4         20         60       5968   ble_conn_params.o
       624         16          0         74          0       4759   ble_dis.o
       752         22          0          0          0       9229   ble_hrs.o
       546         52         16          0          0       4499   ble_lbs.o
        30          0          0          0          0       1872   ble_srv_common.o
      1052        118         36         26         96       8931   bsp.o
       318          8          0          8          0       4497   bsp_btn_ble.o
      2796        212         52         24        335      25953   device_manager_peripheral.o
      1932        226         16         52        836     106963   main.o
        96         18          0          0          0       7400   nrf_drv_common.o
       972        130          0          0         72      20016   nrf_drv_gpiote.o
       446         50          0          0         24      12471   nrf_drv_uart.o
      2818        264         40         36        216      33602   pstorage.o
       106          0          0          0          0       2779   sensorsim.o
       264         24          0         20          0       5896   softdevice_handler.o
       156         26          0          4          0       2071   system_nrf51.o

    ----------------------------------------------------------------------
     18730       1502        396        352       3984     333455   Object Totals
         0          0         32          0          0          0   (incl. Generated)
        22          0          0          5          6          0   (incl. Padding)

    ----------------------------------------------------------------------

      Code (inc. data)   RO Data    RW Data    ZI Data      Debug   Library Member Name

        58          0          0          0          0          0   __dczerorl.o
         0          0          0          0          0          0   entry.o
         0          0          0          0          0          0   entry10a.o
         0          0          0          0          0          0   entry11a.o
         8          4          0          0          0          0   entry2.o
         4          0          0          0          0          0   entry5.o
         0          0          0          0          0          0   entry7b.o
         0          0          0          0          0          0   entry8b.o
         8          4          0          0          0          0   entry9a.o
        30          0          0          0          0          0   handlers.o
        40          0          0          0          0         72   idiv.o
        36          8          0          0          0         68   init.o
        26          0          0          0          0         72   memcmp.o
        64          0          0          0          0         68   memmovea.o
        36          0          0          0          0        100   memseta.o
        14          0          0          0          0         60   strlen.o
        44          0          0          0          0         72   uidiv.o

    ----------------------------------------------------------------------
       370         16          0          0          0        512   Library Totals
         2          0          0          0          0          0   (incl. Padding)

    ----------------------------------------------------------------------

      Code (inc. data)   RO Data    RW Data    ZI Data      Debug   Library Name

       368         16          0          0          0        512   mc_p.l

    ----------------------------------------------------------------------
       370         16          0          0          0        512   Library Totals

    ----------------------------------------------------------------------

==============================================================================


      Code (inc. data)   RO Data    RW Data    ZI Data      Debug   

     19100       1518        396        352       3984     324447   Grand Totals
     19100       1518        396         32       3984     324447   ELF Image Totals (compressed)
     19100       1518        396         32          0          0   ROM Totals

==============================================================================

    Total RO  Size (Code + RO Data)                19496 (  19.04kB)
    Total RW  Size (RW Data + ZI Data)              4336 (   4.23kB)
    Total ROM Size (Code + RO Data + RW Data)      19528 (  19.07kB)

==============================================================================

